<?xml version="1.0" encoding="ISO-8859-1" ?>
<link_info>
   <banner>TI ARM Linker PC v20.2.5.LTS</banner>
   <copyright>Copyright (c) 1996-2018 Texas Instruments Incorporated</copyright>
   <link_time>0x60a1e1d6</link_time>
   <link_errors>0x0</link_errors>
   <output_file>pwmled2_CC3220S_LAUNCHXL_nortos_ccs.out</output_file>
   <entry_point>
      <name>resetISR</name>
      <address>0x2000e54d</address>
   </entry_point>
   <input_file_list>
      <input_file id="fl-2">
         <path>.\</path>
         <kind>object</kind>
         <file>main_nortos.obj</file>
         <name>main_nortos.obj</name>
      </input_file>
      <input_file id="fl-3">
         <path>.\</path>
         <kind>object</kind>
         <file>pwmled2.obj</file>
         <name>pwmled2.obj</name>
      </input_file>
      <input_file id="fl-4">
         <path>.\syscfg\</path>
         <kind>object</kind>
         <file>ti_drivers_config.obj</file>
         <name>ti_drivers_config.obj</name>
      </input_file>
      <input_file id="fl-d">
         <kind>object</kind>
         <file>&lt;internal&gt;</file>
         <name>&lt;internal&gt;</name>
      </input_file>
      <input_file id="fl-e">
         <path>E:\ti\ccs1031\simplelink_cc32xx_sdk_5_10_00_02\source\ti\drivers\lib\ccs\m4\</path>
         <kind>archive</kind>
         <file>drivers_cc32xx.a</file>
         <name>PWM.oem4</name>
      </input_file>
      <input_file id="fl-f">
         <path>E:\ti\ccs1031\simplelink_cc32xx_sdk_5_10_00_02\source\ti\drivers\lib\ccs\m4\</path>
         <kind>archive</kind>
         <file>drivers_cc32xx.a</file>
         <name>PowerCC32XX.oem4</name>
      </input_file>
      <input_file id="fl-10">
         <path>E:\ti\ccs1031\simplelink_cc32xx_sdk_5_10_00_02\source\ti\drivers\lib\ccs\m4\</path>
         <kind>archive</kind>
         <file>drivers_cc32xx.a</file>
         <name>PowerCC32XX_asm.oem4</name>
      </input_file>
      <input_file id="fl-11">
         <path>E:\ti\ccs1031\simplelink_cc32xx_sdk_5_10_00_02\source\ti\drivers\lib\ccs\m4\</path>
         <kind>archive</kind>
         <file>drivers_cc32xx.a</file>
         <name>PWMTimerCC32XX.oem4</name>
      </input_file>
      <input_file id="fl-12">
         <path>E:\ti\ccs1031\simplelink_cc32xx_sdk_5_10_00_02\source\ti\drivers\lib\ccs\m4\</path>
         <kind>archive</kind>
         <file>drivers_cc32xx.a</file>
         <name>TimerCC32XX.oem4</name>
      </input_file>
      <input_file id="fl-13">
         <path>E:\ti\ccs1031\simplelink_cc32xx_sdk_5_10_00_02\source\ti\drivers\lib\ccs\m4\</path>
         <kind>archive</kind>
         <file>drivers_cc32xx.a</file>
         <name>Timer.oem4</name>
      </input_file>
      <input_file id="fl-14">
         <path>E:\ti\ccs1031\simplelink_cc32xx_sdk_5_10_00_02\source\ti\drivers\lib\ccs\m4\</path>
         <kind>archive</kind>
         <file>drivers_cc32xx.a</file>
         <name>List.oem4</name>
      </input_file>
      <input_file id="fl-15">
         <path>E:\ti\ccs1031\simplelink_cc32xx_sdk_5_10_00_02\kernel\nortos\lib\ccs\m4\</path>
         <kind>archive</kind>
         <file>nortos_cc32xx.a</file>
         <name>posix_sleep.oem4</name>
      </input_file>
      <input_file id="fl-16">
         <path>E:\ti\ccs1031\simplelink_cc32xx_sdk_5_10_00_02\kernel\nortos\lib\ccs\m4\</path>
         <kind>archive</kind>
         <file>nortos_cc32xx.a</file>
         <name>NoRTOS.oem4</name>
      </input_file>
      <input_file id="fl-17">
         <path>E:\ti\ccs1031\simplelink_cc32xx_sdk_5_10_00_02\kernel\nortos\lib\ccs\m4\</path>
         <kind>archive</kind>
         <file>nortos_cc32xx.a</file>
         <name>SemaphoreP_nortos.oem4</name>
      </input_file>
      <input_file id="fl-18">
         <path>E:\ti\ccs1031\simplelink_cc32xx_sdk_5_10_00_02\kernel\nortos\lib\ccs\m4\</path>
         <kind>archive</kind>
         <file>nortos_cc32xx.a</file>
         <name>ClockPSysTick_nortos.oem4</name>
      </input_file>
      <input_file id="fl-19">
         <path>E:\ti\ccs1031\simplelink_cc32xx_sdk_5_10_00_02\kernel\nortos\lib\ccs\m4\</path>
         <kind>archive</kind>
         <file>nortos_cc32xx.a</file>
         <name>HwiPCC32XX_nortos.oem4</name>
      </input_file>
      <input_file id="fl-1a">
         <path>E:\ti\ccs1031\simplelink_cc32xx_sdk_5_10_00_02\kernel\nortos\lib\ccs\m4\</path>
         <kind>archive</kind>
         <file>nortos_cc32xx.a</file>
         <name>PowerCC32XX_nortos.oem4</name>
      </input_file>
      <input_file id="fl-1b">
         <path>E:\ti\ccs1031\simplelink_cc32xx_sdk_5_10_00_02\kernel\nortos\lib\ccs\m4\</path>
         <kind>archive</kind>
         <file>nortos_cc32xx.a</file>
         <name>startup_cc32xx_ccs.oem4</name>
      </input_file>
      <input_file id="fl-1c">
         <path>E:\ti\ccs1031\simplelink_cc32xx_sdk_5_10_00_02\kernel\nortos\lib\ccs\m4\</path>
         <kind>archive</kind>
         <file>nortos_cc32xx.a</file>
         <name>SwiP_nortos.oem4</name>
      </input_file>
      <input_file id="fl-1d">
         <path>E:\ti\ccs1031\simplelink_cc32xx_sdk_5_10_00_02\kernel\nortos\lib\ccs\m4\</path>
         <kind>archive</kind>
         <file>nortos_cc32xx.a</file>
         <name>QueueP_nortos.oem4</name>
      </input_file>
      <input_file id="fl-1e">
         <path>E:\ti\ccs1031\simplelink_cc32xx_sdk_5_10_00_02\source\ti\devices\cc32xx\driverlib\ccs\Release\</path>
         <kind>archive</kind>
         <file>driverlib.a</file>
         <name>cpu.obj</name>
      </input_file>
      <input_file id="fl-1f">
         <path>E:\ti\ccs1031\simplelink_cc32xx_sdk_5_10_00_02\source\ti\devices\cc32xx\driverlib\ccs\Release\</path>
         <kind>archive</kind>
         <file>driverlib.a</file>
         <name>interrupt.obj</name>
      </input_file>
      <input_file id="fl-20">
         <path>E:\ti\ccs1031\simplelink_cc32xx_sdk_5_10_00_02\source\ti\devices\cc32xx\driverlib\ccs\Release\</path>
         <kind>archive</kind>
         <file>driverlib.a</file>
         <name>pin.obj</name>
      </input_file>
      <input_file id="fl-21">
         <path>E:\ti\ccs1031\simplelink_cc32xx_sdk_5_10_00_02\source\ti\devices\cc32xx\driverlib\ccs\Release\</path>
         <kind>archive</kind>
         <file>driverlib.a</file>
         <name>prcm.obj</name>
      </input_file>
      <input_file id="fl-22">
         <path>E:\ti\ccs1031\simplelink_cc32xx_sdk_5_10_00_02\source\ti\devices\cc32xx\driverlib\ccs\Release\</path>
         <kind>archive</kind>
         <file>driverlib.a</file>
         <name>timer.obj</name>
      </input_file>
      <input_file id="fl-23">
         <path>E:\ti\ccs1031\simplelink_cc32xx_sdk_5_10_00_02\source\ti\devices\cc32xx\driverlib\ccs\Release\</path>
         <kind>archive</kind>
         <file>driverlib.a</file>
         <name>utils.obj</name>
      </input_file>
      <input_file id="fl-24">
         <path>E:\ti\ccs1031\simplelink_cc32xx_sdk_5_10_00_02\source\ti\devices\cc32xx\driverlib\ccs\Release\</path>
         <kind>archive</kind>
         <file>driverlib.a</file>
         <name>flash.obj</name>
      </input_file>
      <input_file id="fl-da">
         <path>E:\ti\ccs1031\ccs\tools\compiler\ti-cgt-arm_20.2.5.LTS\lib\</path>
         <kind>archive</kind>
         <file>rtsv7M4_T_le_eabi.lib</file>
         <name>fd_mul_t2.asm.obj</name>
      </input_file>
      <input_file id="fl-db">
         <path>E:\ti\ccs1031\ccs\tools\compiler\ti-cgt-arm_20.2.5.LTS\lib\</path>
         <kind>archive</kind>
         <file>rtsv7M4_T_le_eabi.lib</file>
         <name>fd_tou_t2.asm.obj</name>
      </input_file>
      <input_file id="fl-dc">
         <path>E:\ti\ccs1031\ccs\tools\compiler\ti-cgt-arm_20.2.5.LTS\lib\</path>
         <kind>archive</kind>
         <file>rtsv7M4_T_le_eabi.lib</file>
         <name>ll_mul_t2.asm.obj</name>
      </input_file>
      <input_file id="fl-dd">
         <path>E:\ti\ccs1031\ccs\tools\compiler\ti-cgt-arm_20.2.5.LTS\lib\</path>
         <kind>archive</kind>
         <file>rtsv7M4_T_le_eabi.lib</file>
         <name>memcpy_t2.asm.obj</name>
      </input_file>
      <input_file id="fl-de">
         <path>E:\ti\ccs1031\ccs\tools\compiler\ti-cgt-arm_20.2.5.LTS\lib\</path>
         <kind>archive</kind>
         <file>rtsv7M4_T_le_eabi.lib</file>
         <name>u_tofd_t2.asm.obj</name>
      </input_file>
      <input_file id="fl-df">
         <path>E:\ti\ccs1031\ccs\tools\compiler\ti-cgt-arm_20.2.5.LTS\lib\</path>
         <kind>archive</kind>
         <file>rtsv7M4_T_le_eabi.lib</file>
         <name>ull_div_t2.asm.obj</name>
      </input_file>
      <input_file id="fl-e0">
         <path>E:\ti\ccs1031\ccs\tools\compiler\ti-cgt-arm_20.2.5.LTS\lib\</path>
         <kind>archive</kind>
         <file>rtsv7M4_T_le_eabi.lib</file>
         <name>copy_zero_init.c.obj</name>
      </input_file>
      <input_file id="fl-e1">
         <path>E:\ti\ccs1031\ccs\tools\compiler\ti-cgt-arm_20.2.5.LTS\lib\</path>
         <kind>archive</kind>
         <file>rtsv7M4_T_le_eabi.lib</file>
         <name>copy_decompress_none.c.obj</name>
      </input_file>
      <input_file id="fl-e2">
         <path>E:\ti\ccs1031\ccs\tools\compiler\ti-cgt-arm_20.2.5.LTS\lib\</path>
         <kind>archive</kind>
         <file>rtsv7M4_T_le_eabi.lib</file>
         <name>copy_decompress_lzss.c.obj</name>
      </input_file>
      <input_file id="fl-e3">
         <path>E:\ti\ccs1031\ccs\tools\compiler\ti-cgt-arm_20.2.5.LTS\lib\</path>
         <kind>archive</kind>
         <file>rtsv7M4_T_le_eabi.lib</file>
         <name>memory.c.obj</name>
      </input_file>
      <input_file id="fl-e4">
         <path>E:\ti\ccs1031\ccs\tools\compiler\ti-cgt-arm_20.2.5.LTS\lib\</path>
         <kind>archive</kind>
         <file>rtsv7M4_T_le_eabi.lib</file>
         <name>boot_cortex_m.c.obj</name>
      </input_file>
      <input_file id="fl-e5">
         <path>E:\ti\ccs1031\ccs\tools\compiler\ti-cgt-arm_20.2.5.LTS\lib\</path>
         <kind>archive</kind>
         <file>rtsv7M4_T_le_eabi.lib</file>
         <name>div0.asm.obj</name>
      </input_file>
      <input_file id="fl-e6">
         <path>E:\ti\ccs1031\ccs\tools\compiler\ti-cgt-arm_20.2.5.LTS\lib\</path>
         <kind>archive</kind>
         <file>rtsv7M4_T_le_eabi.lib</file>
         <name>memset_t2.asm.obj</name>
      </input_file>
      <input_file id="fl-e7">
         <path>E:\ti\ccs1031\ccs\tools\compiler\ti-cgt-arm_20.2.5.LTS\lib\</path>
         <kind>archive</kind>
         <file>rtsv7M4_T_le_eabi.lib</file>
         <name>autoinit.c.obj</name>
      </input_file>
      <input_file id="fl-e8">
         <path>E:\ti\ccs1031\ccs\tools\compiler\ti-cgt-arm_20.2.5.LTS\lib\</path>
         <kind>archive</kind>
         <file>rtsv7M4_T_le_eabi.lib</file>
         <name>pre_init.c.obj</name>
      </input_file>
      <input_file id="fl-e9">
         <path>E:\ti\ccs1031\ccs\tools\compiler\ti-cgt-arm_20.2.5.LTS\lib\</path>
         <kind>archive</kind>
         <file>rtsv7M4_T_le_eabi.lib</file>
         <name>cpy_tbl.c.obj</name>
      </input_file>
      <input_file id="fl-ea">
         <path>E:\ti\ccs1031\ccs\tools\compiler\ti-cgt-arm_20.2.5.LTS\lib\</path>
         <kind>archive</kind>
         <file>rtsv7M4_T_le_eabi.lib</file>
         <name>exit.c.obj</name>
      </input_file>
      <input_file id="fl-eb">
         <path>E:\ti\ccs1031\ccs\tools\compiler\ti-cgt-arm_20.2.5.LTS\lib\</path>
         <kind>archive</kind>
         <file>rtsv7M4_T_le_eabi.lib</file>
         <name>_lock.c.obj</name>
      </input_file>
      <input_file id="fl-ec">
         <path>E:\ti\ccs1031\ccs\tools\compiler\ti-cgt-arm_20.2.5.LTS\lib\</path>
         <kind>archive</kind>
         <file>rtsv7M4_T_le_eabi.lib</file>
         <name>args_main.c.obj</name>
      </input_file>
   </input_file_list>
   <object_component_list>
      <object_component id="oc-1a9">
         <name>.text:PRCMCC3200MCUInit</name>
         <load_address>0x2000c040</load_address>
         <run_address>0x2000c040</run_address>
         <size>0x42c</size>
         <input_file_ref idref="fl-21"/>
      </object_component>
      <object_component id="oc-2fd">
         <name>.text:PowerCC32XX_sleepPolicy</name>
         <load_address>0x2000c46c</load_address>
         <run_address>0x2000c46c</run_address>
         <size>0x19c</size>
         <input_file_ref idref="fl-1a"/>
      </object_component>
      <object_component id="oc-15e">
         <name>.text:mainThread</name>
         <load_address>0x2000c608</load_address>
         <run_address>0x2000c608</run_address>
         <size>0x16c</size>
         <input_file_ref idref="fl-3"/>
      </object_component>
      <object_component id="oc-441">
         <name>.text:parkPins</name>
         <load_address>0x2000c774</load_address>
         <run_address>0x2000c774</run_address>
         <size>0x148</size>
         <input_file_ref idref="fl-f"/>
      </object_component>
      <object_component id="oc-3d8">
         <name>.text:PWMTimerCC32XX_setDutyAndPeriod</name>
         <load_address>0x2000c8bc</load_address>
         <run_address>0x2000c8bc</run_address>
         <size>0x140</size>
         <input_file_ref idref="fl-11"/>
      </object_component>
      <object_component id="oc-393">
         <name>.text:Power_sleep</name>
         <load_address>0x2000c9fc</load_address>
         <run_address>0x2000c9fc</run_address>
         <size>0x138</size>
         <input_file_ref idref="fl-f"/>
      </object_component>
      <object_component id="oc-1da">
         <name>.text</name>
         <load_address>0x2000cb34</load_address>
         <run_address>0x2000cb34</run_address>
         <size>0xfc</size>
         <input_file_ref idref="fl-da"/>
      </object_component>
      <object_component id="oc-3c6">
         <name>.text:PWMTimerCC32XX_open</name>
         <load_address>0x2000cc30</load_address>
         <run_address>0x2000cc30</run_address>
         <size>0xf0</size>
         <input_file_ref idref="fl-11"/>
      </object_component>
      <object_component id="oc-3e4">
         <name>.text:PWMTimerCC32XX_stop</name>
         <load_address>0x2000cd20</load_address>
         <run_address>0x2000cd20</run_address>
         <size>0xc4</size>
         <input_file_ref idref="fl-11"/>
      </object_component>
      <object_component id="oc-45e">
         <name>.text:restoreParkedPins</name>
         <load_address>0x2000cde4</load_address>
         <run_address>0x2000cde4</run_address>
         <size>0xc0</size>
         <input_file_ref idref="fl-f"/>
      </object_component>
      <object_component id="oc-3cc">
         <name>.text:PWMTimerCC32XX_setDuty</name>
         <load_address>0x2000cea4</load_address>
         <run_address>0x2000cea4</run_address>
         <size>0xb8</size>
         <input_file_ref idref="fl-11"/>
      </object_component>
      <object_component id="oc-b5">
         <name>.text:IntEnable</name>
         <load_address>0x2000cf5c</load_address>
         <run_address>0x2000cf5c</run_address>
         <size>0xa8</size>
         <input_file_ref idref="fl-1f"/>
      </object_component>
      <object_component id="oc-270">
         <name>.text:PowerCC32XX_configureWakeup</name>
         <load_address>0x2000d004</load_address>
         <run_address>0x2000d004</run_address>
         <size>0xa8</size>
         <input_file_ref idref="fl-f"/>
      </object_component>
      <object_component id="oc-4b6">
         <name>.text:initHw</name>
         <load_address>0x2000d0ac</load_address>
         <run_address>0x2000d0ac</run_address>
         <size>0xa4</size>
         <input_file_ref idref="fl-11"/>
      </object_component>
      <object_component id="oc-330">
         <name>.text:SemaphoreP_pend</name>
         <load_address>0x2000d150</load_address>
         <run_address>0x2000d150</run_address>
         <size>0xa0</size>
         <input_file_ref idref="fl-17"/>
      </object_component>
      <object_component id="oc-3b">
         <name>.text</name>
         <load_address>0x2000d1f0</load_address>
         <run_address>0x2000d1f0</run_address>
         <size>0x9c</size>
         <input_file_ref idref="fl-dd"/>
      </object_component>
      <object_component id="oc-3d2">
         <name>.text:PWMTimerCC32XX_setPeriod</name>
         <load_address>0x2000d28c</load_address>
         <run_address>0x2000d28c</run_address>
         <size>0x98</size>
         <input_file_ref idref="fl-11"/>
      </object_component>
      <object_component id="oc-38e">
         <name>.text</name>
         <load_address>0x2000d324</load_address>
         <run_address>0x2000d324</run_address>
         <size>0x96</size>
         <input_file_ref idref="fl-df"/>
      </object_component>
      <object_component id="oc-1b5">
         <name>.text:Board_initHook</name>
         <load_address>0x2000d3ba</load_address>
         <run_address>0x2000d3ba</run_address>
         <size>0x2</size>
         <input_file_ref idref="fl-4"/>
      </object_component>
      <object_component id="oc-452">
         <name>.text:restoreNVICRegs</name>
         <load_address>0x2000d3bc</load_address>
         <run_address>0x2000d3bc</run_address>
         <size>0x90</size>
         <input_file_ref idref="fl-f"/>
      </object_component>
      <object_component id="oc-541">
         <name>.text:IntPendSet</name>
         <load_address>0x2000d44c</load_address>
         <run_address>0x2000d44c</run_address>
         <size>0x88</size>
         <input_file_ref idref="fl-1f"/>
      </object_component>
      <object_component id="oc-3b4">
         <name>.text:PWMTimerCC32XX_close</name>
         <load_address>0x2000d4d4</load_address>
         <run_address>0x2000d4d4</run_address>
         <size>0x88</size>
         <input_file_ref idref="fl-11"/>
      </object_component>
      <object_component id="oc-587">
         <name>.text:PinConfigSet</name>
         <load_address>0x2000d55c</load_address>
         <run_address>0x2000d55c</run_address>
         <size>0x88</size>
         <input_file_ref idref="fl-20"/>
      </object_component>
      <object_component id="oc-1af">
         <name>.text:Power_init</name>
         <load_address>0x2000d5e4</load_address>
         <run_address>0x2000d5e4</run_address>
         <size>0x84</size>
         <input_file_ref idref="fl-f"/>
      </object_component>
      <object_component id="oc-447">
         <name>.text:saveNVICRegs</name>
         <load_address>0x2000d668</load_address>
         <run_address>0x2000d668</run_address>
         <size>0x84</size>
         <input_file_ref idref="fl-f"/>
      </object_component>
      <object_component id="oc-4aa">
         <name>.text:Power_setDependency</name>
         <load_address>0x2000d6ec</load_address>
         <run_address>0x2000d6ec</run_address>
         <size>0x80</size>
         <input_file_ref idref="fl-f"/>
      </object_component>
      <object_component id="oc-3de">
         <name>.text:PWMTimerCC32XX_start</name>
         <load_address>0x2000d76c</load_address>
         <run_address>0x2000d76c</run_address>
         <size>0x68</size>
         <input_file_ref idref="fl-11"/>
      </object_component>
      <object_component id="oc-14">
         <name>.text:decompress:lzss:__TI_decompress_lzss</name>
         <load_address>0x2000d7d4</load_address>
         <run_address>0x2000d7d4</run_address>
         <size>0x68</size>
         <input_file_ref idref="fl-e2"/>
      </object_component>
      <object_component id="oc-4bc">
         <name>.text:PowerCC32XX_setParkState</name>
         <load_address>0x2000d83c</load_address>
         <run_address>0x2000d83c</run_address>
         <size>0x64</size>
         <input_file_ref idref="fl-f"/>
      </object_component>
      <object_component id="oc-23e">
         <name>.text:PRCMSysResetCauseGet</name>
         <load_address>0x2000d8a0</load_address>
         <run_address>0x2000d8a0</run_address>
         <size>0x60</size>
         <input_file_ref idref="fl-21"/>
      </object_component>
      <object_component id="oc-2a4">
         <name>.text:getTimeUsec</name>
         <load_address>0x2000d900</load_address>
         <run_address>0x2000d900</run_address>
         <size>0x60</size>
         <input_file_ref idref="fl-18"/>
      </object_component>
      <object_component id="oc-31a">
         <name>.text:sysTickInit</name>
         <load_address>0x2000d960</load_address>
         <run_address>0x2000d960</run_address>
         <size>0x5c</size>
         <input_file_ref idref="fl-18"/>
      </object_component>
      <object_component id="oc-257">
         <name>.text:PRCMPeripheralReset</name>
         <load_address>0x2000d9bc</load_address>
         <run_address>0x2000d9bc</run_address>
         <size>0x58</size>
         <input_file_ref idref="fl-21"/>
      </object_component>
      <object_component id="oc-489">
         <name>.text:Power_releaseDependency</name>
         <load_address>0x2000da14</load_address>
         <run_address>0x2000da14</run_address>
         <size>0x58</size>
         <input_file_ref idref="fl-f"/>
      </object_component>
      <object_component id="oc-51e">
         <name>.text:PowerCC32XX_resumeLPDS</name>
         <load_address>0x2000da6c</load_address>
         <run_address>0x2000da6c</run_address>
         <size>0x52</size>
         <input_file_ref idref="fl-10"/>
      </object_component>
      <object_component id="oc-3c0">
         <name>.text:PWMTimerCC32XX_init</name>
         <load_address>0x2000dabe</load_address>
         <run_address>0x2000dabe</run_address>
         <size>0x2</size>
         <input_file_ref idref="fl-11"/>
      </object_component>
      <object_component id="oc-79">
         <name>.text:ClockP_sysTickHandler</name>
         <load_address>0x2000dac0</load_address>
         <run_address>0x2000dac0</run_address>
         <size>0x50</size>
         <input_file_ref idref="fl-18"/>
      </object_component>
      <object_component id="oc-32a">
         <name>.text:SemaphoreP_construct</name>
         <load_address>0x2000db10</load_address>
         <run_address>0x2000db10</run_address>
         <size>0x50</size>
         <input_file_ref idref="fl-17"/>
      </object_component>
      <object_component id="oc-4a4">
         <name>.text:TimerCC32XX_allocateTimerResource</name>
         <load_address>0x2000db60</load_address>
         <run_address>0x2000db60</run_address>
         <size>0x50</size>
         <input_file_ref idref="fl-12"/>
      </object_component>
      <object_component id="oc-515">
         <name>.text:PowerCC32XX_parkPin</name>
         <load_address>0x2000dbb0</load_address>
         <run_address>0x2000dbb0</run_address>
         <size>0x4c</size>
         <input_file_ref idref="fl-f"/>
      </object_component>
      <object_component id="oc-4c9">
         <name>.text:getDutyCounts</name>
         <load_address>0x2000dbfc</load_address>
         <run_address>0x2000dbfc</run_address>
         <size>0x4c</size>
         <input_file_ref idref="fl-11"/>
      </object_component>
      <object_component id="oc-4d3">
         <name>.text:getPeriodCounts</name>
         <load_address>0x2000dc48</load_address>
         <run_address>0x2000dc48</run_address>
         <size>0x4c</size>
         <input_file_ref idref="fl-11"/>
      </object_component>
      <object_component id="oc-458">
         <name>.text:restorePeriphClocks</name>
         <load_address>0x2000dc94</load_address>
         <run_address>0x2000dc94</run_address>
         <size>0x4c</size>
         <input_file_ref idref="fl-f"/>
      </object_component>
      <object_component id="oc-1ea">
         <name>.text:ClockP_usleep</name>
         <load_address>0x2000dce0</load_address>
         <run_address>0x2000dce0</run_address>
         <size>0x48</size>
         <input_file_ref idref="fl-18"/>
      </object_component>
      <object_component id="oc-539">
         <name>.text:FlashDisable</name>
         <load_address>0x2000dd28</load_address>
         <run_address>0x2000dd28</run_address>
         <size>0x48</size>
         <input_file_ref idref="fl-24"/>
      </object_component>
      <object_component id="oc-464">
         <name>.text:PRCMLPDSEnter</name>
         <load_address>0x2000dd70</load_address>
         <run_address>0x2000dd70</run_address>
         <size>0x48</size>
         <input_file_ref idref="fl-21"/>
      </object_component>
      <object_component id="oc-251">
         <name>.text:PRCMPeripheralClkEnable</name>
         <load_address>0x2000ddb8</load_address>
         <run_address>0x2000ddb8</run_address>
         <size>0x48</size>
         <input_file_ref idref="fl-21"/>
      </object_component>
      <object_component id="oc-4e2">
         <name>.text:Power_releaseConstraint</name>
         <load_address>0x2000de00</load_address>
         <run_address>0x2000de00</run_address>
         <size>0x48</size>
         <input_file_ref idref="fl-f"/>
      </object_component>
      <object_component id="oc-4fa">
         <name>.text:ClockP_stop</name>
         <load_address>0x2000de48</load_address>
         <run_address>0x2000de48</run_address>
         <size>0x44</size>
         <input_file_ref idref="fl-18"/>
      </object_component>
      <object_component id="oc-523">
         <name>.text:PRCMLPDSRestoreInfoSet</name>
         <load_address>0x2000de8c</load_address>
         <run_address>0x2000de8c</run_address>
         <size>0x44</size>
         <input_file_ref idref="fl-21"/>
      </object_component>
      <object_component id="oc-1bd">
         <name>.text:PWM_init</name>
         <load_address>0x2000ded0</load_address>
         <run_address>0x2000ded0</run_address>
         <size>0x44</size>
         <input_file_ref idref="fl-e"/>
      </object_component>
      <object_component id="oc-44d">
         <name>.text:PowerCC32XX_enterLPDS</name>
         <load_address>0x2000df14</load_address>
         <run_address>0x2000df14</run_address>
         <size>0x44</size>
         <input_file_ref idref="fl-10"/>
      </object_component>
      <object_component id="oc-39f">
         <name>.text:SwiP_restore</name>
         <load_address>0x2000df58</load_address>
         <run_address>0x2000df58</run_address>
         <size>0x44</size>
         <input_file_ref idref="fl-1c"/>
      </object_component>
      <object_component id="oc-171">
         <name>.text:__TI_auto_init_nobinit_nopinit:__TI_auto_init_nobinit_nopinit</name>
         <load_address>0x2000df9c</load_address>
         <run_address>0x2000df9c</run_address>
         <size>0x44</size>
         <input_file_ref idref="fl-e7"/>
      </object_component>
      <object_component id="oc-1df">
         <name>.text</name>
         <load_address>0x2000dfe0</load_address>
         <run_address>0x2000dfe0</run_address>
         <size>0x44</size>
         <input_file_ref idref="fl-db"/>
      </object_component>
      <object_component id="oc-1c9">
         <name>.text:PWM_open</name>
         <load_address>0x2000e024</load_address>
         <run_address>0x2000e024</run_address>
         <size>0x40</size>
         <input_file_ref idref="fl-e"/>
      </object_component>
      <object_component id="oc-269">
         <name>.text:PinModeSet</name>
         <load_address>0x2000e064</load_address>
         <run_address>0x2000e064</run_address>
         <size>0x40</size>
         <input_file_ref idref="fl-20"/>
      </object_component>
      <object_component id="oc-415">
         <name>.text:ClockP_destruct</name>
         <load_address>0x2000e0a4</load_address>
         <run_address>0x2000e0a4</run_address>
         <size>0x3c</size>
         <input_file_ref idref="fl-18"/>
      </object_component>
      <object_component id="oc-4db">
         <name>.text:Power_setConstraint</name>
         <load_address>0x2000e0e0</load_address>
         <run_address>0x2000e0e0</run_address>
         <size>0x3c</size>
         <input_file_ref idref="fl-f"/>
      </object_component>
      <object_component id="oc-388">
         <name>.text:getCountsRTC</name>
         <load_address>0x2000e11c</load_address>
         <run_address>0x2000e11c</run_address>
         <size>0x3a</size>
         <input_file_ref idref="fl-1a"/>
      </object_component>
      <object_component id="oc-483">
         <name>.text:getPowerMgrId</name>
         <load_address>0x2000e156</load_address>
         <run_address>0x2000e156</run_address>
         <size>0x3a</size>
         <input_file_ref idref="fl-11"/>
      </object_component>
      <object_component id="oc-46a">
         <name>.text:PRCMLPDSEnterKeepDebugIf</name>
         <load_address>0x2000e190</load_address>
         <run_address>0x2000e190</run_address>
         <size>0x38</size>
         <input_file_ref idref="fl-21"/>
      </object_component>
      <object_component id="oc-db">
         <name>.text:addToList</name>
         <load_address>0x2000e1c8</load_address>
         <run_address>0x2000e1c8</run_address>
         <size>0x38</size>
         <input_file_ref idref="fl-18"/>
      </object_component>
      <object_component id="oc-59">
         <name>.text:initVectors</name>
         <load_address>0x2000e200</load_address>
         <run_address>0x2000e200</run_address>
         <size>0x38</size>
         <input_file_ref idref="fl-1b"/>
      </object_component>
      <object_component id="oc-43b">
         <name>.text:notify</name>
         <load_address>0x2000e238</load_address>
         <run_address>0x2000e238</run_address>
         <size>0x38</size>
         <input_file_ref idref="fl-f"/>
      </object_component>
      <object_component id="oc-376">
         <name>.text:ClockP_getTicksUntilInterrupt</name>
         <load_address>0x2000e270</load_address>
         <run_address>0x2000e270</run_address>
         <size>0x34</size>
         <input_file_ref idref="fl-18"/>
      </object_component>
      <object_component id="oc-29e">
         <name>.text:ClockP_startup</name>
         <load_address>0x2000e2a4</load_address>
         <run_address>0x2000e2a4</run_address>
         <size>0x34</size>
         <input_file_ref idref="fl-18"/>
      </object_component>
      <object_component id="oc-263">
         <name>.text:PinModeGet</name>
         <load_address>0x2000e2d8</load_address>
         <run_address>0x2000e2d8</run_address>
         <size>0x34</size>
         <input_file_ref idref="fl-20"/>
      </object_component>
      <object_component id="oc-47d">
         <name>.text:TimerCC32XX_freeTimerResource</name>
         <load_address>0x2000e30c</load_address>
         <run_address>0x2000e30c</run_address>
         <size>0x34</size>
         <input_file_ref idref="fl-12"/>
      </object_component>
      <object_component id="oc-551">
         <name>.text:getPowerMgrId</name>
         <load_address>0x2000e340</load_address>
         <run_address>0x2000e340</run_address>
         <size>0x34</size>
         <input_file_ref idref="fl-12"/>
      </object_component>
      <object_component id="oc-403">
         <name>.text:ClockP_start</name>
         <load_address>0x2000e374</load_address>
         <run_address>0x2000e374</run_address>
         <size>0x30</size>
         <input_file_ref idref="fl-18"/>
      </object_component>
      <object_component id="oc-532">
         <name>.text:PowerCC32XX_restoreParkedPin</name>
         <load_address>0x2000e3a4</load_address>
         <run_address>0x2000e3a4</run_address>
         <size>0x30</size>
         <input_file_ref idref="fl-f"/>
      </object_component>
      <object_component id="oc-25d">
         <name>.text:PRCMPeripheralClkDisable</name>
         <load_address>0x2000e3d4</load_address>
         <run_address>0x2000e3d4</run_address>
         <size>0x28</size>
         <input_file_ref idref="fl-21"/>
      </object_component>
      <object_component id="oc-4b0">
         <name>.text:Power_registerNotify</name>
         <load_address>0x2000e3fc</load_address>
         <run_address>0x2000e3fc</run_address>
         <size>0x28</size>
         <input_file_ref idref="fl-f"/>
      </object_component>
      <object_component id="oc-56c">
         <name>.text:List_put</name>
         <load_address>0x2000e424</load_address>
         <run_address>0x2000e424</run_address>
         <size>0x26</size>
         <input_file_ref idref="fl-14"/>
      </object_component>
      <object_component id="oc-55e">
         <name>.text:List_remove</name>
         <load_address>0x2000e44a</load_address>
         <run_address>0x2000e44a</run_address>
         <size>0x26</size>
         <input_file_ref idref="fl-14"/>
      </object_component>
      <object_component id="oc-c5">
         <name>.text:_c_int00_noargs:_c_int00_noargs</name>
         <load_address>0x2000e470</load_address>
         <run_address>0x2000e470</run_address>
         <size>0x24</size>
         <input_file_ref idref="fl-e4"/>
      </object_component>
      <object_component id="oc-2aa">
         <name>.text:sleepTicks</name>
         <load_address>0x2000e494</load_address>
         <run_address>0x2000e494</run_address>
         <size>0x24</size>
         <input_file_ref idref="fl-18"/>
      </object_component>
      <object_component id="oc-48f">
         <name>.text:Power_unregisterNotify</name>
         <load_address>0x2000e4b8</load_address>
         <run_address>0x2000e4b8</run_address>
         <size>0x20</size>
         <input_file_ref idref="fl-f"/>
      </object_component>
      <object_component id="oc-1d5">
         <name>.text</name>
         <load_address>0x2000e4d8</load_address>
         <run_address>0x2000e4d8</run_address>
         <size>0x20</size>
         <input_file_ref idref="fl-de"/>
      </object_component>
      <object_component id="oc-495">
         <name>.text:PinToPadGet</name>
         <load_address>0x2000e4f8</load_address>
         <run_address>0x2000e4f8</run_address>
         <size>0x1c</size>
         <input_file_ref idref="fl-20"/>
      </object_component>
      <object_component id="oc-36a">
         <name>.text:SwiP_disable</name>
         <load_address>0x2000e514</load_address>
         <run_address>0x2000e514</run_address>
         <size>0x1c</size>
         <input_file_ref idref="fl-1c"/>
      </object_component>
      <object_component id="oc-47">
         <name>.text:decompress:ZI:__TI_zero_init_nomemset:__TI_zero_init_nomemset</name>
         <load_address>0x2000e530</load_address>
         <run_address>0x2000e530</run_address>
         <size>0x1c</size>
         <input_file_ref idref="fl-e0"/>
      </object_component>
      <object_component id="oc-21">
         <name>.text:resetISR</name>
         <load_address>0x2000e54c</load_address>
         <run_address>0x2000e54c</run_address>
         <size>0x1a</size>
         <input_file_ref idref="fl-1b"/>
      </object_component>
      <object_component id="oc-2f7">
         <name>.text:PowerCC32XX_initPolicy</name>
         <load_address>0x2000e566</load_address>
         <run_address>0x2000e566</run_address>
         <size>0x2</size>
         <input_file_ref idref="fl-1a"/>
      </object_component>
      <object_component id="oc-37c">
         <name>.text:Power_getTransitionLatency</name>
         <load_address>0x2000e568</load_address>
         <run_address>0x2000e568</run_address>
         <size>0x18</size>
         <input_file_ref idref="fl-f"/>
      </object_component>
      <object_component id="oc-57e">
         <name>.text:Power_idleFunc</name>
         <load_address>0x2000e580</load_address>
         <run_address>0x2000e580</run_address>
         <size>0x18</size>
         <input_file_ref idref="fl-f"/>
      </object_component>
      <object_component id="oc-324">
         <name>.text</name>
         <load_address>0x2000e598</load_address>
         <run_address>0x2000e598</run_address>
         <size>0x18</size>
         <input_file_ref idref="fl-dc"/>
      </object_component>
      <object_component id="oc-24b">
         <name>.text:PRCMHIBRegRead</name>
         <load_address>0x2000e5b0</load_address>
         <run_address>0x2000e5b0</run_address>
         <size>0x16</size>
         <input_file_ref idref="fl-21"/>
      </object_component>
      <object_component id="oc-245">
         <name>.text:PRCMHIBRegWrite</name>
         <load_address>0x2000e5c6</load_address>
         <run_address>0x2000e5c6</run_address>
         <size>0x16</size>
         <input_file_ref idref="fl-21"/>
      </object_component>
      <object_component id="oc-a3">
         <name>.text:CPUcpsid</name>
         <load_address>0x2000e5dc</load_address>
         <run_address>0x2000e5dc</run_address>
         <size>0x14</size>
         <input_file_ref idref="fl-1e"/>
      </object_component>
      <object_component id="oc-af">
         <name>.text:IntVTableBaseSet</name>
         <load_address>0x2000e5f0</load_address>
         <run_address>0x2000e5f0</run_address>
         <size>0x14</size>
         <input_file_ref idref="fl-1f"/>
      </object_component>
      <object_component id="oc-1c3">
         <name>.text:PWM_Params_init</name>
         <load_address>0x2000e604</load_address>
         <run_address>0x2000e604</run_address>
         <size>0x14</size>
         <input_file_ref idref="fl-e"/>
      </object_component>
      <object_component id="oc-52b">
         <name>.text:Power_getDependencyCount</name>
         <load_address>0x2000e618</load_address>
         <run_address>0x2000e618</run_address>
         <size>0x14</size>
         <input_file_ref idref="fl-f"/>
      </object_component>
      <object_component id="oc-11a">
         <name>.text:main</name>
         <load_address>0x2000e62c</load_address>
         <run_address>0x2000e62c</run_address>
         <size>0x12</size>
         <input_file_ref idref="fl-2"/>
      </object_component>
      <object_component id="oc-4c2">
         <name>.text:postNotifyFxn</name>
         <load_address>0x2000e63e</load_address>
         <run_address>0x2000e63e</run_address>
         <size>0x12</size>
         <input_file_ref idref="fl-11"/>
      </object_component>
      <object_component id="oc-152">
         <name>.text:Board_init</name>
         <load_address>0x2000e650</load_address>
         <run_address>0x2000e650</run_address>
         <size>0x10</size>
         <input_file_ref idref="fl-4"/>
      </object_component>
      <object_component id="oc-3fd">
         <name>.text:ClockP_add</name>
         <load_address>0x2000e660</load_address>
         <run_address>0x2000e660</run_address>
         <size>0x10</size>
         <input_file_ref idref="fl-18"/>
      </object_component>
      <object_component id="oc-364">
         <name>.text:ClockP_getCpuFreq</name>
         <load_address>0x2000e670</load_address>
         <run_address>0x2000e670</run_address>
         <size>0x10</size>
         <input_file_ref idref="fl-18"/>
      </object_component>
      <object_component id="oc-382">
         <name>.text:ClockP_getSystemTicks</name>
         <load_address>0x2000e680</load_address>
         <run_address>0x2000e680</run_address>
         <size>0x10</size>
         <input_file_ref idref="fl-18"/>
      </object_component>
      <object_component id="oc-399">
         <name>.text:ClockP_setTicks</name>
         <load_address>0x2000e690</load_address>
         <run_address>0x2000e690</run_address>
         <size>0x10</size>
         <input_file_ref idref="fl-18"/>
      </object_component>
      <object_component id="oc-284">
         <name>.text:HwiP_restore</name>
         <load_address>0x2000e6a0</load_address>
         <run_address>0x2000e6a0</run_address>
         <size>0x10</size>
         <input_file_ref idref="fl-19"/>
      </object_component>
      <object_component id="oc-409">
         <name>.text:Power_enablePolicy</name>
         <load_address>0x2000e6b0</load_address>
         <run_address>0x2000e6b0</run_address>
         <size>0x10</size>
         <input_file_ref idref="fl-f"/>
      </object_component>
      <object_component id="oc-3f2">
         <name>.text:SemaphoreP_Params_init</name>
         <load_address>0x2000e6c0</load_address>
         <run_address>0x2000e6c0</run_address>
         <size>0x10</size>
         <input_file_ref idref="fl-17"/>
      </object_component>
      <object_component id="oc-27e">
         <name>.text:HwiP_disable</name>
         <load_address>0x2000e6d0</load_address>
         <run_address>0x2000e6d0</run_address>
         <size>0xe</size>
         <input_file_ref idref="fl-19"/>
      </object_component>
      <object_component id="oc-158">
         <name>.text:HwiP_enable</name>
         <load_address>0x2000e6de</load_address>
         <run_address>0x2000e6de</run_address>
         <size>0xe</size>
         <input_file_ref idref="fl-19"/>
      </object_component>
      <object_component id="oc-1a">
         <name>.text:decompress:none:__TI_decompress_none</name>
         <load_address>0x2000e6ec</load_address>
         <run_address>0x2000e6ec</run_address>
         <size>0xe</size>
         <input_file_ref idref="fl-e1"/>
      </object_component>
      <object_component id="oc-336">
         <name>.text:SemaphoreP_destruct</name>
         <load_address>0x2000e6fa</load_address>
         <run_address>0x2000e6fa</run_address>
         <size>0x2</size>
         <input_file_ref idref="fl-17"/>
      </object_component>
      <object_component id="oc-370">
         <name>.text:Power_getConstraintMask</name>
         <load_address>0x2000e6fc</load_address>
         <run_address>0x2000e6fc</run_address>
         <size>0xc</size>
         <input_file_ref idref="fl-f"/>
      </object_component>
      <object_component id="oc-40f">
         <name>.text:ClockP_isActive</name>
         <load_address>0x2000e708</load_address>
         <run_address>0x2000e708</run_address>
         <size>0xa</size>
         <input_file_ref idref="fl-18"/>
      </object_component>
      <object_component id="oc-53">
         <name>.text:IntMasterDisable</name>
         <load_address>0x2000e712</load_address>
         <run_address>0x2000e712</run_address>
         <size>0xa</size>
         <input_file_ref idref="fl-1f"/>
      </object_component>
      <object_component id="oc-1e4">
         <name>.text:PWM_setDuty</name>
         <load_address>0x2000e71c</load_address>
         <run_address>0x2000e71c</run_address>
         <size>0xa</size>
         <input_file_ref idref="fl-e"/>
      </object_component>
      <object_component id="oc-1cf">
         <name>.text:PWM_start</name>
         <load_address>0x2000e726</load_address>
         <run_address>0x2000e726</run_address>
         <size>0xa</size>
         <input_file_ref idref="fl-e"/>
      </object_component>
      <object_component id="oc-3ba">
         <name>.text:PWMTimerCC32XX_control</name>
         <load_address>0x2000e730</load_address>
         <run_address>0x2000e730</run_address>
         <size>0x6</size>
         <input_file_ref idref="fl-11"/>
      </object_component>
      <object_component id="oc-244">
         <name>.text:UtilsDelay</name>
         <load_address>0x2000e736</load_address>
         <run_address>0x2000e736</run_address>
         <size>0x6</size>
         <input_file_ref idref="fl-23"/>
      </object_component>
      <object_component id="oc-472">
         <name>.text:HwiP_post</name>
         <load_address>0x2000e73c</load_address>
         <run_address>0x2000e73c</run_address>
         <size>0x4</size>
         <input_file_ref idref="fl-19"/>
      </object_component>
      <object_component id="oc-114">
         <name>.text:_system_pre_init</name>
         <load_address>0x2000e740</load_address>
         <run_address>0x2000e740</run_address>
         <size>0x4</size>
         <input_file_ref idref="fl-e8"/>
      </object_component>
      <object_component id="oc-165">
         <name>.text:abort:abort</name>
         <load_address>0x2000e744</load_address>
         <run_address>0x2000e744</run_address>
         <size>0x4</size>
         <input_file_ref idref="fl-ea"/>
      </object_component>
      <object_component id="oc-73">
         <name>.text:busFaultHandler</name>
         <load_address>0x2000e748</load_address>
         <run_address>0x2000e748</run_address>
         <size>0x2</size>
         <input_file_ref idref="fl-1b"/>
      </object_component>
      <object_component id="oc-41b">
         <name>.text:clkFxn</name>
         <load_address>0x2000e74a</load_address>
         <run_address>0x2000e74a</run_address>
         <size>0x2</size>
         <input_file_ref idref="fl-17"/>
      </object_component>
      <object_component id="oc-6d">
         <name>.text:defaultHandler</name>
         <load_address>0x2000e74c</load_address>
         <run_address>0x2000e74c</run_address>
         <size>0x2</size>
         <input_file_ref idref="fl-1b"/>
      </object_component>
      <object_component id="oc-67">
         <name>.text:faultISR</name>
         <load_address>0x2000e74e</load_address>
         <run_address>0x2000e74e</run_address>
         <size>0x2</size>
         <input_file_ref idref="fl-1b"/>
      </object_component>
      <object_component id="oc-61">
         <name>.text:nmiISR</name>
         <load_address>0x2000e750</load_address>
         <run_address>0x2000e750</run_address>
         <size>0x2</size>
         <input_file_ref idref="fl-1b"/>
      </object_component>
      <object_component id="oc-435">
         <name>.text</name>
         <load_address>0x2000e752</load_address>
         <run_address>0x2000e752</run_address>
         <size>0x2</size>
         <input_file_ref idref="fl-e5"/>
      </object_component>
      <object_component id="oc-2ed">
         <name>.const:g_ulPinToPadMap</name>
         <load_address>0x2000e754</load_address>
         <run_address>0x2000e754</run_address>
         <size>0x100</size>
         <input_file_ref idref="fl-20"/>
      </object_component>
      <object_component id="oc-2e6">
         <name>.const:PRCM_PeriphRegsList</name>
         <load_address>0x2000e854</load_address>
         <run_address>0x2000e854</run_address>
         <size>0xa8</size>
         <input_file_ref idref="fl-21"/>
      </object_component>
      <object_component id="oc-279">
         <name>.const:PowerCC32XX_config</name>
         <load_address>0x2000e8fc</load_address>
         <run_address>0x2000e8fc</run_address>
         <size>0x44</size>
         <input_file_ref idref="fl-4"/>
      </object_component>
      <object_component id="oc-30f">
         <name>.const:PWMTimerCC32XX_fxnTable</name>
         <load_address>0x2000e940</load_address>
         <run_address>0x2000e940</run_address>
         <size>0x24</size>
         <input_file_ref idref="fl-11"/>
      </object_component>
      <object_component id="oc-4e8">
         <name>.const:gpioPinIndexes</name>
         <load_address>0x2000e964</load_address>
         <run_address>0x2000e964</run_address>
         <size>0x20</size>
         <input_file_ref idref="fl-11"/>
      </object_component>
      <object_component id="oc-290">
         <name>.const:PWM_config</name>
         <load_address>0x2000e984</load_address>
         <run_address>0x2000e984</run_address>
         <size>0x18</size>
         <input_file_ref idref="fl-4"/>
      </object_component>
      <object_component id="oc-294">
         <name>.const:PWM_defaultParams</name>
         <load_address>0x2000e99c</load_address>
         <run_address>0x2000e99c</run_address>
         <size>0x18</size>
         <input_file_ref idref="fl-e"/>
      </object_component>
      <object_component id="oc-10e">
         <name>.const:g_pulEnRegs</name>
         <load_address>0x2000e9b4</load_address>
         <run_address>0x2000e9b4</run_address>
         <size>0x18</size>
         <input_file_ref idref="fl-1f"/>
      </object_component>
      <object_component id="oc-593">
         <name>.const:g_pulPendRegs</name>
         <load_address>0x2000e9cc</load_address>
         <run_address>0x2000e9cc</run_address>
         <size>0x18</size>
         <input_file_ref idref="fl-1f"/>
      </object_component>
      <object_component id="oc-49e">
         <name>.const:gpioBaseAddresses</name>
         <load_address>0x2000e9e4</load_address>
         <run_address>0x2000e9e4</run_address>
         <size>0x10</size>
         <input_file_ref idref="fl-11"/>
      </object_component>
      <object_component id="oc-49b">
         <name>.const:timerBaseAddresses</name>
         <load_address>0x2000e9f4</load_address>
         <run_address>0x2000e9f4</run_address>
         <size>0x10</size>
         <input_file_ref idref="fl-11"/>
      </object_component>
      <object_component id="oc-313">
         <name>.const:pwmTimerCC32XXHWAttrs</name>
         <load_address>0x2000ea04</load_address>
         <run_address>0x2000ea04</run_address>
         <size>0x8</size>
         <input_file_ref idref="fl-4"/>
      </object_component>
      <object_component id="oc-4cf">
         <name>.const:timerHalves</name>
         <load_address>0x2000ea0c</load_address>
         <run_address>0x2000ea0c</run_address>
         <size>0x8</size>
         <input_file_ref idref="fl-11"/>
      </object_component>
      <object_component id="oc-28d">
         <name>.const</name>
         <load_address>0x2000ea14</load_address>
         <run_address>0x2000ea14</run_address>
         <size>0x3</size>
         <input_file_ref idref="fl-4"/>
      </object_component>
      <object_component id="oc-5d7">
         <name>.cinit..data.load</name>
         <load_address>0x2000ee38</load_address>
         <run_address>0x2000ee38</run_address>
         <size>0xb0</size>
      </object_component>
      <object_component id="oc-5d5">
         <name>__TI_handler_table</name>
         <load_address>0x2000eee8</load_address>
         <run_address>0x2000eee8</run_address>
         <size>0xc</size>
      </object_component>
      <object_component id="oc-5d8">
         <name>.cinit..bss.load</name>
         <load_address>0x2000eef8</load_address>
         <run_address>0x2000eef8</run_address>
         <size>0x8</size>
      </object_component>
      <object_component id="oc-5d6">
         <name>__TI_cinit_table</name>
         <load_address>0x2000ef00</load_address>
         <run_address>0x2000ef00</run_address>
         <size>0x10</size>
      </object_component>
      <object_component id="oc-303">
         <name>.data:parkInfo</name>
         <load_address>0x2000eb84</load_address>
         <run_address>0x2000eb84</run_address>
         <size>0xf8</size>
         <input_file_ref idref="fl-4"/>
      </object_component>
      <object_component id="oc-28a">
         <name>.data</name>
         <load_address>0x2000ec94</load_address>
         <run_address>0x2000ec94</run_address>
         <size>0x1</size>
         <input_file_ref idref="fl-e"/>
      </object_component>
      <object_component id="oc-276">
         <name>.data:PowerCC32XX_module</name>
         <load_address>0x2000ea18</load_address>
         <run_address>0x2000ea18</run_address>
         <size>0x16c</size>
         <input_file_ref idref="fl-f"/>
      </object_component>
      <object_component id="oc-3f8">
         <name>.data</name>
         <load_address>0x2000ec91</load_address>
         <run_address>0x2000ec91</run_address>
         <size>0x3</size>
         <input_file_ref idref="fl-17"/>
      </object_component>
      <object_component id="oc-4ec">
         <name>.data:SemaphoreP_defaultParams</name>
         <load_address>0x2000ec7c</load_address>
         <run_address>0x2000ec7c</run_address>
         <size>0x8</size>
         <input_file_ref idref="fl-17"/>
      </object_component>
      <object_component id="oc-2b0">
         <name>.data</name>
         <load_address>0x2000ec8c</load_address>
         <run_address>0x2000ec8c</run_address>
         <size>0x5</size>
         <input_file_ref idref="fl-18"/>
      </object_component>
      <object_component id="oc-478">
         <name>.data</name>
         <load_address>0x2000ec84</load_address>
         <run_address>0x2000ec84</run_address>
         <size>0x8</size>
         <input_file_ref idref="fl-19"/>
      </object_component>
      <object_component id="oc-557">
         <name>.bss:timerState</name>
         <uninitialized>true</uninitialized>
         <run_address>0x2000ee30</run_address>
         <size>0x4</size>
         <input_file_ref idref="fl-12"/>
      </object_component>
      <object_component id="oc-320">
         <name>.bss</name>
         <uninitialized>true</uninitialized>
         <run_address>0x2000ee0c</run_address>
         <size>0x4</size>
         <input_file_ref idref="fl-18"/>
      </object_component>
      <object_component id="oc-426">
         <name>.bss</name>
         <uninitialized>true</uninitialized>
         <run_address>0x2000ee20</run_address>
         <size>0xd</size>
         <input_file_ref idref="fl-1c"/>
      </object_component>
      <object_component id="oc-312">
         <name>.common:pwmTimerCC32XXObjects</name>
         <uninitialized>true</uninitialized>
         <run_address>0x2000edc4</run_address>
         <size>0x48</size>
      </object_component>
      <object_component id="oc-51c">
         <name>.common:PowerCC32XX_contextSave</name>
         <uninitialized>true</uninitialized>
         <run_address>0x2000ec98</run_address>
         <size>0x12c</size>
      </object_component>
      <object_component id="oc-e1">
         <name>.common:ClockP_ctrl</name>
         <uninitialized>true</uninitialized>
         <run_address>0x2000ee10</run_address>
         <size>0x10</size>
      </object_component>
      <object_component id="oc-2a">
         <name>.sysmem</name>
         <uninitialized>true</uninitialized>
         <run_address>0x20004040</run_address>
         <size>0x10</size>
         <input_file_ref idref="fl-e3"/>
      </object_component>
      <object_component id="oc-5db">
         <name>.sysmem</name>
         <uninitialized>true</uninitialized>
         <run_address>0x20004040</run_address>
         <size>0x0</size>
      </object_component>
      <object_component id="oc-2d">
         <name>.stack</name>
         <uninitialized>true</uninitialized>
         <run_address>0x20003000</run_address>
         <size>0x4</size>
         <input_file_ref idref="fl-e4"/>
      </object_component>
      <object_component id="oc-5da">
         <name>.stack</name>
         <uninitialized>true</uninitialized>
         <run_address>0x20003000</run_address>
         <size>0x0</size>
      </object_component>
      <object_component id="oc-27">
         <name>.resetVecs:retain</name>
         <load_address>0x20004000</load_address>
         <run_address>0x20004000</run_address>
         <size>0x40</size>
         <input_file_ref idref="fl-1b"/>
      </object_component>
      <object_component id="oc-bb">
         <name>.ramVecs</name>
         <uninitialized>true</uninitialized>
         <run_address>0x20000000</run_address>
         <size>0x30c</size>
         <input_file_ref idref="fl-1b"/>
      </object_component>
      <object_component id="oc-14d">
         <name>.debug_info</name>
         <load_address>0x0</load_address>
         <run_address>0x0</run_address>
         <size>0x1bc</size>
         <input_file_ref idref="fl-2"/>
      </object_component>
      <object_component id="oc-11b">
         <name>.debug_info</name>
         <load_address>0x1bc</load_address>
         <run_address>0x1bc</run_address>
         <size>0x154</size>
         <input_file_ref idref="fl-2"/>
      </object_component>
      <object_component id="oc-e7">
         <name>.debug_info</name>
         <load_address>0x310</load_address>
         <run_address>0x310</run_address>
         <size>0x26b</size>
         <input_file_ref idref="fl-2"/>
      </object_component>
      <object_component id="oc-36">
         <name>.debug_info</name>
         <load_address>0x57b</load_address>
         <run_address>0x57b</run_address>
         <size>0x84</size>
         <input_file_ref idref="fl-2"/>
      </object_component>
      <object_component id="oc-148">
         <name>.debug_info</name>
         <load_address>0x5ff</load_address>
         <run_address>0x5ff</run_address>
         <size>0x2a4</size>
         <input_file_ref idref="fl-2"/>
      </object_component>
      <object_component id="oc-219">
         <name>.debug_info</name>
         <load_address>0x8a3</load_address>
         <run_address>0x8a3</run_address>
         <size>0xef</size>
         <input_file_ref idref="fl-2"/>
      </object_component>
      <object_component id="oc-12f">
         <name>.debug_info</name>
         <load_address>0x992</load_address>
         <run_address>0x992</run_address>
         <size>0xbb</size>
         <input_file_ref idref="fl-2"/>
      </object_component>
      <object_component id="oc-54c">
         <name>.debug_info</name>
         <load_address>0xa4d</load_address>
         <run_address>0xa4d</run_address>
         <size>0x53</size>
         <input_file_ref idref="fl-2"/>
      </object_component>
      <object_component id="oc-1f1">
         <name>.debug_info</name>
         <load_address>0xaa0</load_address>
         <run_address>0xaa0</run_address>
         <size>0x2e3</size>
         <input_file_ref idref="fl-3"/>
      </object_component>
      <object_component id="oc-160">
         <name>.debug_info</name>
         <load_address>0xd83</load_address>
         <run_address>0xd83</run_address>
         <size>0x388</size>
         <input_file_ref idref="fl-3"/>
      </object_component>
      <object_component id="oc-1f2">
         <name>.debug_info</name>
         <load_address>0x110b</load_address>
         <run_address>0x110b</run_address>
         <size>0x30f</size>
         <input_file_ref idref="fl-3"/>
      </object_component>
      <object_component id="oc-2b6">
         <name>.debug_info</name>
         <load_address>0x141a</load_address>
         <run_address>0x141a</run_address>
         <size>0x53</size>
         <input_file_ref idref="fl-3"/>
      </object_component>
      <object_component id="oc-2dc">
         <name>.debug_info</name>
         <load_address>0x146d</load_address>
         <run_address>0x146d</run_address>
         <size>0x438</size>
         <input_file_ref idref="fl-4"/>
      </object_component>
      <object_component id="oc-314">
         <name>.debug_info</name>
         <load_address>0x18a5</load_address>
         <run_address>0x18a5</run_address>
         <size>0x115</size>
         <input_file_ref idref="fl-4"/>
      </object_component>
      <object_component id="oc-291">
         <name>.debug_info</name>
         <load_address>0x19ba</load_address>
         <run_address>0x19ba</run_address>
         <size>0xff</size>
         <input_file_ref idref="fl-4"/>
      </object_component>
      <object_component id="oc-28e">
         <name>.debug_info</name>
         <load_address>0x1ab9</load_address>
         <run_address>0x1ab9</run_address>
         <size>0x167</size>
         <input_file_ref idref="fl-4"/>
      </object_component>
      <object_component id="oc-27a">
         <name>.debug_info</name>
         <load_address>0x1c20</load_address>
         <run_address>0x1c20</run_address>
         <size>0x10f</size>
         <input_file_ref idref="fl-4"/>
      </object_component>
      <object_component id="oc-304">
         <name>.debug_info</name>
         <load_address>0x1d2f</load_address>
         <run_address>0x1d2f</run_address>
         <size>0xfb</size>
         <input_file_ref idref="fl-4"/>
      </object_component>
      <object_component id="oc-1b6">
         <name>.debug_info</name>
         <load_address>0x1e2a</load_address>
         <run_address>0x1e2a</run_address>
         <size>0x153</size>
         <input_file_ref idref="fl-4"/>
      </object_component>
      <object_component id="oc-154">
         <name>.debug_info</name>
         <load_address>0x1f7d</load_address>
         <run_address>0x1f7d</run_address>
         <size>0x189</size>
         <input_file_ref idref="fl-4"/>
      </object_component>
      <object_component id="oc-223">
         <name>.debug_info</name>
         <load_address>0x2106</load_address>
         <run_address>0x2106</run_address>
         <size>0x878</size>
         <input_file_ref idref="fl-4"/>
      </object_component>
      <object_component id="oc-21e">
         <name>.debug_info</name>
         <load_address>0x297e</load_address>
         <run_address>0x297e</run_address>
         <size>0xb6</size>
         <input_file_ref idref="fl-4"/>
      </object_component>
      <object_component id="oc-22d">
         <name>.debug_info</name>
         <load_address>0x2a34</load_address>
         <run_address>0x2a34</run_address>
         <size>0x10e</size>
         <input_file_ref idref="fl-4"/>
      </object_component>
      <object_component id="oc-232">
         <name>.debug_info</name>
         <load_address>0x2b42</load_address>
         <run_address>0x2b42</run_address>
         <size>0xa1</size>
         <input_file_ref idref="fl-4"/>
      </object_component>
      <object_component id="oc-354">
         <name>.debug_info</name>
         <load_address>0x2be3</load_address>
         <run_address>0x2be3</run_address>
         <size>0x62</size>
         <input_file_ref idref="fl-4"/>
      </object_component>
      <object_component id="oc-108">
         <name>.debug_info</name>
         <load_address>0x2c45</load_address>
         <run_address>0x2c45</run_address>
         <size>0x8b</size>
         <input_file_ref idref="fl-4"/>
      </object_component>
      <object_component id="oc-aa">
         <name>.debug_info</name>
         <load_address>0x2cd0</load_address>
         <run_address>0x2cd0</run_address>
         <size>0x2c</size>
         <input_file_ref idref="fl-4"/>
      </object_component>
      <object_component id="oc-1a4">
         <name>.debug_info</name>
         <load_address>0x2cfc</load_address>
         <run_address>0x2cfc</run_address>
         <size>0x2ca</size>
         <input_file_ref idref="fl-e"/>
      </object_component>
      <object_component id="oc-295">
         <name>.debug_info</name>
         <load_address>0x2fc6</load_address>
         <run_address>0x2fc6</run_address>
         <size>0xe5</size>
         <input_file_ref idref="fl-e"/>
      </object_component>
      <object_component id="oc-28b">
         <name>.debug_info</name>
         <load_address>0x30ab</load_address>
         <run_address>0x30ab</run_address>
         <size>0xdc</size>
         <input_file_ref idref="fl-e"/>
      </object_component>
      <object_component id="oc-1d0">
         <name>.debug_info</name>
         <load_address>0x3187</load_address>
         <run_address>0x3187</run_address>
         <size>0x128</size>
         <input_file_ref idref="fl-e"/>
      </object_component>
      <object_component id="oc-1e5">
         <name>.debug_info</name>
         <load_address>0x32af</load_address>
         <run_address>0x32af</run_address>
         <size>0x141</size>
         <input_file_ref idref="fl-e"/>
      </object_component>
      <object_component id="oc-1ca">
         <name>.debug_info</name>
         <load_address>0x33f0</load_address>
         <run_address>0x33f0</run_address>
         <size>0x165</size>
         <input_file_ref idref="fl-e"/>
      </object_component>
      <object_component id="oc-1be">
         <name>.debug_info</name>
         <load_address>0x3555</load_address>
         <run_address>0x3555</run_address>
         <size>0x131</size>
         <input_file_ref idref="fl-e"/>
      </object_component>
      <object_component id="oc-1c4">
         <name>.debug_info</name>
         <load_address>0x3686</load_address>
         <run_address>0x3686</run_address>
         <size>0x118</size>
         <input_file_ref idref="fl-e"/>
      </object_component>
      <object_component id="oc-2de">
         <name>.debug_info</name>
         <load_address>0x379e</load_address>
         <run_address>0x379e</run_address>
         <size>0xf8</size>
         <input_file_ref idref="fl-e"/>
      </object_component>
      <object_component id="oc-139">
         <name>.debug_info</name>
         <load_address>0x3896</load_address>
         <run_address>0x3896</run_address>
         <size>0x110</size>
         <input_file_ref idref="fl-e"/>
      </object_component>
      <object_component id="oc-2f3">
         <name>.debug_info</name>
         <load_address>0x39a6</load_address>
         <run_address>0x39a6</run_address>
         <size>0x5ac</size>
         <input_file_ref idref="fl-f"/>
      </object_component>
      <object_component id="oc-277">
         <name>.debug_info</name>
         <load_address>0x3f52</load_address>
         <run_address>0x3f52</run_address>
         <size>0xf5</size>
         <input_file_ref idref="fl-f"/>
      </object_component>
      <object_component id="oc-490">
         <name>.debug_info</name>
         <load_address>0x4047</load_address>
         <run_address>0x4047</run_address>
         <size>0x1bf</size>
         <input_file_ref idref="fl-f"/>
      </object_component>
      <object_component id="oc-43c">
         <name>.debug_info</name>
         <load_address>0x4206</load_address>
         <run_address>0x4206</run_address>
         <size>0x16f</size>
         <input_file_ref idref="fl-f"/>
      </object_component>
      <object_component id="oc-516">
         <name>.debug_info</name>
         <load_address>0x4375</load_address>
         <run_address>0x4375</run_address>
         <size>0x25d</size>
         <input_file_ref idref="fl-f"/>
      </object_component>
      <object_component id="oc-442">
         <name>.debug_info</name>
         <load_address>0x45d2</load_address>
         <run_address>0x45d2</run_address>
         <size>0x199</size>
         <input_file_ref idref="fl-f"/>
      </object_component>
      <object_component id="oc-448">
         <name>.debug_info</name>
         <load_address>0x476b</load_address>
         <run_address>0x476b</run_address>
         <size>0x129</size>
         <input_file_ref idref="fl-f"/>
      </object_component>
      <object_component id="oc-453">
         <name>.debug_info</name>
         <load_address>0x4894</load_address>
         <run_address>0x4894</run_address>
         <size>0x12f</size>
         <input_file_ref idref="fl-f"/>
      </object_component>
      <object_component id="oc-52c">
         <name>.debug_info</name>
         <load_address>0x49c3</load_address>
         <run_address>0x49c3</run_address>
         <size>0x192</size>
         <input_file_ref idref="fl-f"/>
      </object_component>
      <object_component id="oc-459">
         <name>.debug_info</name>
         <load_address>0x4b55</load_address>
         <run_address>0x4b55</run_address>
         <size>0x16f</size>
         <input_file_ref idref="fl-f"/>
      </object_component>
      <object_component id="oc-533">
         <name>.debug_info</name>
         <load_address>0x4cc4</load_address>
         <run_address>0x4cc4</run_address>
         <size>0x200</size>
         <input_file_ref idref="fl-f"/>
      </object_component>
      <object_component id="oc-45f">
         <name>.debug_info</name>
         <load_address>0x4ec4</load_address>
         <run_address>0x4ec4</run_address>
         <size>0x179</size>
         <input_file_ref idref="fl-f"/>
      </object_component>
      <object_component id="oc-394">
         <name>.debug_info</name>
         <load_address>0x503d</load_address>
         <run_address>0x503d</run_address>
         <size>0x2de</size>
         <input_file_ref idref="fl-f"/>
      </object_component>
      <object_component id="oc-371">
         <name>.debug_info</name>
         <load_address>0x531b</load_address>
         <run_address>0x531b</run_address>
         <size>0x141</size>
         <input_file_ref idref="fl-f"/>
      </object_component>
      <object_component id="oc-4ab">
         <name>.debug_info</name>
         <load_address>0x545c</load_address>
         <run_address>0x545c</run_address>
         <size>0x1e1</size>
         <input_file_ref idref="fl-f"/>
      </object_component>
      <object_component id="oc-4dc">
         <name>.debug_info</name>
         <load_address>0x563d</load_address>
         <run_address>0x563d</run_address>
         <size>0x1bf</size>
         <input_file_ref idref="fl-f"/>
      </object_component>
      <object_component id="oc-48a">
         <name>.debug_info</name>
         <load_address>0x57fc</load_address>
         <run_address>0x57fc</run_address>
         <size>0x1e2</size>
         <input_file_ref idref="fl-f"/>
      </object_component>
      <object_component id="oc-4e3">
         <name>.debug_info</name>
         <load_address>0x59de</load_address>
         <run_address>0x59de</run_address>
         <size>0x1e3</size>
         <input_file_ref idref="fl-f"/>
      </object_component>
      <object_component id="oc-4b1">
         <name>.debug_info</name>
         <load_address>0x5bc1</load_address>
         <run_address>0x5bc1</run_address>
         <size>0x248</size>
         <input_file_ref idref="fl-f"/>
      </object_component>
      <object_component id="oc-271">
         <name>.debug_info</name>
         <load_address>0x5e09</load_address>
         <run_address>0x5e09</run_address>
         <size>0x195</size>
         <input_file_ref idref="fl-f"/>
      </object_component>
      <object_component id="oc-1b0">
         <name>.debug_info</name>
         <load_address>0x5f9e</load_address>
         <run_address>0x5f9e</run_address>
         <size>0x153</size>
         <input_file_ref idref="fl-f"/>
      </object_component>
      <object_component id="oc-57f">
         <name>.debug_info</name>
         <load_address>0x60f1</load_address>
         <run_address>0x60f1</run_address>
         <size>0x132</size>
         <input_file_ref idref="fl-f"/>
      </object_component>
      <object_component id="oc-37d">
         <name>.debug_info</name>
         <load_address>0x6223</load_address>
         <run_address>0x6223</run_address>
         <size>0x19d</size>
         <input_file_ref idref="fl-f"/>
      </object_component>
      <object_component id="oc-40a">
         <name>.debug_info</name>
         <load_address>0x63c0</load_address>
         <run_address>0x63c0</run_address>
         <size>0x133</size>
         <input_file_ref idref="fl-f"/>
      </object_component>
      <object_component id="oc-4bd">
         <name>.debug_info</name>
         <load_address>0x64f3</load_address>
         <run_address>0x64f3</run_address>
         <size>0x19f</size>
         <input_file_ref idref="fl-f"/>
      </object_component>
      <object_component id="oc-35e">
         <name>.debug_info</name>
         <load_address>0x6692</load_address>
         <run_address>0x6692</run_address>
         <size>0x2c</size>
         <input_file_ref idref="fl-f"/>
      </object_component>
      <object_component id="oc-44e">
         <name>.debug_info</name>
         <load_address>0x66be</load_address>
         <run_address>0x66be</run_address>
         <size>0x127</size>
         <input_file_ref idref="fl-10"/>
      </object_component>
      <object_component id="oc-521">
         <name>.debug_info</name>
         <load_address>0x67e5</load_address>
         <run_address>0x67e5</run_address>
         <size>0x10b</size>
         <input_file_ref idref="fl-10"/>
      </object_component>
      <object_component id="oc-1a3">
         <name>.debug_info</name>
         <load_address>0x68f0</load_address>
         <run_address>0x68f0</run_address>
         <size>0x68f</size>
         <input_file_ref idref="fl-11"/>
      </object_component>
      <object_component id="oc-310">
         <name>.debug_info</name>
         <load_address>0x6f7f</load_address>
         <run_address>0x6f7f</run_address>
         <size>0x100</size>
         <input_file_ref idref="fl-11"/>
      </object_component>
      <object_component id="oc-49c">
         <name>.debug_info</name>
         <load_address>0x707f</load_address>
         <run_address>0x707f</run_address>
         <size>0xf5</size>
         <input_file_ref idref="fl-11"/>
      </object_component>
      <object_component id="oc-4d0">
         <name>.debug_info</name>
         <load_address>0x7174</load_address>
         <run_address>0x7174</run_address>
         <size>0xe7</size>
         <input_file_ref idref="fl-11"/>
      </object_component>
      <object_component id="oc-49f">
         <name>.debug_info</name>
         <load_address>0x725b</load_address>
         <run_address>0x725b</run_address>
         <size>0xf3</size>
         <input_file_ref idref="fl-11"/>
      </object_component>
      <object_component id="oc-4e9">
         <name>.debug_info</name>
         <load_address>0x734e</load_address>
         <run_address>0x734e</run_address>
         <size>0xed</size>
         <input_file_ref idref="fl-11"/>
      </object_component>
      <object_component id="oc-4d5">
         <name>.debug_info</name>
         <load_address>0x743b</load_address>
         <run_address>0x743b</run_address>
         <size>0x1cf</size>
         <input_file_ref idref="fl-11"/>
      </object_component>
      <object_component id="oc-4cb">
         <name>.debug_info</name>
         <load_address>0x760a</load_address>
         <run_address>0x760a</run_address>
         <size>0x21d</size>
         <input_file_ref idref="fl-11"/>
      </object_component>
      <object_component id="oc-485">
         <name>.debug_info</name>
         <load_address>0x7827</load_address>
         <run_address>0x7827</run_address>
         <size>0x166</size>
         <input_file_ref idref="fl-11"/>
      </object_component>
      <object_component id="oc-3b6">
         <name>.debug_info</name>
         <load_address>0x798d</load_address>
         <run_address>0x798d</run_address>
         <size>0x2e3</size>
         <input_file_ref idref="fl-11"/>
      </object_component>
      <object_component id="oc-3c8">
         <name>.debug_info</name>
         <load_address>0x7c70</load_address>
         <run_address>0x7c70</run_address>
         <size>0x383</size>
         <input_file_ref idref="fl-11"/>
      </object_component>
      <object_component id="oc-3c2">
         <name>.debug_info</name>
         <load_address>0x7ff3</load_address>
         <run_address>0x7ff3</run_address>
         <size>0x150</size>
         <input_file_ref idref="fl-11"/>
      </object_component>
      <object_component id="oc-3bc">
         <name>.debug_info</name>
         <load_address>0x8143</load_address>
         <run_address>0x8143</run_address>
         <size>0x178</size>
         <input_file_ref idref="fl-11"/>
      </object_component>
      <object_component id="oc-3ce">
         <name>.debug_info</name>
         <load_address>0x82bb</load_address>
         <run_address>0x82bb</run_address>
         <size>0x275</size>
         <input_file_ref idref="fl-11"/>
      </object_component>
      <object_component id="oc-3da">
         <name>.debug_info</name>
         <load_address>0x8530</load_address>
         <run_address>0x8530</run_address>
         <size>0x340</size>
         <input_file_ref idref="fl-11"/>
      </object_component>
      <object_component id="oc-3e0">
         <name>.debug_info</name>
         <load_address>0x8870</load_address>
         <run_address>0x8870</run_address>
         <size>0x237</size>
         <input_file_ref idref="fl-11"/>
      </object_component>
      <object_component id="oc-3e6">
         <name>.debug_info</name>
         <load_address>0x8aa7</load_address>
         <run_address>0x8aa7</run_address>
         <size>0x2a4</size>
         <input_file_ref idref="fl-11"/>
      </object_component>
      <object_component id="oc-3d3">
         <name>.debug_info</name>
         <load_address>0x8d4b</load_address>
         <run_address>0x8d4b</run_address>
         <size>0x283</size>
         <input_file_ref idref="fl-11"/>
      </object_component>
      <object_component id="oc-4b7">
         <name>.debug_info</name>
         <load_address>0x8fce</load_address>
         <run_address>0x8fce</run_address>
         <size>0x2a6</size>
         <input_file_ref idref="fl-11"/>
      </object_component>
      <object_component id="oc-4c3">
         <name>.debug_info</name>
         <load_address>0x9274</load_address>
         <run_address>0x9274</run_address>
         <size>0x1a9</size>
         <input_file_ref idref="fl-11"/>
      </object_component>
      <object_component id="oc-134">
         <name>.debug_info</name>
         <load_address>0x941d</load_address>
         <run_address>0x941d</run_address>
         <size>0x100</size>
         <input_file_ref idref="fl-11"/>
      </object_component>
      <object_component id="oc-237">
         <name>.debug_info</name>
         <load_address>0x951d</load_address>
         <run_address>0x951d</run_address>
         <size>0x2a7</size>
         <input_file_ref idref="fl-11"/>
      </object_component>
      <object_component id="oc-228">
         <name>.debug_info</name>
         <load_address>0x97c4</load_address>
         <run_address>0x97c4</run_address>
         <size>0x198</size>
         <input_file_ref idref="fl-11"/>
      </object_component>
      <object_component id="oc-13e">
         <name>.debug_info</name>
         <load_address>0x995c</load_address>
         <run_address>0x995c</run_address>
         <size>0x137</size>
         <input_file_ref idref="fl-11"/>
      </object_component>
      <object_component id="oc-55b">
         <name>.debug_info</name>
         <load_address>0x9a93</load_address>
         <run_address>0x9a93</run_address>
         <size>0x841</size>
         <input_file_ref idref="fl-12"/>
      </object_component>
      <object_component id="oc-558">
         <name>.debug_info</name>
         <load_address>0xa2d4</load_address>
         <run_address>0xa2d4</run_address>
         <size>0xe4</size>
         <input_file_ref idref="fl-12"/>
      </object_component>
      <object_component id="oc-553">
         <name>.debug_info</name>
[...]
         <name>PWM_init</name>
         <value>0x2000ded1</value>
         <object_component_ref idref="oc-1bd"/>
      </symbol>
      <symbol id="sm-294">
         <name>PowerCC32XX_contextSave</name>
         <value>0x2000ec98</value>
      </symbol>
      <symbol id="sm-295">
         <name>PowerCC32XX_configureWakeup</name>
         <value>0x2000d005</value>
         <object_component_ref idref="oc-270"/>
      </symbol>
      <symbol id="sm-296">
         <name>Power_registerNotify</name>
         <value>0x2000e3fd</value>
         <object_component_ref idref="oc-4b0"/>
      </symbol>
      <symbol id="sm-297">
         <name>PowerCC32XX_restoreParkedPin</name>
         <value>0x2000e3a5</value>
         <object_component_ref idref="oc-532"/>
      </symbol>
      <symbol id="sm-298">
         <name>Power_releaseDependency</name>
         <value>0x2000da15</value>
         <object_component_ref idref="oc-489"/>
      </symbol>
      <symbol id="sm-299">
         <name>Power_unregisterNotify</name>
         <value>0x2000e4b9</value>
         <object_component_ref idref="oc-48f"/>
      </symbol>
      <symbol id="sm-29a">
         <name>Power_sleep</name>
         <value>0x2000c9fd</value>
         <object_component_ref idref="oc-393"/>
      </symbol>
      <symbol id="sm-29b">
         <name>Power_releaseConstraint</name>
         <value>0x2000de01</value>
         <object_component_ref idref="oc-4e2"/>
      </symbol>
      <symbol id="sm-29c">
         <name>Power_idleFunc</name>
         <value>0x2000e581</value>
         <object_component_ref idref="oc-57e"/>
      </symbol>
      <symbol id="sm-29d">
         <name>Power_getConstraintMask</name>
         <value>0x2000e6fd</value>
         <object_component_ref idref="oc-370"/>
      </symbol>
      <symbol id="sm-29e">
         <name>Power_init</name>
         <value>0x2000d5e5</value>
         <object_component_ref idref="oc-1af"/>
      </symbol>
      <symbol id="sm-29f">
         <name>PowerCC32XX_setParkState</name>
         <value>0x2000d83d</value>
         <object_component_ref idref="oc-4bc"/>
      </symbol>
      <symbol id="sm-2a0">
         <name>Power_getDependencyCount</name>
         <value>0x2000e619</value>
         <object_component_ref idref="oc-52b"/>
      </symbol>
      <symbol id="sm-2a1">
         <name>Power_enablePolicy</name>
         <value>0x2000e6b1</value>
         <object_component_ref idref="oc-409"/>
      </symbol>
      <symbol id="sm-2a2">
         <name>Power_setConstraint</name>
         <value>0x2000e0e1</value>
         <object_component_ref idref="oc-4db"/>
      </symbol>
      <symbol id="sm-2a3">
         <name>PowerCC32XX_parkPin</name>
         <value>0x2000dbb1</value>
         <object_component_ref idref="oc-515"/>
      </symbol>
      <symbol id="sm-2a4">
         <name>PowerCC32XX_module</name>
         <value>0x2000ea18</value>
         <object_component_ref idref="oc-276"/>
      </symbol>
      <symbol id="sm-2a5">
         <name>Power_getTransitionLatency</name>
         <value>0x2000e569</value>
         <object_component_ref idref="oc-37c"/>
      </symbol>
      <symbol id="sm-2a6">
         <name>Power_setDependency</name>
         <value>0x2000d6ed</value>
         <object_component_ref idref="oc-4aa"/>
      </symbol>
      <symbol id="sm-2b7">
         <name>PowerCC32XX_enterLPDS</name>
         <value>0x2000df15</value>
         <object_component_ref idref="oc-44d"/>
      </symbol>
      <symbol id="sm-2b8">
         <name>PowerCC32XX_resumeLPDS</name>
         <value>0x2000da6d</value>
         <object_component_ref idref="oc-51e"/>
      </symbol>
      <symbol id="sm-3b9">
         <name>PWMTimerCC32XX_fxnTable</name>
         <value>0x2000e940</value>
         <object_component_ref idref="oc-30f"/>
      </symbol>
      <symbol id="sm-3ba">
         <name>PWMTimerCC32XX_setPeriod</name>
         <value>0x2000d28d</value>
         <object_component_ref idref="oc-3d2"/>
      </symbol>
      <symbol id="sm-3bb">
         <name>PWMTimerCC32XX_setDutyAndPeriod</name>
         <value>0x2000c8bd</value>
         <object_component_ref idref="oc-3d8"/>
      </symbol>
      <symbol id="sm-3bc">
         <name>PWMTimerCC32XX_stop</name>
         <value>0x2000cd21</value>
         <object_component_ref idref="oc-3e4"/>
      </symbol>
      <symbol id="sm-3bd">
         <name>PWMTimerCC32XX_start</name>
         <value>0x2000d76d</value>
         <object_component_ref idref="oc-3de"/>
      </symbol>
      <symbol id="sm-3be">
         <name>PWMTimerCC32XX_close</name>
         <value>0x2000d4d5</value>
         <object_component_ref idref="oc-3b4"/>
      </symbol>
      <symbol id="sm-3bf">
         <name>PWMTimerCC32XX_setDuty</name>
         <value>0x2000cea5</value>
         <object_component_ref idref="oc-3cc"/>
      </symbol>
      <symbol id="sm-3c0">
         <name>PWMTimerCC32XX_init</name>
         <value>0x2000dabf</value>
         <object_component_ref idref="oc-3c0"/>
      </symbol>
      <symbol id="sm-3c1">
         <name>PWMTimerCC32XX_control</name>
         <value>0x2000e731</value>
         <object_component_ref idref="oc-3ba"/>
      </symbol>
      <symbol id="sm-3c2">
         <name>PWMTimerCC32XX_open</name>
         <value>0x2000cc31</value>
         <object_component_ref idref="oc-3c6"/>
      </symbol>
      <symbol id="sm-3f8">
         <name>TimerCC32XX_freeTimerResource</name>
         <value>0x2000e30d</value>
         <object_component_ref idref="oc-47d"/>
      </symbol>
      <symbol id="sm-3f9">
         <name>TimerCC32XX_allocateTimerResource</name>
         <value>0x2000db61</value>
         <object_component_ref idref="oc-4a4"/>
      </symbol>
      <symbol id="sm-412">
         <name>List_remove</name>
         <value>0x2000e44b</value>
         <object_component_ref idref="oc-55e"/>
      </symbol>
      <symbol id="sm-413">
         <name>List_put</name>
         <value>0x2000e425</value>
         <object_component_ref idref="oc-56c"/>
      </symbol>
      <symbol id="sm-472">
         <name>SemaphoreP_defaultParams</name>
         <value>0x2000ec7c</value>
         <object_component_ref idref="oc-4ec"/>
      </symbol>
      <symbol id="sm-473">
         <name>SemaphoreP_construct</name>
         <value>0x2000db11</value>
         <object_component_ref idref="oc-32a"/>
      </symbol>
      <symbol id="sm-474">
         <name>SemaphoreP_destruct</name>
         <value>0x2000e6fb</value>
         <object_component_ref idref="oc-336"/>
      </symbol>
      <symbol id="sm-475">
         <name>SemaphoreP_pend</name>
         <value>0x2000d151</value>
         <object_component_ref idref="oc-330"/>
      </symbol>
      <symbol id="sm-476">
         <name>SemaphoreP_Params_init</name>
         <value>0x2000e6c1</value>
         <object_component_ref idref="oc-3f2"/>
      </symbol>
      <symbol id="sm-477">
         <name>clkFxn</name>
         <value>0x2000e74b</value>
         <object_component_ref idref="oc-41b"/>
      </symbol>
      <symbol id="sm-557">
         <name>ClockP_ctrl</name>
         <value>0x2000ee10</value>
      </symbol>
      <symbol id="sm-558">
         <name>ClockP_doTick</name>
         <value>0x2000dac1</value>
         <object_component_ref idref="oc-79"/>
      </symbol>
      <symbol id="sm-559">
         <name>ClockP_startup</name>
         <value>0x2000e2a5</value>
         <object_component_ref idref="oc-29e"/>
      </symbol>
      <symbol id="sm-55a">
         <name>ClockP_stop</name>
         <value>0x2000de49</value>
         <object_component_ref idref="oc-4fa"/>
      </symbol>
      <symbol id="sm-55b">
         <name>ClockP_getTicksUntilInterrupt</name>
         <value>0x2000e271</value>
         <object_component_ref idref="oc-376"/>
      </symbol>
      <symbol id="sm-55c">
         <name>ClockP_setTicks</name>
         <value>0x2000e691</value>
         <object_component_ref idref="oc-399"/>
      </symbol>
      <symbol id="sm-55d">
         <name>ClockP_tickPeriod</name>
         <value>0x2000ec8c</value>
         <object_component_ref idref="oc-2b0"/>
      </symbol>
      <symbol id="sm-55e">
         <name>ClockP_usleep</name>
         <value>0x2000dce1</value>
         <object_component_ref idref="oc-1ea"/>
      </symbol>
      <symbol id="sm-55f">
         <name>ClockP_getSystemTicks</name>
         <value>0x2000e681</value>
         <object_component_ref idref="oc-382"/>
      </symbol>
      <symbol id="sm-560">
         <name>ClockP_destruct</name>
         <value>0x2000e0a5</value>
         <object_component_ref idref="oc-415"/>
      </symbol>
      <symbol id="sm-561">
         <name>ClockP_start</name>
         <value>0x2000e375</value>
         <object_component_ref idref="oc-403"/>
      </symbol>
      <symbol id="sm-562">
         <name>ClockP_sysTickHandler</name>
         <value>0x2000dac1</value>
         <object_component_ref idref="oc-79"/>
      </symbol>
      <symbol id="sm-563">
         <name>ClockP_isActive</name>
         <value>0x2000e709</value>
         <object_component_ref idref="oc-40f"/>
      </symbol>
      <symbol id="sm-564">
         <name>ClockP_getCpuFreq</name>
         <value>0x2000e671</value>
         <object_component_ref idref="oc-364"/>
      </symbol>
      <symbol id="sm-565">
         <name>ClockP_add</name>
         <value>0x2000e661</value>
         <object_component_ref idref="oc-3fd"/>
      </symbol>
      <symbol id="sm-597">
         <name>HwiP_swiPIntNum</name>
         <value>0x2000ec88</value>
         <object_component_ref idref="oc-478"/>
      </symbol>
      <symbol id="sm-598">
         <name>HwiP_disable</name>
         <value>0x2000e6d1</value>
         <object_component_ref idref="oc-27e"/>
      </symbol>
      <symbol id="sm-599">
         <name>HwiP_key</name>
         <value>0x2000ec84</value>
         <object_component_ref idref="oc-478"/>
      </symbol>
      <symbol id="sm-59a">
         <name>HwiP_post</name>
         <value>0x2000e73d</value>
         <object_component_ref idref="oc-472"/>
      </symbol>
      <symbol id="sm-59b">
         <name>HwiP_enable</name>
         <value>0x2000e6df</value>
         <object_component_ref idref="oc-158"/>
      </symbol>
      <symbol id="sm-59c">
         <name>HwiP_restore</name>
         <value>0x2000e6a1</value>
         <object_component_ref idref="oc-284"/>
      </symbol>
      <symbol id="sm-5cc">
         <name>PowerCC32XX_initPolicy</name>
         <value>0x2000e567</value>
         <object_component_ref idref="oc-2f7"/>
      </symbol>
      <symbol id="sm-5cd">
         <name>PowerCC32XX_sleepPolicy</name>
         <value>0x2000c46d</value>
         <object_component_ref idref="oc-2fd"/>
      </symbol>
      <symbol id="sm-622">
         <name>resetISR</name>
         <value>0x2000e54d</value>
         <object_component_ref idref="oc-21"/>
      </symbol>
      <symbol id="sm-623">
         <name>resetVectorAddr</name>
         <value>0x2000e560</value>
         <object_component_ref idref="oc-21"/>
      </symbol>
      <symbol id="sm-624">
         <name>initVectors</name>
         <value>0x2000e201</value>
         <object_component_ref idref="oc-59"/>
      </symbol>
      <symbol id="sm-625">
         <name>resetVectors</name>
         <value>0x20004000</value>
         <object_component_ref idref="oc-27"/>
      </symbol>
      <symbol id="sm-655">
         <name>SwiP_disable</name>
         <value>0x2000e515</value>
         <object_component_ref idref="oc-36a"/>
      </symbol>
      <symbol id="sm-656">
         <name>SwiP_restore</name>
         <value>0x2000df59</value>
         <object_component_ref idref="oc-39f"/>
      </symbol>
      <symbol id="sm-661">
         <name>CPUcpsid</name>
         <value>0x2000e5dd</value>
         <object_component_ref idref="oc-a3"/>
      </symbol>
      <symbol id="sm-6a6">
         <name>IntVTableBaseSet</name>
         <value>0x2000e5f1</value>
         <object_component_ref idref="oc-af"/>
      </symbol>
      <symbol id="sm-6a7">
         <name>IntEnable</name>
         <value>0x2000cf5d</value>
         <object_component_ref idref="oc-b5"/>
      </symbol>
      <symbol id="sm-6a8">
         <name>IntMasterDisable</name>
         <value>0x2000e713</value>
         <object_component_ref idref="oc-53"/>
      </symbol>
      <symbol id="sm-6a9">
         <name>IntPendSet</name>
         <value>0x2000d44d</value>
         <object_component_ref idref="oc-541"/>
      </symbol>
      <symbol id="sm-6e3">
         <name>PinModeGet</name>
         <value>0x2000e2d9</value>
         <object_component_ref idref="oc-263"/>
      </symbol>
      <symbol id="sm-6e4">
         <name>PinConfigSet</name>
         <value>0x2000d55d</value>
         <object_component_ref idref="oc-587"/>
      </symbol>
      <symbol id="sm-6e5">
         <name>PinModeSet</name>
         <value>0x2000e065</value>
         <object_component_ref idref="oc-269"/>
      </symbol>
      <symbol id="sm-6e6">
         <name>PinToPadGet</name>
         <value>0x2000e4f9</value>
         <object_component_ref idref="oc-495"/>
      </symbol>
      <symbol id="sm-7af">
         <name>PRCMLPDSRestoreInfoSet</name>
         <value>0x2000de8d</value>
         <object_component_ref idref="oc-523"/>
      </symbol>
      <symbol id="sm-7b0">
         <name>PRCMPeripheralReset</name>
         <value>0x2000d9bd</value>
         <object_component_ref idref="oc-257"/>
      </symbol>
      <symbol id="sm-7b1">
         <name>PRCMLPDSEnter</name>
         <value>0x2000dd71</value>
         <object_component_ref idref="oc-464"/>
      </symbol>
      <symbol id="sm-7b2">
         <name>PRCMPeripheralClkEnable</name>
         <value>0x2000ddb9</value>
         <object_component_ref idref="oc-251"/>
      </symbol>
      <symbol id="sm-7b3">
         <name>PRCMLPDSEnterKeepDebugIf</name>
         <value>0x2000e191</value>
         <object_component_ref idref="oc-46a"/>
      </symbol>
      <symbol id="sm-7b4">
         <name>PRCMCC3200MCUInit</name>
         <value>0x2000c041</value>
         <object_component_ref idref="oc-1a9"/>
      </symbol>
      <symbol id="sm-7b5">
         <name>PRCMHIBRegWrite</name>
         <value>0x2000e5c7</value>
         <object_component_ref idref="oc-245"/>
      </symbol>
      <symbol id="sm-7b6">
         <name>PRCMSysResetCauseGet</name>
         <value>0x2000d8a1</value>
         <object_component_ref idref="oc-23e"/>
      </symbol>
      <symbol id="sm-7b7">
         <name>PRCMPeripheralClkDisable</name>
         <value>0x2000e3d5</value>
         <object_component_ref idref="oc-25d"/>
      </symbol>
      <symbol id="sm-7b8">
         <name>PRCMHIBRegRead</name>
         <value>0x2000e5b1</value>
         <object_component_ref idref="oc-24b"/>
      </symbol>
      <symbol id="sm-7bd">
         <name>UtilsDelay</name>
         <value>0x2000e737</value>
         <object_component_ref idref="oc-244"/>
      </symbol>
      <symbol id="sm-7cd">
         <name>FlashDisable</name>
         <value>0x2000dd29</value>
         <object_component_ref idref="oc-539"/>
      </symbol>
      <symbol id="sm-7d8">
         <name>__aeabi_dmul</name>
         <value>0x2000cb35</value>
         <object_component_ref idref="oc-1da"/>
      </symbol>
      <symbol id="sm-7e2">
         <name>__aeabi_d2uiz</name>
         <value>0x2000dfe1</value>
         <object_component_ref idref="oc-1df"/>
      </symbol>
      <symbol id="sm-7eb">
         <name>__aeabi_lmul</name>
         <value>0x2000e599</value>
         <object_component_ref idref="oc-324"/>
      </symbol>
      <symbol id="sm-806">
         <name>memcpy</name>
         <value>0x2000d1f1</value>
         <object_component_ref idref="oc-3b"/>
      </symbol>
      <symbol id="sm-807">
         <name>__aeabi_memcpy</name>
         <value>0x2000d1f1</value>
         <object_component_ref idref="oc-3b"/>
      </symbol>
      <symbol id="sm-808">
         <name>__aeabi_memcpy8</name>
         <value>0x2000d1f1</value>
         <object_component_ref idref="oc-3b"/>
      </symbol>
      <symbol id="sm-809">
         <name>__aeabi_memcpy4</name>
         <value>0x2000d1f1</value>
         <object_component_ref idref="oc-3b"/>
      </symbol>
      <symbol id="sm-813">
         <name>__aeabi_ui2d</name>
         <value>0x2000e4d9</value>
         <object_component_ref idref="oc-1d5"/>
      </symbol>
      <symbol id="sm-820">
         <name>__aeabi_uldivmod</name>
         <value>0x2000d325</value>
         <object_component_ref idref="oc-38e"/>
      </symbol>
      <symbol id="sm-834">
         <name>__TI_zero_init_nomemset</name>
         <value>0x2000e531</value>
         <object_component_ref idref="oc-47"/>
      </symbol>
      <symbol id="sm-84b">
         <name>__TI_decompress_none</name>
         <value>0x2000e6ed</value>
         <object_component_ref idref="oc-1a"/>
      </symbol>
      <symbol id="sm-86e">
         <name>__TI_decompress_lzss</name>
         <value>0x2000d7d5</value>
         <object_component_ref idref="oc-14"/>
      </symbol>
      <symbol id="sm-883">
         <name>_sys_memory</name>
         <value>0x20004040</value>
         <object_component_ref idref="oc-2a"/>
      </symbol>
      <symbol id="sm-895">
         <name>__stack</name>
         <value>0x20003000</value>
         <object_component_ref idref="oc-2d"/>
      </symbol>
      <symbol id="sm-896">
         <name>_c_int00_noargs</name>
         <value>0x2000e471</value>
         <object_component_ref idref="oc-c5"/>
      </symbol>
      <symbol id="sm-8a0">
         <name>__aeabi_idiv0</name>
         <value>0x2000e753</value>
         <object_component_ref idref="oc-435"/>
      </symbol>
      <symbol id="sm-8a1">
         <name>__aeabi_ldiv0</name>
         <value>0x2000e753</value>
         <object_component_ref idref="oc-435"/>
      </symbol>
      <symbol id="sm-8ca">
         <name>__TI_auto_init_nobinit_nopinit</name>
         <value>0x2000df9d</value>
         <object_component_ref idref="oc-171"/>
      </symbol>
      <symbol id="sm-8d4">
         <name>_system_pre_init</name>
         <value>0x2000e741</value>
         <object_component_ref idref="oc-114"/>
      </symbol>
      <symbol id="sm-8e0">
         <name>C$$EXIT</name>
         <value>0x2000e745</value>
         <object_component_ref idref="oc-165"/>
      </symbol>
      <symbol id="sm-8e1">
         <name>abort</name>
         <value>0x2000e745</value>
         <object_component_ref idref="oc-165"/>
      </symbol>
      <symbol id="sm-8e4">
         <name>__TI_static_base__</name>
         <value>0x2000ee38</value>
      </symbol>
      <symbol id="sm-8e7">
         <name>ITM_flush</name>
         <value>0x0</value>
      </symbol>
      <symbol id="sm-8e8">
         <name>ITM_restore</name>
         <value>0x0</value>
      </symbol>
      <symbol id="sm-8e9">
         <name>__mpu_init</name>
         <value>0x0</value>
      </symbol>
      <symbol id="sm-8ea">
         <name>_system_post_cinit</name>
         <value>0x0</value>
      </symbol>
      <symbol id="sm-8eb">
         <name>usleep</name>
         <value>0x2000dce1</value>
      </symbol>
      <symbol id="sm-8ec">
         <name>NoRTOS_start</name>
         <value>0x2000e6df</value>
      </symbol>
   </symbol_table>
   <title>Link successful</title>
</link_info>
