******************************************************************************
                  TI ARM Linker PC v20.2.5                     
******************************************************************************
>> Linked Sat Jun  5 23:43:18 2021

OUTPUT FILE NAME:   <uartecho_CC3220S_LAUNCHXL_nortos_ccs.out>
ENTRY POINT SYMBOL: "resetISR"  address: 2000f359


MEMORY CONFIGURATION

         name            origin    length      used     unused   attr    fill
----------------------  --------  ---------  --------  --------  ----  --------
  SRAM2                 20000000   00004000  0000130c  00002cf4  RW X
  SRAM                  20004000   0003c000  0000c296  0002fd6a  RW X
  LOG_DATA              90000000   00040000  00000000  00040000  R   


SEGMENT ALLOCATION MAP

run origin  load origin   length   init length attrs members
----------  ----------- ---------- ----------- ----- -------
20003000    20003000    00001000   00000000    rw-
  20003000    20003000    00001000   00000000    rw- .stack
20004000    20004000    00000040   00000040    r--
  20004000    20004000    00000040   00000040    r-- .resetVecs
20004040    20004040    00008000   00000000    rw-
  20004040    20004040    00008000   00000000    rw- .sysmem
2000c040    2000c040    0000361c   0000361c    r-x
  2000c040    2000c040    0000361c   0000361c    r-x .text
2000f65c    2000f65c    000005ac   00000000    rw-
  2000f65c    2000f65c    000005ac   00000000    rw- .data
2000fc08    2000fc08    0000037a   0000037a    r--
  2000fc08    2000fc08    0000037a   0000037a    r-- .const
2000ff88    2000ff88    0000022c   00000000    rw-
  2000ff88    2000ff88    0000022c   00000000    rw- .bss
200101b8    200101b8    000000e8   000000e8    r--
  200101b8    200101b8    000000e8   000000e8    r-- .cinit


SECTION ALLOCATION MAP

 output                                  attributes/
section   page    origin      length       input sections
--------  ----  ----------  ----------   ----------------
.text      0    2000c040    0000361c     
                  2000c040    0000042c     driverlib.a : prcm.obj (.text:PRCMCC3200MCUInit)
                  2000c46c    00000288     drivers_cc32xx.a : UARTCC32XX.oem4 (.text:UARTCC32XX_open)
                  2000c6f4    000001e4                      : GPIOCC32XX.oem4 (.text:GPIO_setConfig)
                  2000c8d8    0000019c     nortos_cc32xx.a : PowerCC32XX_nortos.oem4 (.text:PowerCC32XX_sleepPolicy)
                  2000ca74    00000180     uartecho.obj (.text:mainThread)
                  2000cbf4    00000148     drivers_cc32xx.a : PowerCC32XX.oem4 (.text:parkPins)
                  2000cd3c    00000138                      : PowerCC32XX.oem4 (.text:Power_sleep)
                  2000ce74    00000120                      : UARTCC32XX.oem4 (.text:UARTCC32XX_close)
                  2000cf94    00000100     rtsv7M4_T_le_eabi.lib : memory.c.obj (.text:aligned_alloc)
                  2000d094    000000f2     drivers_cc32xx.a : UARTCC32XX.oem4 (.text:UARTCC32XX_control)
                  2000d186    00000002     ti_drivers_config.obj (.text:Board_initHook)
                  2000d188    000000e4     rtsv7M4_T_le_eabi.lib : memory.c.obj (.text:free)
                  2000d26c    000000ca     drivers_cc32xx.a : UARTCC32XX.oem4 (.text:UARTCC32XX_write)
                  2000d336    00000002     nortos_cc32xx.a : PowerCC32XX_nortos.oem4 (.text:PowerCC32XX_initPolicy)
                  2000d338    000000c4     drivers_cc32xx.a : GPIOCC32XX.oem4 (.text:GPIO_init)
                  2000d3fc    000000c0                      : PowerCC32XX.oem4 (.text:restoreParkedPins)
                  2000d4bc    000000ba                      : UARTCC32XX.oem4 (.text:UARTCC32XX_readPolling)
                  2000d576    00000002                      : UARTCC32XX.oem4 (.text:UARTCC32XX_init)
                  2000d578    000000b8                      : UARTCC32XX.oem4 (.text:initHw)
                  2000d630    000000b6                      : UARTCC32XX.oem4 (.text:readTaskCallback)
                  2000d6e6    000000b0                      : UARTCC32XX.oem4 (.text:readTaskBlocking)
                  2000d796    000000ae                      : UARTCC32XX.oem4 (.text:readIsrTextBlocking)
                  2000d844    000000a8     driverlib.a : interrupt.obj (.text:IntEnable)
                  2000d8ec    000000a8     drivers_cc32xx.a : PowerCC32XX.oem4 (.text:PowerCC32XX_configureWakeup)
                  2000d994    000000a2                      : UARTCC32XX.oem4 (.text:readIsrTextCallback)
                  2000da36    000000a2                      : UARTCC32XX.oem4 (.text:writeData)
                  2000dad8    000000a0     nortos_cc32xx.a : SemaphoreP_nortos.oem4 (.text:SemaphoreP_pend)
                  2000db78    0000009c     rtsv7M4_T_le_eabi.lib : memcpy_t2.asm.obj (.text)
                  2000dc14    00000098     drivers_cc32xx.a : GPIOCC32XX.oem4 (.text:powerNotifyFxn)
                  2000dcac    00000096     rtsv7M4_T_le_eabi.lib : ull_div_t2.asm.obj (.text)
                  2000dd42    00000002                           : _lock.c.obj (.text:_nop)
                  2000dd44    00000090     drivers_cc32xx.a : PowerCC32XX.oem4 (.text:restoreNVICRegs)
                  2000ddd4    0000008c     nortos_cc32xx.a : HwiPCC32XX_nortos.oem4 (.text:HwiP_construct)
                  2000de60    00000088     driverlib.a : interrupt.obj (.text:IntPendSet)
                  2000dee8    00000088                 : pin.obj (.text:PinConfigSet)
                  2000df70    00000084     drivers_cc32xx.a : PowerCC32XX.oem4 (.text:Power_init)
                  2000dff4    00000084                      : PowerCC32XX.oem4 (.text:saveNVICRegs)
                  2000e078    00000080                      : PowerCC32XX.oem4 (.text:Power_setDependency)
                  2000e0f8    0000007c                      : UARTCC32XX.oem4 (.text:readIsrBinaryBlocking)
                  2000e174    00000078                      : GPIOCC32XX.oem4 (.text:GPIO_hwiIntFxn)
                  2000e1ec    00000078                      : UARTCC32XX.oem4 (.text:readIsrBinaryCallback)
                  2000e264    00000074                      : UARTCC32XX.oem4 (.text:UARTCC32XX_hwiIntFxn)
                  2000e2d8    00000070     rtsv7M4_T_le_eabi.lib : memory.c.obj (.text:split)
                  2000e348    00000068                           : copy_decompress_lzss.c.obj (.text:decompress:lzss:__TI_decompress_lzss)
                  2000e3b0    00000066     drivers_cc32xx.a : UARTCC32XX.oem4 (.text:UARTCC32XX_writeCancel)
                  2000e416    00000002     nortos_cc32xx.a : startup_cc32xx_ccs.oem4 (.text:busFaultHandler)
                  2000e418    00000064     drivers_cc32xx.a : PowerCC32XX.oem4 (.text:PowerCC32XX_setParkState)
                  2000e47c    00000062                      : UARTCC32XX.oem4 (.text:UARTCC32XX_writePolling)
                  2000e4de    00000002     nortos_cc32xx.a : SemaphoreP_nortos.oem4 (.text:clkFxn)
                  2000e4e0    00000060     driverlib.a : prcm.obj (.text:PRCMSysResetCauseGet)
                  2000e540    0000005c     drivers_cc32xx.a : GPIOCC32XX.oem4 (.text:GPIO_setCallback)
                  2000e59c    0000005c     nortos_cc32xx.a : ClockPSysTick_nortos.oem4 (.text:sysTickInit)
                  2000e5f8    00000058     drivers_cc32xx.a : GPIOCC32XX.oem4 (.text:GPIO_write)
                  2000e650    00000058     driverlib.a : prcm.obj (.text:PRCMPeripheralReset)
                  2000e6a8    00000058     drivers_cc32xx.a : PowerCC32XX.oem4 (.text:Power_releaseDependency)
                  2000e700    00000054                      : UARTCC32XX.oem4 (.text:ringBufGet)
                  2000e754    00000052                      : PowerCC32XX_asm.oem4 (.text:PowerCC32XX_resumeLPDS)
                  2000e7a6    00000002     nortos_cc32xx.a : startup_cc32xx_ccs.oem4 (.text:defaultHandler)
                  2000e7a8    00000050                     : ClockPSysTick_nortos.oem4 (.text:ClockP_sysTickHandler)
                  2000e7f8    00000050                     : SemaphoreP_nortos.oem4 (.text:SemaphoreP_construct)
                  2000e848    0000004c     drivers_cc32xx.a : GPIOCC32XX.oem4 (.text:GPIO_enableInt)
                  2000e894    0000004c                      : PowerCC32XX.oem4 (.text:PowerCC32XX_parkPin)
                  2000e8e0    0000004c                      : PowerCC32XX.oem4 (.text:restorePeriphClocks)
                  2000e92c    00000048     driverlib.a : flash.obj (.text:FlashDisable)
                  2000e974    00000048                 : prcm.obj (.text:PRCMLPDSEnter)
                  2000e9bc    00000048                 : prcm.obj (.text:PRCMPeripheralClkEnable)
                  2000ea04    00000048     drivers_cc32xx.a : PowerCC32XX.oem4 (.text:Power_releaseConstraint)
                  2000ea4c    00000046                      : RingBuf.oem4 (.text:RingBuf_put)
                  2000ea92    00000002     nortos_cc32xx.a : startup_cc32xx_ccs.oem4 (.text:faultISR)
                  2000ea94    00000044                     : ClockPSysTick_nortos.oem4 (.text:ClockP_stop)
                  2000ead8    00000044     driverlib.a : prcm.obj (.text:PRCMLPDSRestoreInfoSet)
                  2000eb1c    00000044     drivers_cc32xx.a : PowerCC32XX_asm.oem4 (.text:PowerCC32XX_enterLPDS)
                  2000eb60    00000044     nortos_cc32xx.a : SemaphoreP_nortos.oem4 (.text:SemaphoreP_post)
                  2000eba4    00000044                     : SwiP_nortos.oem4 (.text:SwiP_restore)
                  2000ebe8    00000044     drivers_cc32xx.a : UART.oem4 (.text:UART_init)
                  2000ec2c    00000044     rtsv7M4_T_le_eabi.lib : autoinit.c.obj (.text:__TI_auto_init_nobinit_nopinit:__TI_auto_init_nobinit_nopinit)
                  2000ec70    00000040     nortos_cc32xx.a : ClockPSysTick_nortos.oem4 (.text:ClockP_construct)
                  2000ecb0    00000040     driverlib.a : pin.obj (.text:PinModeSet)
                  2000ecf0    00000040     drivers_cc32xx.a : RingBuf.oem4 (.text:RingBuf_get)
                  2000ed30    00000040                      : UARTCC32XX.oem4 (.text:UARTCC32XX_read)
                  2000ed70    00000040                      : UART.oem4 (.text:UART_open)
                  2000edb0    0000003c     nortos_cc32xx.a : ClockPSysTick_nortos.oem4 (.text:ClockP_destruct)
                  2000edec    0000003c     drivers_cc32xx.a : PowerCC32XX.oem4 (.text:Power_setConstraint)
                  2000ee28    0000003a     nortos_cc32xx.a : PowerCC32XX_nortos.oem4 (.text:getCountsRTC)
                  2000ee62    00000002                     : startup_cc32xx_ccs.oem4 (.text:nmiISR)
                  2000ee64    00000038     driverlib.a : prcm.obj (.text:PRCMLPDSEnterKeepDebugIf)
                  2000ee9c    00000038     nortos_cc32xx.a : ClockPSysTick_nortos.oem4 (.text:addToList)
                  2000eed4    00000038                     : startup_cc32xx_ccs.oem4 (.text:initVectors)
                  2000ef0c    00000038     drivers_cc32xx.a : PowerCC32XX.oem4 (.text:notify)
                  2000ef44    00000036                      : UARTCC32XX.oem4 (.text:UARTCC32XX_readCancel)
                  2000ef7a    00000002     rtsv7M4_T_le_eabi.lib : div0.asm.obj (.text)
                  2000ef7c    00000034     nortos_cc32xx.a : ClockPSysTick_nortos.oem4 (.text:ClockP_getTicksUntilInterrupt)
                  2000efb0    00000034                     : ClockPSysTick_nortos.oem4 (.text:ClockP_startup)
                  2000efe4    00000034     driverlib.a : pin.obj (.text:PinModeGet)
                  2000f018    00000034     drivers_cc32xx.a : PowerCC32XX.oem4 (.text:PowerCC32XX_restoreParkState)
                  2000f04c    00000030     nortos_cc32xx.a : ClockPSysTick_nortos.oem4 (.text:ClockP_start)
                  2000f07c    00000030     drivers_cc32xx.a : PowerCC32XX.oem4 (.text:PowerCC32XX_restoreParkedPin)
                  2000f0ac    0000002c                      : PowerCC32XX.oem4 (.text:PowerCC32XX_getParkState)
                  2000f0d8    0000002a     nortos_cc32xx.a : HwiPCC32XX_nortos.oem4 (.text:HwiP_create)
                  2000f102    00000002     --HOLE-- [fill = 0]
                  2000f104    00000028     driverlib.a : prcm.obj (.text:PRCMPeripheralClkDisable)
                  2000f12c    00000028     drivers_cc32xx.a : PowerCC32XX.oem4 (.text:Power_registerNotify)
                  2000f154    00000028     rtsv7M4_T_le_eabi.lib : memory.c.obj (.text:free_list_insert)
                  2000f17c    00000026     drivers_cc32xx.a : List.oem4 (.text:List_put)
                  2000f1a2    00000026                      : List.oem4 (.text:List_remove)
                  2000f1c8    00000024     nortos_cc32xx.a : HwiPCC32XX_nortos.oem4 (.text:HwiP_dispatch)
                  2000f1ec    00000024     drivers_cc32xx.a : PowerCC32XX.oem4 (.text:PowerCC32XX_reset)
                  2000f210    00000024     rtsv7M4_T_le_eabi.lib : boot_cortex_m.c.obj (.text:_c_int00_noargs:_c_int00_noargs)
                  2000f234    00000020     nortos_cc32xx.a : HwiPCC32XX_nortos.oem4 (.text:HwiP_destruct)
                  2000f254    00000020     drivers_cc32xx.a : PowerCC32XX.oem4 (.text:Power_unregisterNotify)
                  2000f274    00000020                      : RingBuf.oem4 (.text:RingBuf_peek)
                  2000f294    00000020                      : UARTCC32XX.oem4 (.text:getPowerMgrId)
                  2000f2b4    0000001c     driverlib.a : pin.obj (.text:PinToPadGet)
                  2000f2d0    0000001c     nortos_cc32xx.a : SwiP_nortos.oem4 (.text:SwiP_disable)
                  2000f2ec    0000001c     rtsv7M4_T_le_eabi.lib : copy_zero_init.c.obj (.text:decompress:ZI:__TI_zero_init_nomemset:__TI_zero_init_nomemset)
                  2000f308    0000001c                           : memory.c.obj (.text:free_list_remove)
                  2000f324    0000001a     nortos_cc32xx.a : ClockPSysTick_nortos.oem4 (.text:ClockP_create)
                  2000f33e    0000001a                     : SemaphoreP_nortos.oem4 (.text:SemaphoreP_createBinary)
                  2000f358    0000001a                     : startup_cc32xx_ccs.oem4 (.text:resetISR)
                  2000f372    00000002     --HOLE-- [fill = 0]
                  2000f374    00000018     drivers_cc32xx.a : PowerCC32XX.oem4 (.text:Power_getTransitionLatency)
                  2000f38c    00000018                      : PowerCC32XX.oem4 (.text:Power_idleFunc)
                  2000f3a4    00000018     driverlib.a : uart.obj (.text:UARTBusy)
                  2000f3bc    00000018                 : uart.obj (.text:UARTIntEnable)
                  2000f3d4    00000018     drivers_cc32xx.a : UART.oem4 (.text:UART_Params_init)
                  2000f3ec    00000018     rtsv7M4_T_le_eabi.lib : ll_mul_t2.asm.obj (.text)
                  2000f404    00000016     driverlib.a : prcm.obj (.text:PRCMHIBRegRead)
                  2000f41a    00000016                 : prcm.obj (.text:PRCMHIBRegWrite)
                  2000f430    00000016     nortos_cc32xx.a : SemaphoreP_nortos.oem4 (.text:SemaphoreP_create)
                  2000f446    00000014     driverlib.a : cpu.obj (.text:CPUcpsid)
                  2000f45a    00000002     --HOLE-- [fill = 0]
                  2000f45c    00000014     nortos_cc32xx.a : HwiPCC32XX_nortos.oem4 (.text:HwiP_inISR)
                  2000f470    00000014     driverlib.a : interrupt.obj (.text:IntVTableBaseSet)
                  2000f484    00000014     drivers_cc32xx.a : PowerCC32XX.oem4 (.text:Power_disablePolicy)
                  2000f498    00000014                      : PowerCC32XX.oem4 (.text:Power_getDependencyCount)
                  2000f4ac    00000014                      : UARTCC32XX.oem4 (.text:releasePowerConstraint)
                  2000f4c0    00000012     nortos_cc32xx.a : HwiPCC32XX_nortos.oem4 (.text:HwiP_Params_init)
                  2000f4d2    00000012     drivers_cc32xx.a : RingBuf.oem4 (.text:RingBuf_construct)
                  2000f4e4    00000012     main_nortos.obj (.text:main)
                  2000f4f6    00000010     ti_drivers_config.obj (.text:Board_init)
                  2000f506    00000010     nortos_cc32xx.a : ClockPSysTick_nortos.oem4 (.text:ClockP_add)
                  2000f516    00000010                     : ClockPSysTick_nortos.oem4 (.text:ClockP_delete)
                  2000f526    00000002     --HOLE-- [fill = 0]
                  2000f528    00000010                     : ClockPSysTick_nortos.oem4 (.text:ClockP_getCpuFreq)
                  2000f538    00000010                     : ClockPSysTick_nortos.oem4 (.text:ClockP_getSystemTicks)
                  2000f548    00000010                     : ClockPSysTick_nortos.oem4 (.text:ClockP_setTicks)
                  2000f558    00000010                     : HwiPCC32XX_nortos.oem4 (.text:HwiP_delete)
                  2000f568    00000010                     : HwiPCC32XX_nortos.oem4 (.text:HwiP_restore)
                  2000f578    00000010     drivers_cc32xx.a : PowerCC32XX.oem4 (.text:Power_enablePolicy)
                  2000f588    00000010     nortos_cc32xx.a : SemaphoreP_nortos.oem4 (.text:SemaphoreP_Params_init)
                  2000f598    00000010     drivers_cc32xx.a : UARTCC32XX.oem4 (.text:readBlockingTimeout)
                  2000f5a8    0000000e     nortos_cc32xx.a : HwiPCC32XX_nortos.oem4 (.text:HwiP_disable)
                  2000f5b6    0000000e                     : HwiPCC32XX_nortos.oem4 (.text:HwiP_enable)
                  2000f5c4    0000000e     drivers_cc32xx.a : RingBuf.oem4 (.text:RingBuf_isFull)
                  2000f5d2    0000000e     rtsv7M4_T_le_eabi.lib : copy_decompress_none.c.obj (.text:decompress:none:__TI_decompress_none)
                  2000f5e0    0000000c     drivers_cc32xx.a : PowerCC32XX.oem4 (.text:Power_getConstraintMask)
                  2000f5ec    0000000c                      : UARTCC32XX.oem4 (.text:postNotifyFxn)
                  2000f5f8    0000000a     nortos_cc32xx.a : ClockPSysTick_nortos.oem4 (.text:ClockP_Params_init)
                  2000f602    0000000a                     : ClockPSysTick_nortos.oem4 (.text:ClockP_isActive)
                  2000f60c    0000000a     driverlib.a : interrupt.obj (.text:IntMasterDisable)
                  2000f616    0000000a     drivers_cc32xx.a : UART.oem4 (.text:UART_read)
                  2000f620    0000000a                      : UART.oem4 (.text:UART_write)
                  2000f62a    00000008     rtsv7M4_T_le_eabi.lib : memory.c.obj (.text:malloc)
                  2000f632    00000008     drivers_cc32xx.a : UARTCC32XX.oem4 (.text:readSemCallback)
                  2000f63a    00000008                      : UARTCC32XX.oem4 (.text:writeSemCallback)
                  2000f642    00000006     driverlib.a : utils.obj (.text:UtilsDelay)
                  2000f648    00000004     nortos_cc32xx.a : ClockPSysTick_nortos.oem4 (.text:ClockP_setTimeout)
                  2000f64c    00000004                     : HwiPCC32XX_nortos.oem4 (.text:HwiP_post)
                  2000f650    00000004                     : SemaphoreP_nortos.oem4 (.text:SemaphoreP_delete)
                  2000f654    00000004     rtsv7M4_T_le_eabi.lib : pre_init.c.obj (.text:_system_pre_init)
                  2000f658    00000004                           : exit.c.obj (.text:abort:abort)

.const     0    2000fc08    0000037a     
                  2000fc08    00000100     driverlib.a : pin.obj (.const:g_ulPinToPadMap)
                  2000fd08    000000a8                 : prcm.obj (.const:PRCM_PeriphRegsList)
                  2000fdb0    00000044     ti_drivers_config.obj (.const:PowerCC32XX_config)
                  2000fdf4    00000028     drivers_cc32xx.a : UARTCC32XX.oem4 (.const:UARTCC32XX_fxnTable)
                  2000fe1c    00000024                      : UART.oem4 (.const:UART_defaultParams)
                  2000fe40    00000024     ti_drivers_config.obj (.const:uartCC32XXHWAttrs0)
                  2000fe64    00000021     drivers_cc32xx.a : GPIOCC32XX.oem4 (.const:.string:pinTable)
                  2000fe85    00000003     ti_drivers_config.obj (.const)
                  2000fe88    00000020     drivers_cc32xx.a : UARTCC32XX.oem4 (.const:staticFxnTable)
                  2000fea8    00000018     driverlib.a : interrupt.obj (.const:g_pulEnRegs)
                  2000fec0    00000018                 : interrupt.obj (.const:g_pulPendRegs)
                  2000fed8    00000016     uartecho.obj (.const:.string:$P$T0$1)
                  2000feee    00000002     --HOLE-- [fill = 0]
                  2000fef0    00000014     ti_drivers_config.obj (.const:GPIOCC32XX_config)
                  2000ff04    00000014     drivers_cc32xx.a : GPIOCC32XX.oem4 (.const:gpioBaseAddresses)
                  2000ff18    00000014                      : UARTCC32XX.oem4 (.const:parityType)
                  2000ff2c    00000014                      : GPIOCC32XX.oem4 (.const:powerResources)
                  2000ff40    00000010                      : UARTCC32XX.oem4 (.const:dataLength)
                  2000ff50    0000000c     ti_drivers_config.obj (.const:UART_config)
                  2000ff5c    00000008     drivers_cc32xx.a : GPIOCC32XX.oem4 (.const:outPinTypes)
                  2000ff64    00000008                      : UARTCC32XX.oem4 (.const:stopBits)
                  2000ff6c    00000006                      : GPIOCC32XX.oem4 (.const:.string:interruptType)
                  2000ff72    00000006                      : GPIOCC32XX.oem4 (.const:inPinTypes)
                  2000ff78    00000006                      : GPIOCC32XX.oem4 (.const:outPinStrengths)
                  2000ff7e    00000004                      : GPIOCC32XX.oem4 (.const:.string:portInterruptIds)

.cinit     0    200101b8    000000e8     
                  200101b8    000000be     (.cinit..data.load) [load image, compression = lzss]
                  20010276    00000002     --HOLE-- [fill = 0]
                  20010278    0000000c     (__TI_handler_table)
                  20010284    00000004     --HOLE-- [fill = 0]
                  20010288    00000008     (.cinit..bss.load) [load image, compression = zero_init]
                  20010290    00000010     (__TI_cinit_table)

.init_array 
*          0    20004000    00000000     UNINITIALIZED

.ramVecs   0    20000000    0000030c     NOLOAD SECTION
                  20000000    0000030c     nortos_cc32xx.a : startup_cc32xx_ccs.oem4 (.ramVecs)

.stack     0    20003000    00001000     UNINITIALIZED
                  20003000    00000004     rtsv7M4_T_le_eabi.lib : boot_cortex_m.c.obj (.stack)
                  20003004    00000ffc     --HOLE--

.resetVecs 
*          0    20004000    00000040     
                  20004000    00000040     nortos_cc32xx.a : startup_cc32xx_ccs.oem4 (.resetVecs:retain)

.sysmem    0    20004040    00008000     UNINITIALIZED
                  20004040    00000010     rtsv7M4_T_le_eabi.lib : memory.c.obj (.sysmem)
                  20004050    00007ff0     --HOLE--

.data      0    2000f65c    000005ac     UNINITIALIZED
                  2000f65c    0000030c     nortos_cc32xx.a : HwiPCC32XX_nortos.oem4 (.data:HwiP_dispatchTable)
                  2000f968    0000016c     drivers_cc32xx.a : PowerCC32XX.oem4 (.data:PowerCC32XX_module)
                  2000fad4    000000f8     ti_drivers_config.obj (.data:parkInfo)
                  2000fbcc    00000009     drivers_cc32xx.a : GPIOCC32XX.oem4 (.data)
                  2000fbd5    00000003     nortos_cc32xx.a : SemaphoreP_nortos.oem4 (.data)
                  2000fbd8    00000008     rtsv7M4_T_le_eabi.lib : _lock.c.obj (.data:$O1$$)
                  2000fbe0    00000008                           : memory.c.obj (.data:$O1$$)
                  2000fbe8    00000008     nortos_cc32xx.a : SemaphoreP_nortos.oem4 (.data:SemaphoreP_defaultParams)
                  2000fbf0    00000008                     : HwiPCC32XX_nortos.oem4 (.data)
                  2000fbf8    00000005                     : ClockPSysTick_nortos.oem4 (.data)
                  2000fbfd    00000001     drivers_cc32xx.a : UART.oem4 (.data)
                  2000fbfe    00000002     --HOLE--
                  2000fc00    00000004     ti_drivers_config.obj (.data:gpioCallbackFunctions)
                  2000fc04    00000004     ti_drivers_config.obj (.data:gpioPinConfigs)

.bss       0    2000ff88    0000022c     UNINITIALIZED
                  2000ff88    0000012c     (.common:PowerCC32XX_contextSave)
                  200100b4    00000084     (.common:uartCC32XXObjects0)
                  20010138    00000020     drivers_cc32xx.a : GPIOCC32XX.oem4 (.bss:gpioCallbackInfo)
                  20010158    00000020     ti_drivers_config.obj (.bss:uartCC32XXRingBuffer0)
                  20010178    00000014     drivers_cc32xx.a : GPIOCC32XX.oem4 (.bss:powerNotifyObj)
                  2001018c    00000004                      : GPIOCC32XX.oem4 (.bss)
                  20010190    00000010     (.common:ClockP_ctrl)
                  200101a0    0000000d     nortos_cc32xx.a : SwiP_nortos.oem4 (.bss)
                  200101ad    00000003     --HOLE--
                  200101b0    00000004                     : ClockPSysTick_nortos.oem4 (.bss)

.log_data 
*          0    90000000    00000000     COPY SECTION

__llvm_prf_cnts 
*          0    20004000    00000000     UNINITIALIZED

MODULE SUMMARY

       Module                       code    ro data   rw data
       ------                       ----    -------   -------
    .\
       uartecho.obj                 384     22        0      
       main_nortos.obj              18      0         0      
    +--+----------------------------+-------+---------+---------+
       Total:                       402     22        0      
                                                             
    .\syscfg\
       ti_drivers_config.obj        18      139       420    
    +--+----------------------------+-------+---------+---------+
       Total:                       18      139       420    
                                                             
    E:/ti/ccs1031/simplelink_cc32xx_sdk_5_10_00_02/kernel/nortos/lib/ccs/m4/nortos_cc32xx.a
       HwiPCC32XX_nortos.oem4       352     0         788    
       startup_cc32xx_ccs.oem4      90      64        780    
       ClockPSysTick_nortos.oem4    702     0         25     
       PowerCC32XX_nortos.oem4      472     0         0      
       SemaphoreP_nortos.oem4       378     0         11     
       SwiP_nortos.oem4             96      0         13     
    +--+----------------------------+-------+---------+---------+
       Total:                       2090    64        1617   
                                                             
    E:/ti/ccs1031/simplelink_cc32xx_sdk_5_10_00_02/source/ti/devices/cc32xx/driverlib/ccs/Release/driverlib.a
       prcm.obj                     1604    168       0      
       pin.obj                      280     256       0      
       interrupt.obj                334     48        0      
       flash.obj                    72      0         0      
       uart.obj                     48      0         0      
       cpu.obj                      20      0         0      
       utils.obj                    6       0         0      
    +--+----------------------------+-------+---------+---------+
       Total:                       2364    472       0      
                                                             
    E:/ti/ccs1031/simplelink_cc32xx_sdk_5_10_00_02/source/ti/drivers/lib/ccs/m4/drivers_cc32xx.a
       UARTCC32XX.oem4              3466    116       0      
       PowerCC32XX.oem4             2432    0         664    
       GPIOCC32XX.oem4              1208    103       65     
       UART.oem4                    176     36        1      
       RingBuf.oem4                 198     0         0      
       PowerCC32XX_asm.oem4         150     0         0      
       List.oem4                    76      0         0      
    +--+----------------------------+-------+---------+---------+
       Total:                       7706    255       730    
                                                             
    E:\ti\ccs1031\ccs\tools\compiler\ti-cgt-arm_20.2.5.LTS\lib\rtsv7M4_T_le_eabi.lib
       memory.c.obj                 672     0         8      
       memcpy_t2.asm.obj            156     0         0      
       ull_div_t2.asm.obj           150     0         0      
       copy_decompress_lzss.c.obj   104     0         0      
       autoinit.c.obj               68      0         0      
       boot_cortex_m.c.obj          36      0         0      
       copy_zero_init.c.obj         28      0         0      
       ll_mul_t2.asm.obj            24      0         0      
       copy_decompress_none.c.obj   14      0         0      
       _lock.c.obj                  2       0         8      
       exit.c.obj                   4       0         0      
       pre_init.c.obj               4       0         0      
       div0.asm.obj                 2       0         0      
    +--+----------------------------+-------+---------+---------+
       Total:                       1264    0         16     
                                                             
       Heap:                        0       0         32768  
       Stack:                       0       0         4096   
       Linker Generated:            0       226       0      
    +--+----------------------------+-------+---------+---------+
       Grand Total:                 13844   1178      39647  


LINKER GENERATED COPY TABLES

__TI_cinit_table @ 20010290 records: 2, size/record: 8, table size: 16
	.data: load addr=200101b8, load size=000000be bytes, run addr=2000f65c, run size=000005ac bytes, compression=lzss
	.bss: load addr=20010288, load size=00000008 bytes, run addr=2000ff88, run size=0000022c bytes, compression=zero_init


LINKER GENERATED HANDLER TABLE

__TI_handler_table @ 20010278 records: 3, size/record: 4, table size: 12
	index: 0, handler: __TI_decompress_lzss
	index: 1, handler: __TI_decompress_none
	index: 2, handler: __TI_zero_init


GLOBAL SYMBOLS: SORTED ALPHABETICALLY BY Name 

address   name                          
-------   ----                          
2000f4f7  Board_init                    
2000d187  Board_initHook                
2000f659  C$$EXIT                       
2000fe85  CONFIG_GPIO_LED_0_CONST       
2000fe86  CONFIG_UART_0_CONST           
2000f447  CPUcpsid                      
2000f5f9  ClockP_Params_init            
2000f507  ClockP_add                    
2000ec71  ClockP_construct              
2000f325  ClockP_create                 
20010190  ClockP_ctrl                   
2000f517  ClockP_delete                 
2000edb1  ClockP_destruct               
2000e7a9  ClockP_doTick                 
2000f529  ClockP_getCpuFreq             
2000f539  ClockP_getSystemTicks         
2000ef7d  ClockP_getTicksUntilInterrupt 
2000f603  ClockP_isActive               
2000f549  ClockP_setTicks               
2000f649  ClockP_setTimeout             
2000f04d  ClockP_start                  
2000efb1  ClockP_startup                
2000ea95  ClockP_stop                   
2000e7a9  ClockP_sysTickHandler         
2000fbf8  ClockP_tickPeriod             
2000e92d  FlashDisable                  
2000fef0  GPIOCC32XX_config             
2000e849  GPIO_enableInt                
2000e175  GPIO_hwiIntFxn                
2000d339  GPIO_init                     
2000e541  GPIO_setCallback              
2000c6f5  GPIO_setConfig                
2000e5f9  GPIO_write                    
2000f4c1  HwiP_Params_init              
2000ddd5  HwiP_construct                
2000f0d9  HwiP_create                   
2000f559  HwiP_delete                   
2000f235  HwiP_destruct                 
2000f5a9  HwiP_disable                  
2000f1c9  HwiP_dispatch                 
2000f5b7  HwiP_enable                   
2000f45d  HwiP_inISR                    
2000fbf0  HwiP_key                      
2000f64d  HwiP_post                     
2000f569  HwiP_restore                  
2000fbf4  HwiP_swiPIntNum               
UNDEFED   ITM_flush                     
UNDEFED   ITM_restore                   
2000d845  IntEnable                     
2000f60d  IntMasterDisable              
2000de61  IntPendSet                    
2000f471  IntVTableBaseSet              
2000f17d  List_put                      
2000f1a3  List_remove                   
2000f5b7  NoRTOS_start                  
2000c041  PRCMCC3200MCUInit             
2000f405  PRCMHIBRegRead                
2000f41b  PRCMHIBRegWrite               
2000e975  PRCMLPDSEnter                 
2000ee65  PRCMLPDSEnterKeepDebugIf      
2000ead9  PRCMLPDSRestoreInfoSet        
2000f105  PRCMPeripheralClkDisable      
2000e9bd  PRCMPeripheralClkEnable       
2000e651  PRCMPeripheralReset           
2000e4e1  PRCMSysResetCauseGet          
2000dee9  PinConfigSet                  
2000efe5  PinModeGet                    
2000ecb1  PinModeSet                    
2000f2b5  PinToPadGet                   
2000fdb0  PowerCC32XX_config            
2000d8ed  PowerCC32XX_configureWakeup   
2000ff88  PowerCC32XX_contextSave       
2000eb1d  PowerCC32XX_enterLPDS         
2000f0ad  PowerCC32XX_getParkState      
2000d337  PowerCC32XX_initPolicy        
2000f968  PowerCC32XX_module            
2000e895  PowerCC32XX_parkPin           
2000f1ed  PowerCC32XX_reset             
2000f019  PowerCC32XX_restoreParkState  
2000f07d  PowerCC32XX_restoreParkedPin  
2000e755  PowerCC32XX_resumeLPDS        
2000e419  PowerCC32XX_setParkState      
2000c8d9  PowerCC32XX_sleepPolicy       
2000f485  Power_disablePolicy           
2000f579  Power_enablePolicy            
2000f5e1  Power_getConstraintMask       
2000f499  Power_getDependencyCount      
2000f375  Power_getTransitionLatency    
2000f38d  Power_idleFunc                
2000df71  Power_init                    
2000f12d  Power_registerNotify          
2000ea05  Power_releaseConstraint       
2000e6a9  Power_releaseDependency       
2000eded  Power_setConstraint           
2000e079  Power_setDependency           
2000cd3d  Power_sleep                   
2000f255  Power_unregisterNotify        
2000f4d3  RingBuf_construct             
2000ecf1  RingBuf_get                   
2000f5c5  RingBuf_isFull                
2000f275  RingBuf_peek                  
2000ea4d  RingBuf_put                   
2000f589  SemaphoreP_Params_init        
2000e7f9  SemaphoreP_construct          
2000f431  SemaphoreP_create             
2000f33f  SemaphoreP_createBinary       
2000fbe8  SemaphoreP_defaultParams      
2000f651  SemaphoreP_delete             
2000dad9  SemaphoreP_pend               
2000eb61  SemaphoreP_post               
2000f2d1  SwiP_disable                  
2000eba5  SwiP_restore                  
2000f3a5  UARTBusy                      
2000ce75  UARTCC32XX_close              
2000d095  UARTCC32XX_control            
2000fdf4  UARTCC32XX_fxnTable           
2000d577  UARTCC32XX_init               
2000c46d  UARTCC32XX_open               
2000ed31  UARTCC32XX_read               
2000ef45  UARTCC32XX_readCancel         
2000d4bd  UARTCC32XX_readPolling        
2000d26d  UARTCC32XX_write              
2000e3b1  UARTCC32XX_writeCancel        
2000e47d  UARTCC32XX_writePolling       
2000f3bd  UARTIntEnable                 
2000f3d5  UART_Params_init              
2000ff50  UART_config                   
2000fe87  UART_count                    
2000fe1c  UART_defaultParams            
2000ebe9  UART_init                     
2000ed71  UART_open                     
2000f617  UART_read                     
2000f621  UART_write                    
2000f643  UtilsDelay                    
20004000  __STACK_END                   
00001000  __STACK_SIZE                  
00008000  __SYSMEM_SIZE                 
20010290  __TI_CINIT_Base               
200102a0  __TI_CINIT_Limit              
20010278  __TI_Handler_Table_Base       
20010284  __TI_Handler_Table_Limit      
2000ec2d  __TI_auto_init_nobinit_nopinit
2000e349  __TI_decompress_lzss          
2000f5d3  __TI_decompress_none          
ffffffff  __TI_pprof_out_hndl           
ffffffff  __TI_prof_data_size           
ffffffff  __TI_prof_data_start          
200101b8  __TI_static_base__            
2000f2ed  __TI_zero_init_nomemset       
2000ef7b  __aeabi_idiv0                 
2000ef7b  __aeabi_ldiv0                 
2000f3ed  __aeabi_lmul                  
2000db79  __aeabi_memcpy                
2000db79  __aeabi_memcpy4               
2000db79  __aeabi_memcpy8               
2000dcad  __aeabi_uldivmod              
ffffffff  __binit__                     
ffffffff  __c_args__                    
UNDEFED   __mpu_init                    
20003000  __stack                       
20004000  __start___llvm_prf_cnts       
20004000  __stop___llvm_prf_cnts        
2000f211  _c_int00_noargs               
2000fbd8  _lock                         
2000dd43  _nop                          
20004040  _sys_memory                   
UNDEFED   _system_post_cinit            
2000f655  _system_pre_init              
2000fbdc  _unlock                       
2000f659  abort                         
2000cf95  aligned_alloc                 
ffffffff  binit                         
2000e4df  clkFxn                        
2000d189  free                          
2000fc00  gpioCallbackFunctions         
2000fc04  gpioPinConfigs                
2000ff72  inPinTypes                    
2000eed5  initVectors                   
2000f4e5  main                          
2000ca75  mainThread                    
2000f62b  malloc                        
2000cf95  memalign                      
2000db79  memcpy                        
2000ff78  outPinStrengths               
2000ff5c  outPinTypes                   
2000fad4  parkInfo                      
2000f359  resetISR                      
2000f36c  resetVectorAddr               
20004000  resetVectors                  
200100b4  uartCC32XXObjects0            


GLOBAL SYMBOLS: SORTED BY Symbol Address 

address   name                          
-------   ----                          
00001000  __STACK_SIZE                  
00008000  __SYSMEM_SIZE                 
20003000  __stack                       
20004000  __STACK_END                   
20004000  __start___llvm_prf_cnts       
20004000  __stop___llvm_prf_cnts        
20004000  resetVectors                  
20004040  _sys_memory                   
2000c041  PRCMCC3200MCUInit             
2000c46d  UARTCC32XX_open               
2000c6f5  GPIO_setConfig                
2000c8d9  PowerCC32XX_sleepPolicy       
2000ca75  mainThread                    
2000cd3d  Power_sleep                   
2000ce75  UARTCC32XX_close              
2000cf95  aligned_alloc                 
2000cf95  memalign                      
2000d095  UARTCC32XX_control            
2000d187  Board_initHook                
2000d189  free                          
2000d26d  UARTCC32XX_write              
2000d337  PowerCC32XX_initPolicy        
2000d339  GPIO_init                     
2000d4bd  UARTCC32XX_readPolling        
2000d577  UARTCC32XX_init               
2000d845  IntEnable                     
2000d8ed  PowerCC32XX_configureWakeup   
2000dad9  SemaphoreP_pend               
2000db79  __aeabi_memcpy                
2000db79  __aeabi_memcpy4               
2000db79  __aeabi_memcpy8               
2000db79  memcpy                        
2000dcad  __aeabi_uldivmod              
2000dd43  _nop                          
2000ddd5  HwiP_construct                
2000de61  IntPendSet                    
2000dee9  PinConfigSet                  
2000df71  Power_init                    
2000e079  Power_setDependency           
2000e175  GPIO_hwiIntFxn                
2000e349  __TI_decompress_lzss          
2000e3b1  UARTCC32XX_writeCancel        
2000e419  PowerCC32XX_setParkState      
2000e47d  UARTCC32XX_writePolling       
2000e4df  clkFxn                        
2000e4e1  PRCMSysResetCauseGet          
2000e541  GPIO_setCallback              
2000e5f9  GPIO_write                    
2000e651  PRCMPeripheralReset           
2000e6a9  Power_releaseDependency       
2000e755  PowerCC32XX_resumeLPDS        
2000e7a9  ClockP_doTick                 
2000e7a9  ClockP_sysTickHandler         
2000e7f9  SemaphoreP_construct          
2000e849  GPIO_enableInt                
2000e895  PowerCC32XX_parkPin           
2000e92d  FlashDisable                  
2000e975  PRCMLPDSEnter                 
2000e9bd  PRCMPeripheralClkEnable       
2000ea05  Power_releaseConstraint       
2000ea4d  RingBuf_put                   
2000ea95  ClockP_stop                   
2000ead9  PRCMLPDSRestoreInfoSet        
2000eb1d  PowerCC32XX_enterLPDS         
2000eb61  SemaphoreP_post               
2000eba5  SwiP_restore                  
2000ebe9  UART_init                     
2000ec2d  __TI_auto_init_nobinit_nopinit
2000ec71  ClockP_construct              
2000ecb1  PinModeSet                    
2000ecf1  RingBuf_get                   
2000ed31  UARTCC32XX_read               
2000ed71  UART_open                     
2000edb1  ClockP_destruct               
2000eded  Power_setConstraint           
2000ee65  PRCMLPDSEnterKeepDebugIf      
2000eed5  initVectors                   
2000ef45  UARTCC32XX_readCancel         
2000ef7b  __aeabi_idiv0                 
2000ef7b  __aeabi_ldiv0                 
2000ef7d  ClockP_getTicksUntilInterrupt 
2000efb1  ClockP_startup                
2000efe5  PinModeGet                    
2000f019  PowerCC32XX_restoreParkState  
2000f04d  ClockP_start                  
2000f07d  PowerCC32XX_restoreParkedPin  
2000f0ad  PowerCC32XX_getParkState      
2000f0d9  HwiP_create                   
2000f105  PRCMPeripheralClkDisable      
2000f12d  Power_registerNotify          
2000f17d  List_put                      
2000f1a3  List_remove                   
2000f1c9  HwiP_dispatch                 
2000f1ed  PowerCC32XX_reset             
2000f211  _c_int00_noargs               
2000f235  HwiP_destruct                 
2000f255  Power_unregisterNotify        
2000f275  RingBuf_peek                  
2000f2b5  PinToPadGet                   
2000f2d1  SwiP_disable                  
2000f2ed  __TI_zero_init_nomemset       
2000f325  ClockP_create                 
2000f33f  SemaphoreP_createBinary       
2000f359  resetISR                      
2000f36c  resetVectorAddr               
2000f375  Power_getTransitionLatency    
2000f38d  Power_idleFunc                
2000f3a5  UARTBusy                      
2000f3bd  UARTIntEnable                 
2000f3d5  UART_Params_init              
2000f3ed  __aeabi_lmul                  
2000f405  PRCMHIBRegRead                
2000f41b  PRCMHIBRegWrite               
2000f431  SemaphoreP_create             
2000f447  CPUcpsid                      
2000f45d  HwiP_inISR                    
2000f471  IntVTableBaseSet              
2000f485  Power_disablePolicy           
2000f499  Power_getDependencyCount      
2000f4c1  HwiP_Params_init              
2000f4d3  RingBuf_construct             
2000f4e5  main                          
2000f4f7  Board_init                    
2000f507  ClockP_add                    
2000f517  ClockP_delete                 
2000f529  ClockP_getCpuFreq             
2000f539  ClockP_getSystemTicks         
2000f549  ClockP_setTicks               
2000f559  HwiP_delete                   
2000f569  HwiP_restore                  
2000f579  Power_enablePolicy            
2000f589  SemaphoreP_Params_init        
2000f5a9  HwiP_disable                  
2000f5b7  HwiP_enable                   
2000f5b7  NoRTOS_start                  
2000f5c5  RingBuf_isFull                
2000f5d3  __TI_decompress_none          
2000f5e1  Power_getConstraintMask       
2000f5f9  ClockP_Params_init            
2000f603  ClockP_isActive               
2000f60d  IntMasterDisable              
2000f617  UART_read                     
2000f621  UART_write                    
2000f62b  malloc                        
2000f643  UtilsDelay                    
2000f649  ClockP_setTimeout             
2000f64d  HwiP_post                     
2000f651  SemaphoreP_delete             
2000f655  _system_pre_init              
2000f659  C$$EXIT                       
2000f659  abort                         
2000f968  PowerCC32XX_module            
2000fad4  parkInfo                      
2000fbd8  _lock                         
2000fbdc  _unlock                       
2000fbe8  SemaphoreP_defaultParams      
2000fbf0  HwiP_key                      
2000fbf4  HwiP_swiPIntNum               
2000fbf8  ClockP_tickPeriod             
2000fc00  gpioCallbackFunctions         
2000fc04  gpioPinConfigs                
2000fdb0  PowerCC32XX_config            
2000fdf4  UARTCC32XX_fxnTable           
2000fe1c  UART_defaultParams            
2000fe85  CONFIG_GPIO_LED_0_CONST       
2000fe86  CONFIG_UART_0_CONST           
2000fe87  UART_count                    
2000fef0  GPIOCC32XX_config             
2000ff50  UART_config                   
2000ff5c  outPinTypes                   
2000ff72  inPinTypes                    
2000ff78  outPinStrengths               
2000ff88  PowerCC32XX_contextSave       
200100b4  uartCC32XXObjects0            
20010190  ClockP_ctrl                   
200101b8  __TI_static_base__            
20010278  __TI_Handler_Table_Base       
20010284  __TI_Handler_Table_Limit      
20010290  __TI_CINIT_Base               
200102a0  __TI_CINIT_Limit              
ffffffff  __TI_pprof_out_hndl           
ffffffff  __TI_prof_data_size           
ffffffff  __TI_prof_data_start          
ffffffff  __binit__                     
ffffffff  __c_args__                    
ffffffff  binit                         
UNDEFED   ITM_flush                     
UNDEFED   ITM_restore                   
UNDEFED   __mpu_init                    
UNDEFED   _system_post_cinit            

[190 symbols]
