<?xml version="1.0" encoding="ISO-8859-1" ?>
<link_info>
   <banner>TI ARM Linker PC v20.2.5.LTS</banner>
   <copyright>Copyright (c) 1996-2018 Texas Instruments Incorporated</copyright>
   <link_time>0x60bc4456</link_time>
   <link_errors>0x0</link_errors>
   <output_file>uartecho_CC3220S_LAUNCHXL_nortos_ccs.out</output_file>
   <entry_point>
      <name>resetISR</name>
      <address>0x2000f359</address>
   </entry_point>
   <input_file_list>
      <input_file id="fl-2">
         <path>.\</path>
         <kind>object</kind>
         <file>main_nortos.obj</file>
         <name>main_nortos.obj</name>
      </input_file>
      <input_file id="fl-3">
         <path>.\</path>
         <kind>object</kind>
         <file>uartecho.obj</file>
         <name>uartecho.obj</name>
      </input_file>
      <input_file id="fl-4">
         <path>.\syscfg\</path>
         <kind>object</kind>
         <file>ti_drivers_config.obj</file>
         <name>ti_drivers_config.obj</name>
      </input_file>
      <input_file id="fl-d">
         <kind>object</kind>
         <file>&lt;internal&gt;</file>
         <name>&lt;internal&gt;</name>
      </input_file>
      <input_file id="fl-e">
         <path>E:\ti\ccs1031\simplelink_cc32xx_sdk_5_10_00_02\source\ti\drivers\lib\ccs\m4\</path>
         <kind>archive</kind>
         <file>drivers_cc32xx.a</file>
         <name>UART.oem4</name>
      </input_file>
      <input_file id="fl-f">
         <path>E:\ti\ccs1031\simplelink_cc32xx_sdk_5_10_00_02\source\ti\drivers\lib\ccs\m4\</path>
         <kind>archive</kind>
         <file>drivers_cc32xx.a</file>
         <name>GPIOCC32XX.oem4</name>
      </input_file>
      <input_file id="fl-10">
         <path>E:\ti\ccs1031\simplelink_cc32xx_sdk_5_10_00_02\source\ti\drivers\lib\ccs\m4\</path>
         <kind>archive</kind>
         <file>drivers_cc32xx.a</file>
         <name>PowerCC32XX.oem4</name>
      </input_file>
      <input_file id="fl-11">
         <path>E:\ti\ccs1031\simplelink_cc32xx_sdk_5_10_00_02\source\ti\drivers\lib\ccs\m4\</path>
         <kind>archive</kind>
         <file>drivers_cc32xx.a</file>
         <name>PowerCC32XX_asm.oem4</name>
      </input_file>
      <input_file id="fl-12">
         <path>E:\ti\ccs1031\simplelink_cc32xx_sdk_5_10_00_02\source\ti\drivers\lib\ccs\m4\</path>
         <kind>archive</kind>
         <file>drivers_cc32xx.a</file>
         <name>UARTCC32XX.oem4</name>
      </input_file>
      <input_file id="fl-13">
         <path>E:\ti\ccs1031\simplelink_cc32xx_sdk_5_10_00_02\source\ti\drivers\lib\ccs\m4\</path>
         <kind>archive</kind>
         <file>drivers_cc32xx.a</file>
         <name>List.oem4</name>
      </input_file>
      <input_file id="fl-14">
         <path>E:\ti\ccs1031\simplelink_cc32xx_sdk_5_10_00_02\source\ti\drivers\lib\ccs\m4\</path>
         <kind>archive</kind>
         <file>drivers_cc32xx.a</file>
         <name>RingBuf.oem4</name>
      </input_file>
      <input_file id="fl-15">
         <path>E:\ti\ccs1031\simplelink_cc32xx_sdk_5_10_00_02\kernel\nortos\lib\ccs\m4\</path>
         <kind>archive</kind>
         <file>nortos_cc32xx.a</file>
         <name>NoRTOS.oem4</name>
      </input_file>
      <input_file id="fl-16">
         <path>E:\ti\ccs1031\simplelink_cc32xx_sdk_5_10_00_02\kernel\nortos\lib\ccs\m4\</path>
         <kind>archive</kind>
         <file>nortos_cc32xx.a</file>
         <name>SemaphoreP_nortos.oem4</name>
      </input_file>
      <input_file id="fl-17">
         <path>E:\ti\ccs1031\simplelink_cc32xx_sdk_5_10_00_02\kernel\nortos\lib\ccs\m4\</path>
         <kind>archive</kind>
         <file>nortos_cc32xx.a</file>
         <name>ClockPSysTick_nortos.oem4</name>
      </input_file>
      <input_file id="fl-18">
         <path>E:\ti\ccs1031\simplelink_cc32xx_sdk_5_10_00_02\kernel\nortos\lib\ccs\m4\</path>
         <kind>archive</kind>
         <file>nortos_cc32xx.a</file>
         <name>HwiPCC32XX_nortos.oem4</name>
      </input_file>
      <input_file id="fl-19">
         <path>E:\ti\ccs1031\simplelink_cc32xx_sdk_5_10_00_02\kernel\nortos\lib\ccs\m4\</path>
         <kind>archive</kind>
         <file>nortos_cc32xx.a</file>
         <name>PowerCC32XX_nortos.oem4</name>
      </input_file>
      <input_file id="fl-1a">
         <path>E:\ti\ccs1031\simplelink_cc32xx_sdk_5_10_00_02\kernel\nortos\lib\ccs\m4\</path>
         <kind>archive</kind>
         <file>nortos_cc32xx.a</file>
         <name>startup_cc32xx_ccs.oem4</name>
      </input_file>
      <input_file id="fl-1b">
         <path>E:\ti\ccs1031\simplelink_cc32xx_sdk_5_10_00_02\kernel\nortos\lib\ccs\m4\</path>
         <kind>archive</kind>
         <file>nortos_cc32xx.a</file>
         <name>SwiP_nortos.oem4</name>
      </input_file>
      <input_file id="fl-1c">
         <path>E:\ti\ccs1031\simplelink_cc32xx_sdk_5_10_00_02\kernel\nortos\lib\ccs\m4\</path>
         <kind>archive</kind>
         <file>nortos_cc32xx.a</file>
         <name>QueueP_nortos.oem4</name>
      </input_file>
      <input_file id="fl-1d">
         <path>E:\ti\ccs1031\simplelink_cc32xx_sdk_5_10_00_02\source\ti\devices\cc32xx\driverlib\ccs\Release\</path>
         <kind>archive</kind>
         <file>driverlib.a</file>
         <name>cpu.obj</name>
      </input_file>
      <input_file id="fl-1e">
         <path>E:\ti\ccs1031\simplelink_cc32xx_sdk_5_10_00_02\source\ti\devices\cc32xx\driverlib\ccs\Release\</path>
         <kind>archive</kind>
         <file>driverlib.a</file>
         <name>interrupt.obj</name>
      </input_file>
      <input_file id="fl-1f">
         <path>E:\ti\ccs1031\simplelink_cc32xx_sdk_5_10_00_02\source\ti\devices\cc32xx\driverlib\ccs\Release\</path>
         <kind>archive</kind>
         <file>driverlib.a</file>
         <name>pin.obj</name>
      </input_file>
      <input_file id="fl-20">
         <path>E:\ti\ccs1031\simplelink_cc32xx_sdk_5_10_00_02\source\ti\devices\cc32xx\driverlib\ccs\Release\</path>
         <kind>archive</kind>
         <file>driverlib.a</file>
         <name>prcm.obj</name>
      </input_file>
      <input_file id="fl-21">
         <path>E:\ti\ccs1031\simplelink_cc32xx_sdk_5_10_00_02\source\ti\devices\cc32xx\driverlib\ccs\Release\</path>
         <kind>archive</kind>
         <file>driverlib.a</file>
         <name>uart.obj</name>
      </input_file>
      <input_file id="fl-22">
         <path>E:\ti\ccs1031\simplelink_cc32xx_sdk_5_10_00_02\source\ti\devices\cc32xx\driverlib\ccs\Release\</path>
         <kind>archive</kind>
         <file>driverlib.a</file>
         <name>utils.obj</name>
      </input_file>
      <input_file id="fl-23">
         <path>E:\ti\ccs1031\simplelink_cc32xx_sdk_5_10_00_02\source\ti\devices\cc32xx\driverlib\ccs\Release\</path>
         <kind>archive</kind>
         <file>driverlib.a</file>
         <name>flash.obj</name>
      </input_file>
      <input_file id="fl-d9">
         <path>E:\ti\ccs1031\ccs\tools\compiler\ti-cgt-arm_20.2.5.LTS\lib\</path>
         <kind>archive</kind>
         <file>rtsv7M4_T_le_eabi.lib</file>
         <name>ll_mul_t2.asm.obj</name>
      </input_file>
      <input_file id="fl-da">
         <path>E:\ti\ccs1031\ccs\tools\compiler\ti-cgt-arm_20.2.5.LTS\lib\</path>
         <kind>archive</kind>
         <file>rtsv7M4_T_le_eabi.lib</file>
         <name>memcpy_t2.asm.obj</name>
      </input_file>
      <input_file id="fl-db">
         <path>E:\ti\ccs1031\ccs\tools\compiler\ti-cgt-arm_20.2.5.LTS\lib\</path>
         <kind>archive</kind>
         <file>rtsv7M4_T_le_eabi.lib</file>
         <name>ull_div_t2.asm.obj</name>
      </input_file>
      <input_file id="fl-dc">
         <path>E:\ti\ccs1031\ccs\tools\compiler\ti-cgt-arm_20.2.5.LTS\lib\</path>
         <kind>archive</kind>
         <file>rtsv7M4_T_le_eabi.lib</file>
         <name>copy_zero_init.c.obj</name>
      </input_file>
      <input_file id="fl-dd">
         <path>E:\ti\ccs1031\ccs\tools\compiler\ti-cgt-arm_20.2.5.LTS\lib\</path>
         <kind>archive</kind>
         <file>rtsv7M4_T_le_eabi.lib</file>
         <name>copy_decompress_none.c.obj</name>
      </input_file>
      <input_file id="fl-de">
         <path>E:\ti\ccs1031\ccs\tools\compiler\ti-cgt-arm_20.2.5.LTS\lib\</path>
         <kind>archive</kind>
         <file>rtsv7M4_T_le_eabi.lib</file>
         <name>copy_decompress_lzss.c.obj</name>
      </input_file>
      <input_file id="fl-df">
         <path>E:\ti\ccs1031\ccs\tools\compiler\ti-cgt-arm_20.2.5.LTS\lib\</path>
         <kind>archive</kind>
         <file>rtsv7M4_T_le_eabi.lib</file>
         <name>memory.c.obj</name>
      </input_file>
      <input_file id="fl-e0">
         <path>E:\ti\ccs1031\ccs\tools\compiler\ti-cgt-arm_20.2.5.LTS\lib\</path>
         <kind>archive</kind>
         <file>rtsv7M4_T_le_eabi.lib</file>
         <name>boot_cortex_m.c.obj</name>
      </input_file>
      <input_file id="fl-e1">
         <path>E:\ti\ccs1031\ccs\tools\compiler\ti-cgt-arm_20.2.5.LTS\lib\</path>
         <kind>archive</kind>
         <file>rtsv7M4_T_le_eabi.lib</file>
         <name>div0.asm.obj</name>
      </input_file>
      <input_file id="fl-e2">
         <path>E:\ti\ccs1031\ccs\tools\compiler\ti-cgt-arm_20.2.5.LTS\lib\</path>
         <kind>archive</kind>
         <file>rtsv7M4_T_le_eabi.lib</file>
         <name>memset_t2.asm.obj</name>
      </input_file>
      <input_file id="fl-e3">
         <path>E:\ti\ccs1031\ccs\tools\compiler\ti-cgt-arm_20.2.5.LTS\lib\</path>
         <kind>archive</kind>
         <file>rtsv7M4_T_le_eabi.lib</file>
         <name>autoinit.c.obj</name>
      </input_file>
      <input_file id="fl-e4">
         <path>E:\ti\ccs1031\ccs\tools\compiler\ti-cgt-arm_20.2.5.LTS\lib\</path>
         <kind>archive</kind>
         <file>rtsv7M4_T_le_eabi.lib</file>
         <name>pre_init.c.obj</name>
      </input_file>
      <input_file id="fl-e5">
         <path>E:\ti\ccs1031\ccs\tools\compiler\ti-cgt-arm_20.2.5.LTS\lib\</path>
         <kind>archive</kind>
         <file>rtsv7M4_T_le_eabi.lib</file>
         <name>cpy_tbl.c.obj</name>
      </input_file>
      <input_file id="fl-e6">
         <path>E:\ti\ccs1031\ccs\tools\compiler\ti-cgt-arm_20.2.5.LTS\lib\</path>
         <kind>archive</kind>
         <file>rtsv7M4_T_le_eabi.lib</file>
         <name>exit.c.obj</name>
      </input_file>
      <input_file id="fl-e7">
         <path>E:\ti\ccs1031\ccs\tools\compiler\ti-cgt-arm_20.2.5.LTS\lib\</path>
         <kind>archive</kind>
         <file>rtsv7M4_T_le_eabi.lib</file>
         <name>_lock.c.obj</name>
      </input_file>
      <input_file id="fl-e8">
         <path>E:\ti\ccs1031\ccs\tools\compiler\ti-cgt-arm_20.2.5.LTS\lib\</path>
         <kind>archive</kind>
         <file>rtsv7M4_T_le_eabi.lib</file>
         <name>args_main.c.obj</name>
      </input_file>
   </input_file_list>
   <object_component_list>
      <object_component id="oc-1a9">
         <name>.text:PRCMCC3200MCUInit</name>
         <load_address>0x2000c040</load_address>
         <run_address>0x2000c040</run_address>
         <size>0x42c</size>
         <input_file_ref idref="fl-20"/>
      </object_component>
      <object_component id="oc-4d6">
         <name>.text:UARTCC32XX_open</name>
         <load_address>0x2000c46c</load_address>
         <run_address>0x2000c46c</run_address>
         <size>0x288</size>
         <input_file_ref idref="fl-12"/>
      </object_component>
      <object_component id="oc-1c9">
         <name>.text:GPIO_setConfig</name>
         <load_address>0x2000c6f4</load_address>
         <run_address>0x2000c6f4</run_address>
         <size>0x1e4</size>
         <input_file_ref idref="fl-f"/>
      </object_component>
      <object_component id="oc-35e">
         <name>.text:PowerCC32XX_sleepPolicy</name>
         <load_address>0x2000c8d8</load_address>
         <run_address>0x2000c8d8</run_address>
         <size>0x19c</size>
         <input_file_ref idref="fl-19"/>
      </object_component>
      <object_component id="oc-15e">
         <name>.text:mainThread</name>
         <load_address>0x2000ca74</load_address>
         <run_address>0x2000ca74</run_address>
         <size>0x180</size>
         <input_file_ref idref="fl-3"/>
      </object_component>
      <object_component id="oc-540">
         <name>.text:parkPins</name>
         <load_address>0x2000cbf4</load_address>
         <run_address>0x2000cbf4</run_address>
         <size>0x148</size>
         <input_file_ref idref="fl-10"/>
      </object_component>
      <object_component id="oc-464">
         <name>.text:Power_sleep</name>
         <load_address>0x2000cd3c</load_address>
         <run_address>0x2000cd3c</run_address>
         <size>0x138</size>
         <input_file_ref idref="fl-10"/>
      </object_component>
      <object_component id="oc-4c4">
         <name>.text:UARTCC32XX_close</name>
         <load_address>0x2000ce74</load_address>
         <run_address>0x2000ce74</run_address>
         <size>0x120</size>
         <input_file_ref idref="fl-12"/>
      </object_component>
      <object_component id="oc-508">
         <name>.text:aligned_alloc</name>
         <load_address>0x2000cf94</load_address>
         <run_address>0x2000cf94</run_address>
         <size>0x100</size>
         <input_file_ref idref="fl-df"/>
      </object_component>
      <object_component id="oc-4ca">
         <name>.text:UARTCC32XX_control</name>
         <load_address>0x2000d094</load_address>
         <run_address>0x2000d094</run_address>
         <size>0xf2</size>
         <input_file_ref idref="fl-12"/>
      </object_component>
      <object_component id="oc-1b5">
         <name>.text:Board_initHook</name>
         <load_address>0x2000d186</load_address>
         <run_address>0x2000d186</run_address>
         <size>0x2</size>
         <input_file_ref idref="fl-4"/>
      </object_component>
      <object_component id="oc-37a">
         <name>.text:free</name>
         <load_address>0x2000d188</load_address>
         <run_address>0x2000d188</run_address>
         <size>0xe4</size>
         <input_file_ref idref="fl-df"/>
      </object_component>
      <object_component id="oc-4ee">
         <name>.text:UARTCC32XX_write</name>
         <load_address>0x2000d26c</load_address>
         <run_address>0x2000d26c</run_address>
         <size>0xca</size>
         <input_file_ref idref="fl-12"/>
      </object_component>
      <object_component id="oc-358">
         <name>.text:PowerCC32XX_initPolicy</name>
         <load_address>0x2000d336</load_address>
         <run_address>0x2000d336</run_address>
         <size>0x2</size>
         <input_file_ref idref="fl-19"/>
      </object_component>
      <object_component id="oc-1bd">
         <name>.text:GPIO_init</name>
         <load_address>0x2000d338</load_address>
         <run_address>0x2000d338</run_address>
         <size>0xc4</size>
         <input_file_ref idref="fl-f"/>
      </object_component>
      <object_component id="oc-55d">
         <name>.text:restoreParkedPins</name>
         <load_address>0x2000d3fc</load_address>
         <run_address>0x2000d3fc</run_address>
         <size>0xc0</size>
         <input_file_ref idref="fl-10"/>
      </object_component>
      <object_component id="oc-4e2">
         <name>.text:UARTCC32XX_readPolling</name>
         <load_address>0x2000d4bc</load_address>
         <run_address>0x2000d4bc</run_address>
         <size>0xba</size>
         <input_file_ref idref="fl-12"/>
      </object_component>
      <object_component id="oc-4d0">
         <name>.text:UARTCC32XX_init</name>
         <load_address>0x2000d576</load_address>
         <run_address>0x2000d576</run_address>
         <size>0x2</size>
         <input_file_ref idref="fl-12"/>
      </object_component>
      <object_component id="oc-5ea">
         <name>.text:initHw</name>
         <load_address>0x2000d578</load_address>
         <run_address>0x2000d578</run_address>
         <size>0xb8</size>
         <input_file_ref idref="fl-12"/>
      </object_component>
      <object_component id="oc-6d0">
         <name>.text:readTaskCallback</name>
         <load_address>0x2000d630</load_address>
         <run_address>0x2000d630</run_address>
         <size>0xb6</size>
         <input_file_ref idref="fl-12"/>
      </object_component>
      <object_component id="oc-6be">
         <name>.text:readTaskBlocking</name>
         <load_address>0x2000d6e6</load_address>
         <run_address>0x2000d6e6</run_address>
         <size>0xb0</size>
         <input_file_ref idref="fl-12"/>
      </object_component>
      <object_component id="oc-6c4">
         <name>.text:readIsrTextBlocking</name>
         <load_address>0x2000d796</load_address>
         <run_address>0x2000d796</run_address>
         <size>0xae</size>
         <input_file_ref idref="fl-12"/>
      </object_component>
      <object_component id="oc-b5">
         <name>.text:IntEnable</name>
         <load_address>0x2000d844</load_address>
         <run_address>0x2000d844</run_address>
         <size>0xa8</size>
         <input_file_ref idref="fl-1e"/>
      </object_component>
      <object_component id="oc-278">
         <name>.text:PowerCC32XX_configureWakeup</name>
         <load_address>0x2000d8ec</load_address>
         <run_address>0x2000d8ec</run_address>
         <size>0xa8</size>
         <input_file_ref idref="fl-10"/>
      </object_component>
      <object_component id="oc-6d6">
         <name>.text:readIsrTextCallback</name>
         <load_address>0x2000d994</load_address>
         <run_address>0x2000d994</run_address>
         <size>0xa2</size>
         <input_file_ref idref="fl-12"/>
      </object_component>
      <object_component id="oc-621">
         <name>.text:writeData</name>
         <load_address>0x2000da36</load_address>
         <run_address>0x2000da36</run_address>
         <size>0xa2</size>
         <input_file_ref idref="fl-12"/>
      </object_component>
      <object_component id="oc-29e">
         <name>.text:SemaphoreP_pend</name>
         <load_address>0x2000dad8</load_address>
         <run_address>0x2000dad8</run_address>
         <size>0xa0</size>
         <input_file_ref idref="fl-16"/>
      </object_component>
      <object_component id="oc-3b">
         <name>.text</name>
         <load_address>0x2000db78</load_address>
         <run_address>0x2000db78</run_address>
         <size>0x9c</size>
         <input_file_ref idref="fl-da"/>
      </object_component>
      <object_component id="oc-2c0">
         <name>.text:powerNotifyFxn</name>
         <load_address>0x2000dc14</load_address>
         <run_address>0x2000dc14</run_address>
         <size>0x98</size>
         <input_file_ref idref="fl-f"/>
      </object_component>
      <object_component id="oc-45f">
         <name>.text</name>
         <load_address>0x2000dcac</load_address>
         <run_address>0x2000dcac</run_address>
         <size>0x96</size>
         <input_file_ref idref="fl-db"/>
      </object_component>
      <object_component id="oc-320">
         <name>.text:_nop</name>
         <load_address>0x2000dd42</load_address>
         <run_address>0x2000dd42</run_address>
         <size>0x2</size>
         <input_file_ref idref="fl-e7"/>
      </object_component>
      <object_component id="oc-551">
         <name>.text:restoreNVICRegs</name>
         <load_address>0x2000dd44</load_address>
         <run_address>0x2000dd44</run_address>
         <size>0x90</size>
         <input_file_ref idref="fl-10"/>
      </object_component>
      <object_component id="oc-3ef">
         <name>.text:HwiP_construct</name>
         <load_address>0x2000ddd4</load_address>
         <run_address>0x2000ddd4</run_address>
         <size>0x8c</size>
         <input_file_ref idref="fl-18"/>
      </object_component>
      <object_component id="oc-680">
         <name>.text:IntPendSet</name>
         <load_address>0x2000de60</load_address>
         <run_address>0x2000de60</run_address>
         <size>0x88</size>
         <input_file_ref idref="fl-1e"/>
      </object_component>
      <object_component id="oc-2d4">
         <name>.text:PinConfigSet</name>
         <load_address>0x2000dee8</load_address>
         <run_address>0x2000dee8</run_address>
         <size>0x88</size>
         <input_file_ref idref="fl-1f"/>
      </object_component>
      <object_component id="oc-1af">
         <name>.text:Power_init</name>
         <load_address>0x2000df70</load_address>
         <run_address>0x2000df70</run_address>
         <size>0x84</size>
         <input_file_ref idref="fl-10"/>
      </object_component>
      <object_component id="oc-546">
         <name>.text:saveNVICRegs</name>
         <load_address>0x2000dff4</load_address>
         <run_address>0x2000dff4</run_address>
         <size>0x84</size>
         <input_file_ref idref="fl-10"/>
      </object_component>
      <object_component id="oc-2da">
         <name>.text:Power_setDependency</name>
         <load_address>0x2000e078</load_address>
         <run_address>0x2000e078</run_address>
         <size>0x80</size>
         <input_file_ref idref="fl-10"/>
      </object_component>
      <object_component id="oc-6b8">
         <name>.text:readIsrBinaryBlocking</name>
         <load_address>0x2000e0f8</load_address>
         <run_address>0x2000e0f8</run_address>
         <size>0x7c</size>
         <input_file_ref idref="fl-12"/>
      </object_component>
      <object_component id="oc-2fe">
         <name>.text:GPIO_hwiIntFxn</name>
         <load_address>0x2000e174</load_address>
         <run_address>0x2000e174</run_address>
         <size>0x78</size>
         <input_file_ref idref="fl-f"/>
      </object_component>
      <object_component id="oc-6ca">
         <name>.text:readIsrBinaryCallback</name>
         <load_address>0x2000e1ec</load_address>
         <run_address>0x2000e1ec</run_address>
         <size>0x78</size>
         <input_file_ref idref="fl-12"/>
      </object_component>
      <object_component id="oc-5f9">
         <name>.text:UARTCC32XX_hwiIntFxn</name>
         <load_address>0x2000e264</load_address>
         <run_address>0x2000e264</run_address>
         <size>0x74</size>
         <input_file_ref idref="fl-12"/>
      </object_component>
      <object_component id="oc-62e">
         <name>.text:split</name>
         <load_address>0x2000e2d8</load_address>
         <run_address>0x2000e2d8</run_address>
         <size>0x70</size>
         <input_file_ref idref="fl-df"/>
      </object_component>
      <object_component id="oc-14">
         <name>.text:decompress:lzss:__TI_decompress_lzss</name>
         <load_address>0x2000e348</load_address>
         <run_address>0x2000e348</run_address>
         <size>0x68</size>
         <input_file_ref idref="fl-de"/>
      </object_component>
      <object_component id="oc-4fa">
         <name>.text:UARTCC32XX_writeCancel</name>
         <load_address>0x2000e3b0</load_address>
         <run_address>0x2000e3b0</run_address>
         <size>0x66</size>
         <input_file_ref idref="fl-12"/>
      </object_component>
      <object_component id="oc-73">
         <name>.text:busFaultHandler</name>
         <load_address>0x2000e416</load_address>
         <run_address>0x2000e416</run_address>
         <size>0x2</size>
         <input_file_ref idref="fl-1a"/>
      </object_component>
      <object_component id="oc-3ca">
         <name>.text:PowerCC32XX_setParkState</name>
         <load_address>0x2000e418</load_address>
         <run_address>0x2000e418</run_address>
         <size>0x64</size>
         <input_file_ref idref="fl-10"/>
      </object_component>
      <object_component id="oc-4f4">
         <name>.text:UARTCC32XX_writePolling</name>
         <load_address>0x2000e47c</load_address>
         <run_address>0x2000e47c</run_address>
         <size>0x62</size>
         <input_file_ref idref="fl-12"/>
      </object_component>
      <object_component id="oc-39f">
         <name>.text:clkFxn</name>
         <load_address>0x2000e4de</load_address>
         <run_address>0x2000e4de</run_address>
         <size>0x2</size>
         <input_file_ref idref="fl-16"/>
      </object_component>
      <object_component id="oc-246">
         <name>.text:PRCMSysResetCauseGet</name>
         <load_address>0x2000e4e0</load_address>
         <run_address>0x2000e4e0</run_address>
         <size>0x60</size>
         <input_file_ref idref="fl-20"/>
      </object_component>
      <object_component id="oc-2a4">
         <name>.text:GPIO_setCallback</name>
         <load_address>0x2000e540</load_address>
         <run_address>0x2000e540</run_address>
         <size>0x5c</size>
         <input_file_ref idref="fl-f"/>
      </object_component>
      <object_component id="oc-646">
         <name>.text:sysTickInit</name>
         <load_address>0x2000e59c</load_address>
         <run_address>0x2000e59c</run_address>
         <size>0x5c</size>
         <input_file_ref idref="fl-17"/>
      </object_component>
      <object_component id="oc-1db">
         <name>.text:GPIO_write</name>
         <load_address>0x2000e5f8</load_address>
         <run_address>0x2000e5f8</run_address>
         <size>0x58</size>
         <input_file_ref idref="fl-f"/>
      </object_component>
      <object_component id="oc-25f">
         <name>.text:PRCMPeripheralReset</name>
         <load_address>0x2000e650</load_address>
         <run_address>0x2000e650</run_address>
         <size>0x58</size>
         <input_file_ref idref="fl-20"/>
      </object_component>
      <object_component id="oc-5a5">
         <name>.text:Power_releaseDependency</name>
         <load_address>0x2000e6a8</load_address>
         <run_address>0x2000e6a8</run_address>
         <size>0x58</size>
         <input_file_ref idref="fl-10"/>
      </object_component>
      <object_component id="oc-71e">
         <name>.text:ringBufGet</name>
         <load_address>0x2000e700</load_address>
         <run_address>0x2000e700</run_address>
         <size>0x54</size>
         <input_file_ref idref="fl-12"/>
      </object_component>
      <object_component id="oc-65d">
         <name>.text:PowerCC32XX_resumeLPDS</name>
         <load_address>0x2000e754</load_address>
         <run_address>0x2000e754</run_address>
         <size>0x52</size>
         <input_file_ref idref="fl-11"/>
      </object_component>
      <object_component id="oc-6d">
         <name>.text:defaultHandler</name>
         <load_address>0x2000e7a6</load_address>
         <run_address>0x2000e7a6</run_address>
         <size>0x2</size>
         <input_file_ref idref="fl-1a"/>
      </object_component>
      <object_component id="oc-79">
         <name>.text:ClockP_sysTickHandler</name>
         <load_address>0x2000e7a8</load_address>
         <run_address>0x2000e7a8</run_address>
         <size>0x50</size>
         <input_file_ref idref="fl-17"/>
      </object_component>
      <object_component id="oc-485">
         <name>.text:SemaphoreP_construct</name>
         <load_address>0x2000e7f8</load_address>
         <run_address>0x2000e7f8</run_address>
         <size>0x50</size>
         <input_file_ref idref="fl-16"/>
      </object_component>
      <object_component id="oc-3d0">
         <name>.text:GPIO_enableInt</name>
         <load_address>0x2000e848</load_address>
         <run_address>0x2000e848</run_address>
         <size>0x4c</size>
         <input_file_ref idref="fl-f"/>
      </object_component>
      <object_component id="oc-654">
         <name>.text:PowerCC32XX_parkPin</name>
         <load_address>0x2000e894</load_address>
         <run_address>0x2000e894</run_address>
         <size>0x4c</size>
         <input_file_ref idref="fl-10"/>
      </object_component>
      <object_component id="oc-557">
         <name>.text:restorePeriphClocks</name>
         <load_address>0x2000e8e0</load_address>
         <run_address>0x2000e8e0</run_address>
         <size>0x4c</size>
         <input_file_ref idref="fl-10"/>
      </object_component>
      <object_component id="oc-678">
         <name>.text:FlashDisable</name>
         <load_address>0x2000e92c</load_address>
         <run_address>0x2000e92c</run_address>
         <size>0x48</size>
         <input_file_ref idref="fl-23"/>
      </object_component>
      <object_component id="oc-563">
         <name>.text:PRCMLPDSEnter</name>
         <load_address>0x2000e974</load_address>
         <run_address>0x2000e974</run_address>
         <size>0x48</size>
         <input_file_ref idref="fl-20"/>
      </object_component>
      <object_component id="oc-259">
         <name>.text:PRCMPeripheralClkEnable</name>
         <load_address>0x2000e9bc</load_address>
         <run_address>0x2000e9bc</run_address>
         <size>0x48</size>
         <input_file_ref idref="fl-20"/>
      </object_component>
      <object_component id="oc-599">
         <name>.text:Power_releaseConstraint</name>
         <load_address>0x2000ea04</load_address>
         <run_address>0x2000ea04</run_address>
         <size>0x48</size>
         <input_file_ref idref="fl-10"/>
      </object_component>
      <object_component id="oc-70b">
         <name>.text:RingBuf_put</name>
         <load_address>0x2000ea4c</load_address>
         <run_address>0x2000ea4c</run_address>
         <size>0x46</size>
         <input_file_ref idref="fl-14"/>
      </object_component>
      <object_component id="oc-67">
         <name>.text:faultISR</name>
         <load_address>0x2000ea92</load_address>
         <run_address>0x2000ea92</run_address>
         <size>0x2</size>
         <input_file_ref idref="fl-1a"/>
      </object_component>
      <object_component id="oc-4ad">
         <name>.text:ClockP_stop</name>
         <load_address>0x2000ea94</load_address>
         <run_address>0x2000ea94</run_address>
         <size>0x44</size>
         <input_file_ref idref="fl-17"/>
      </object_component>
      <object_component id="oc-662">
         <name>.text:PRCMLPDSRestoreInfoSet</name>
         <load_address>0x2000ead8</load_address>
         <run_address>0x2000ead8</run_address>
         <size>0x44</size>
         <input_file_ref idref="fl-20"/>
      </object_component>
      <object_component id="oc-54c">
         <name>.text:PowerCC32XX_enterLPDS</name>
         <load_address>0x2000eb1c</load_address>
         <run_address>0x2000eb1c</run_address>
         <size>0x44</size>
         <input_file_ref idref="fl-11"/>
      </object_component>
      <object_component id="oc-2b0">
         <name>.text:SemaphoreP_post</name>
         <load_address>0x2000eb60</load_address>
         <run_address>0x2000eb60</run_address>
         <size>0x44</size>
         <input_file_ref idref="fl-16"/>
      </object_component>
      <object_component id="oc-475">
         <name>.text:SwiP_restore</name>
         <load_address>0x2000eba4</load_address>
         <run_address>0x2000eba4</run_address>
         <size>0x44</size>
         <input_file_ref idref="fl-1b"/>
      </object_component>
      <object_component id="oc-1c3">
         <name>.text:UART_init</name>
         <load_address>0x2000ebe8</load_address>
         <run_address>0x2000ebe8</run_address>
         <size>0x44</size>
         <input_file_ref idref="fl-e"/>
      </object_component>
      <object_component id="oc-171">
         <name>.text:__TI_auto_init_nobinit_nopinit:__TI_auto_init_nobinit_nopinit</name>
         <load_address>0x2000ec2c</load_address>
         <run_address>0x2000ec2c</run_address>
         <size>0x44</size>
         <input_file_ref idref="fl-e3"/>
      </object_component>
      <object_component id="oc-6a7">
         <name>.text:ClockP_construct</name>
         <load_address>0x2000ec70</load_address>
         <run_address>0x2000ec70</run_address>
         <size>0x40</size>
         <input_file_ref idref="fl-17"/>
      </object_component>
      <object_component id="oc-271">
         <name>.text:PinModeSet</name>
         <load_address>0x2000ecb0</load_address>
         <run_address>0x2000ecb0</run_address>
         <size>0x40</size>
         <input_file_ref idref="fl-1f"/>
      </object_component>
      <object_component id="oc-613">
         <name>.text:RingBuf_get</name>
         <load_address>0x2000ecf0</load_address>
         <run_address>0x2000ecf0</run_address>
         <size>0x40</size>
         <input_file_ref idref="fl-14"/>
      </object_component>
      <object_component id="oc-4dc">
         <name>.text:UARTCC32XX_read</name>
         <load_address>0x2000ed30</load_address>
         <run_address>0x2000ed30</run_address>
         <size>0x40</size>
         <input_file_ref idref="fl-12"/>
      </object_component>
      <object_component id="oc-1d5">
         <name>.text:UART_open</name>
         <load_address>0x2000ed70</load_address>
         <run_address>0x2000ed70</run_address>
         <size>0x40</size>
         <input_file_ref idref="fl-e"/>
      </object_component>
      <object_component id="oc-399">
         <name>.text:ClockP_destruct</name>
         <load_address>0x2000edb0</load_address>
         <run_address>0x2000edb0</run_address>
         <size>0x3c</size>
         <input_file_ref idref="fl-17"/>
      </object_component>
      <object_component id="oc-5be">
         <name>.text:Power_setConstraint</name>
         <load_address>0x2000edec</load_address>
         <run_address>0x2000edec</run_address>
         <size>0x3c</size>
         <input_file_ref idref="fl-10"/>
      </object_component>
      <object_component id="oc-459">
         <name>.text:getCountsRTC</name>
         <load_address>0x2000ee28</load_address>
         <run_address>0x2000ee28</run_address>
         <size>0x3a</size>
         <input_file_ref idref="fl-19"/>
      </object_component>
      <object_component id="oc-61">
         <name>.text:nmiISR</name>
         <load_address>0x2000ee62</load_address>
         <run_address>0x2000ee62</run_address>
         <size>0x2</size>
         <input_file_ref idref="fl-1a"/>
      </object_component>
      <object_component id="oc-569">
         <name>.text:PRCMLPDSEnterKeepDebugIf</name>
         <load_address>0x2000ee64</load_address>
         <run_address>0x2000ee64</run_address>
         <size>0x38</size>
         <input_file_ref idref="fl-20"/>
      </object_component>
      <object_component id="oc-db">
         <name>.text:addToList</name>
         <load_address>0x2000ee9c</load_address>
         <run_address>0x2000ee9c</run_address>
         <size>0x38</size>
         <input_file_ref idref="fl-17"/>
      </object_component>
      <object_component id="oc-59">
         <name>.text:initVectors</name>
         <load_address>0x2000eed4</load_address>
         <run_address>0x2000eed4</run_address>
         <size>0x38</size>
         <input_file_ref idref="fl-1a"/>
      </object_component>
      <object_component id="oc-53a">
         <name>.text:notify</name>
         <load_address>0x2000ef0c</load_address>
         <run_address>0x2000ef0c</run_address>
         <size>0x38</size>
         <input_file_ref idref="fl-10"/>
      </object_component>
      <object_component id="oc-4e8">
         <name>.text:UARTCC32XX_readCancel</name>
         <load_address>0x2000ef44</load_address>
         <run_address>0x2000ef44</run_address>
         <size>0x36</size>
         <input_file_ref idref="fl-12"/>
      </object_component>
      <object_component id="oc-534">
         <name>.text</name>
         <load_address>0x2000ef7a</load_address>
         <run_address>0x2000ef7a</run_address>
         <size>0x2</size>
         <input_file_ref idref="fl-e1"/>
      </object_component>
      <object_component id="oc-447">
         <name>.text:ClockP_getTicksUntilInterrupt</name>
         <load_address>0x2000ef7c</load_address>
         <run_address>0x2000ef7c</run_address>
         <size>0x34</size>
         <input_file_ref idref="fl-17"/>
      </object_component>
      <object_component id="oc-52b">
         <name>.text:ClockP_startup</name>
         <load_address>0x2000efb0</load_address>
         <run_address>0x2000efb0</run_address>
         <size>0x34</size>
         <input_file_ref idref="fl-17"/>
      </object_component>
      <object_component id="oc-26b">
         <name>.text:PinModeGet</name>
         <load_address>0x2000efe4</load_address>
         <run_address>0x2000efe4</run_address>
         <size>0x34</size>
         <input_file_ref idref="fl-1f"/>
      </object_component>
      <object_component id="oc-5ab">
         <name>.text:PowerCC32XX_restoreParkState</name>
         <load_address>0x2000f018</load_address>
         <run_address>0x2000f018</run_address>
         <size>0x34</size>
         <input_file_ref idref="fl-10"/>
      </object_component>
      <object_component id="oc-387">
         <name>.text:ClockP_start</name>
         <load_address>0x2000f04c</load_address>
         <run_address>0x2000f04c</run_address>
         <size>0x30</size>
         <input_file_ref idref="fl-17"/>
      </object_component>
      <object_component id="oc-671">
         <name>.text:PowerCC32XX_restoreParkedPin</name>
         <load_address>0x2000f07c</load_address>
         <run_address>0x2000f07c</run_address>
         <size>0x30</size>
         <input_file_ref idref="fl-10"/>
      </object_component>
      <object_component id="oc-5d8">
         <name>.text:PowerCC32XX_getParkState</name>
         <load_address>0x2000f0ac</load_address>
         <run_address>0x2000f0ac</run_address>
         <size>0x2c</size>
         <input_file_ref idref="fl-10"/>
      </object_component>
      <object_component id="oc-2e6">
         <name>.text:HwiP_create</name>
         <load_address>0x2000f0d8</load_address>
         <run_address>0x2000f0d8</run_address>
         <size>0x2a</size>
         <input_file_ref idref="fl-18"/>
      </object_component>
      <object_component id="oc-265">
         <name>.text:PRCMPeripheralClkDisable</name>
         <load_address>0x2000f104</load_address>
         <run_address>0x2000f104</run_address>
         <size>0x28</size>
         <input_file_ref idref="fl-20"/>
      </object_component>
      <object_component id="oc-2aa">
         <name>.text:Power_registerNotify</name>
         <load_address>0x2000f12c</load_address>
         <run_address>0x2000f12c</run_address>
         <size>0x28</size>
         <input_file_ref idref="fl-10"/>
      </object_component>
      <object_component id="oc-4a5">
         <name>.text:free_list_insert</name>
         <load_address>0x2000f154</load_address>
         <run_address>0x2000f154</run_address>
         <size>0x28</size>
         <input_file_ref idref="fl-df"/>
      </object_component>
      <object_component id="oc-3aa">
         <name>.text:List_put</name>
         <load_address>0x2000f17c</load_address>
         <run_address>0x2000f17c</run_address>
         <size>0x26</size>
         <input_file_ref idref="fl-13"/>
      </object_component>
      <object_component id="oc-695">
         <name>.text:List_remove</name>
         <load_address>0x2000f1a2</load_address>
         <run_address>0x2000f1a2</run_address>
         <size>0x26</size>
         <input_file_ref idref="fl-13"/>
      </object_component>
      <object_component id="oc-512">
         <name>.text:HwiP_dispatch</name>
         <load_address>0x2000f1c8</load_address>
         <run_address>0x2000f1c8</run_address>
         <size>0x24</size>
         <input_file_ref idref="fl-18"/>
      </object_component>
      <object_component id="oc-5d2">
         <name>.text:PowerCC32XX_reset</name>
         <load_address>0x2000f1ec</load_address>
         <run_address>0x2000f1ec</run_address>
         <size>0x24</size>
         <input_file_ref idref="fl-10"/>
      </object_component>
      <object_component id="oc-c5">
         <name>.text:_c_int00_noargs:_c_int00_noargs</name>
         <load_address>0x2000f210</load_address>
         <run_address>0x2000f210</run_address>
         <size>0x24</size>
         <input_file_ref idref="fl-e0"/>
      </object_component>
      <object_component id="oc-68c">
         <name>.text:HwiP_destruct</name>
         <load_address>0x2000f234</load_address>
         <run_address>0x2000f234</run_address>
         <size>0x20</size>
         <input_file_ref idref="fl-18"/>
      </object_component>
      <object_component id="oc-59f">
         <name>.text:Power_unregisterNotify</name>
         <load_address>0x2000f254</load_address>
         <run_address>0x2000f254</run_address>
         <size>0x20</size>
         <input_file_ref idref="fl-10"/>
      </object_component>
      <object_component id="oc-5b8">
         <name>.text:RingBuf_peek</name>
         <load_address>0x2000f274</load_address>
         <run_address>0x2000f274</run_address>
         <size>0x20</size>
         <input_file_ref idref="fl-14"/>
      </object_component>
      <object_component id="oc-5cc">
         <name>.text:getPowerMgrId</name>
         <load_address>0x2000f294</load_address>
         <run_address>0x2000f294</run_address>
         <size>0x20</size>
         <input_file_ref idref="fl-12"/>
      </object_component>
      <object_component id="oc-5b1">
         <name>.text:PinToPadGet</name>
         <load_address>0x2000f2b4</load_address>
         <run_address>0x2000f2b4</run_address>
         <size>0x1c</size>
         <input_file_ref idref="fl-1f"/>
      </object_component>
      <object_component id="oc-43b">
         <name>.text:SwiP_disable</name>
         <load_address>0x2000f2d0</load_address>
         <run_address>0x2000f2d0</run_address>
         <size>0x1c</size>
         <input_file_ref idref="fl-1b"/>
      </object_component>
      <object_component id="oc-47">
         <name>.text:decompress:ZI:__TI_zero_init_nomemset:__TI_zero_init_nomemset</name>
         <load_address>0x2000f2ec</load_address>
         <run_address>0x2000f2ec</run_address>
         <size>0x1c</size>
         <input_file_ref idref="fl-dc"/>
      </object_component>
      <object_component id="oc-49f">
         <name>.text:free_list_remove</name>
         <load_address>0x2000f308</load_address>
         <run_address>0x2000f308</run_address>
         <size>0x1c</size>
         <input_file_ref idref="fl-df"/>
      </object_component>
      <object_component id="oc-5e4">
         <name>.text:ClockP_create</name>
         <load_address>0x2000f324</load_address>
         <run_address>0x2000f324</run_address>
         <size>0x1a</size>
         <input_file_ref idref="fl-17"/>
      </object_component>
      <object_component id="oc-286">
         <name>.text:SemaphoreP_createBinary</name>
         <load_address>0x2000f33e</load_address>
         <run_address>0x2000f33e</run_address>
         <size>0x1a</size>
         <input_file_ref idref="fl-16"/>
      </object_component>
      <object_component id="oc-21">
         <name>.text:resetISR</name>
         <load_address>0x2000f358</load_address>
         <run_address>0x2000f358</run_address>
         <size>0x1a</size>
         <input_file_ref idref="fl-1a"/>
      </object_component>
      <object_component id="oc-44d">
         <name>.text:Power_getTransitionLatency</name>
         <load_address>0x2000f374</load_address>
         <run_address>0x2000f374</run_address>
         <size>0x18</size>
         <input_file_ref idref="fl-10"/>
      </object_component>
      <object_component id="oc-57c">
         <name>.text:Power_idleFunc</name>
         <load_address>0x2000f38c</load_address>
         <run_address>0x2000f38c</run_address>
         <size>0x18</size>
         <input_file_ref idref="fl-10"/>
      </object_component>
      <object_component id="oc-61b">
         <name>.text:UARTBusy</name>
         <load_address>0x2000f3a4</load_address>
         <run_address>0x2000f3a4</run_address>
         <size>0x18</size>
         <input_file_ref idref="fl-21"/>
      </object_component>
      <object_component id="oc-6eb">
         <name>.text:UARTIntEnable</name>
         <load_address>0x2000f3bc</load_address>
         <run_address>0x2000f3bc</run_address>
         <size>0x18</size>
         <input_file_ref idref="fl-21"/>
      </object_component>
      <object_component id="oc-1cf">
         <name>.text:UART_Params_init</name>
         <load_address>0x2000f3d4</load_address>
         <run_address>0x2000f3d4</run_address>
         <size>0x18</size>
         <input_file_ref idref="fl-e"/>
      </object_component>
      <object_component id="oc-46a">
         <name>.text</name>
         <load_address>0x2000f3ec</load_address>
         <run_address>0x2000f3ec</run_address>
         <size>0x18</size>
         <input_file_ref idref="fl-d9"/>
      </object_component>
      <object_component id="oc-253">
         <name>.text:PRCMHIBRegRead</name>
         <load_address>0x2000f404</load_address>
         <run_address>0x2000f404</run_address>
         <size>0x16</size>
         <input_file_ref idref="fl-20"/>
      </object_component>
      <object_component id="oc-24d">
         <name>.text:PRCMHIBRegWrite</name>
         <load_address>0x2000f41a</load_address>
         <run_address>0x2000f41a</run_address>
         <size>0x16</size>
         <input_file_ref idref="fl-20"/>
      </object_component>
      <object_component id="oc-36f">
         <name>.text:SemaphoreP_create</name>
         <load_address>0x2000f430</load_address>
         <run_address>0x2000f430</run_address>
         <size>0x16</size>
         <input_file_ref idref="fl-16"/>
      </object_component>
      <object_component id="oc-a3">
         <name>.text:CPUcpsid</name>
         <load_address>0x2000f446</load_address>
         <run_address>0x2000f446</run_address>
         <size>0x14</size>
         <input_file_ref idref="fl-1d"/>
      </object_component>
      <object_component id="oc-3b1">
         <name>.text:HwiP_inISR</name>
         <load_address>0x2000f45c</load_address>
         <run_address>0x2000f45c</run_address>
         <size>0x14</size>
         <input_file_ref idref="fl-18"/>
      </object_component>
      <object_component id="oc-af">
         <name>.text:IntVTableBaseSet</name>
         <load_address>0x2000f470</load_address>
         <run_address>0x2000f470</run_address>
         <size>0x14</size>
         <input_file_ref idref="fl-1e"/>
      </object_component>
      <object_component id="oc-3b7">
         <name>.text:Power_disablePolicy</name>
         <load_address>0x2000f484</load_address>
         <run_address>0x2000f484</run_address>
         <size>0x14</size>
         <input_file_ref idref="fl-10"/>
      </object_component>
      <object_component id="oc-66a">
         <name>.text:Power_getDependencyCount</name>
         <load_address>0x2000f498</load_address>
         <run_address>0x2000f498</run_address>
         <size>0x14</size>
         <input_file_ref idref="fl-10"/>
      </object_component>
      <object_component id="oc-6e5">
         <name>.text:releasePowerConstraint</name>
         <load_address>0x2000f4ac</load_address>
         <run_address>0x2000f4ac</run_address>
         <size>0x14</size>
         <input_file_ref idref="fl-12"/>
      </object_component>
      <object_component id="oc-2e0">
         <name>.text:HwiP_Params_init</name>
         <load_address>0x2000f4c0</load_address>
         <run_address>0x2000f4c0</run_address>
         <size>0x12</size>
         <input_file_ref idref="fl-18"/>
      </object_component>
      <object_component id="oc-5c6">
         <name>.text:RingBuf_construct</name>
         <load_address>0x2000f4d2</load_address>
         <run_address>0x2000f4d2</run_address>
         <size>0x12</size>
         <input_file_ref idref="fl-14"/>
      </object_component>
      <object_component id="oc-11a">
         <name>.text:main</name>
         <load_address>0x2000f4e4</load_address>
         <run_address>0x2000f4e4</run_address>
         <size>0x12</size>
         <input_file_ref idref="fl-2"/>
      </object_component>
      <object_component id="oc-152">
         <name>.text:Board_init</name>
         <load_address>0x2000f4f6</load_address>
         <run_address>0x2000f4f6</run_address>
         <size>0x10</size>
         <input_file_ref idref="fl-4"/>
      </object_component>
      <object_component id="oc-381">
         <name>.text:ClockP_add</name>
         <load_address>0x2000f506</load_address>
         <run_address>0x2000f506</run_address>
         <size>0x10</size>
         <input_file_ref idref="fl-17"/>
      </object_component>
      <object_component id="oc-593">
         <name>.text:ClockP_delete</name>
         <load_address>0x2000f516</load_address>
         <run_address>0x2000f516</run_address>
         <size>0x10</size>
         <input_file_ref idref="fl-17"/>
      </object_component>
      <object_component id="oc-435">
         <name>.text:ClockP_getCpuFreq</name>
         <load_address>0x2000f528</load_address>
         <run_address>0x2000f528</run_address>
         <size>0x10</size>
         <input_file_ref idref="fl-17"/>
      </object_component>
      <object_component id="oc-453">
         <name>.text:ClockP_getSystemTicks</name>
         <load_address>0x2000f538</load_address>
         <run_address>0x2000f538</run_address>
         <size>0x10</size>
         <input_file_ref idref="fl-17"/>
      </object_component>
      <object_component id="oc-46f">
         <name>.text:ClockP_setTicks</name>
         <load_address>0x2000f548</load_address>
         <run_address>0x2000f548</run_address>
         <size>0x10</size>
         <input_file_ref idref="fl-17"/>
      </object_component>
      <object_component id="oc-58d">
         <name>.text:HwiP_delete</name>
         <load_address>0x2000f558</load_address>
         <run_address>0x2000f558</run_address>
         <size>0x10</size>
         <input_file_ref idref="fl-18"/>
      </object_component>
      <object_component id="oc-292">
         <name>.text:HwiP_restore</name>
         <load_address>0x2000f568</load_address>
         <run_address>0x2000f568</run_address>
         <size>0x10</size>
         <input_file_ref idref="fl-18"/>
      </object_component>
      <object_component id="oc-38d">
         <name>.text:Power_enablePolicy</name>
         <load_address>0x2000f578</load_address>
         <run_address>0x2000f578</run_address>
         <size>0x10</size>
         <input_file_ref idref="fl-10"/>
      </object_component>
      <object_component id="oc-369">
         <name>.text:SemaphoreP_Params_init</name>
         <load_address>0x2000f588</load_address>
         <run_address>0x2000f588</run_address>
         <size>0x10</size>
         <input_file_ref idref="fl-16"/>
      </object_component>
      <object_component id="oc-60b">
         <name>.text:readBlockingTimeout</name>
         <load_address>0x2000f598</load_address>
         <run_address>0x2000f598</run_address>
         <size>0x10</size>
         <input_file_ref idref="fl-12"/>
      </object_component>
      <object_component id="oc-28c">
         <name>.text:HwiP_disable</name>
         <load_address>0x2000f5a8</load_address>
         <run_address>0x2000f5a8</run_address>
         <size>0xe</size>
         <input_file_ref idref="fl-18"/>
      </object_component>
      <object_component id="oc-158">
         <name>.text:HwiP_enable</name>
         <load_address>0x2000f5b6</load_address>
         <run_address>0x2000f5b6</run_address>
         <size>0xe</size>
         <input_file_ref idref="fl-18"/>
      </object_component>
      <object_component id="oc-711">
         <name>.text:RingBuf_isFull</name>
         <load_address>0x2000f5c4</load_address>
         <run_address>0x2000f5c4</run_address>
         <size>0xe</size>
         <input_file_ref idref="fl-14"/>
      </object_component>
      <object_component id="oc-1a">
         <name>.text:decompress:none:__TI_decompress_none</name>
         <load_address>0x2000f5d2</load_address>
         <run_address>0x2000f5d2</run_address>
         <size>0xe</size>
         <input_file_ref idref="fl-dd"/>
      </object_component>
      <object_component id="oc-441">
         <name>.text:Power_getConstraintMask</name>
         <load_address>0x2000f5e0</load_address>
         <run_address>0x2000f5e0</run_address>
         <size>0xc</size>
         <input_file_ref idref="fl-10"/>
      </object_component>
      <object_component id="oc-5f3">
         <name>.text:postNotifyFxn</name>
         <load_address>0x2000f5ec</load_address>
         <run_address>0x2000f5ec</run_address>
         <size>0xc</size>
         <input_file_ref idref="fl-12"/>
      </object_component>
      <object_component id="oc-5de">
         <name>.text:ClockP_Params_init</name>
         <load_address>0x2000f5f8</load_address>
         <run_address>0x2000f5f8</run_address>
         <size>0xa</size>
         <input_file_ref idref="fl-17"/>
      </object_component>
      <object_component id="oc-393">
         <name>.text:ClockP_isActive</name>
         <load_address>0x2000f602</load_address>
         <run_address>0x2000f602</run_address>
         <size>0xa</size>
         <input_file_ref idref="fl-17"/>
      </object_component>
      <object_component id="oc-53">
         <name>.text:IntMasterDisable</name>
         <load_address>0x2000f60c</load_address>
         <run_address>0x2000f60c</run_address>
         <size>0xa</size>
         <input_file_ref idref="fl-1e"/>
      </object_component>
      <object_component id="oc-1e7">
         <name>.text:UART_read</name>
         <load_address>0x2000f616</load_address>
         <run_address>0x2000f616</run_address>
         <size>0xa</size>
         <input_file_ref idref="fl-e"/>
      </object_component>
      <object_component id="oc-1e1">
         <name>.text:UART_write</name>
         <load_address>0x2000f620</load_address>
         <run_address>0x2000f620</run_address>
         <size>0xa</size>
         <input_file_ref idref="fl-e"/>
      </object_component>
      <object_component id="oc-3e9">
         <name>.text:malloc</name>
         <load_address>0x2000f62a</load_address>
         <run_address>0x2000f62a</run_address>
         <size>0x8</size>
         <input_file_ref idref="fl-df"/>
      </object_component>
      <object_component id="oc-605">
         <name>.text:readSemCallback</name>
         <load_address>0x2000f632</load_address>
         <run_address>0x2000f632</run_address>
         <size>0x8</size>
         <input_file_ref idref="fl-12"/>
      </object_component>
      <object_component id="oc-5ff">
         <name>.text:writeSemCallback</name>
         <load_address>0x2000f63a</load_address>
         <run_address>0x2000f63a</run_address>
         <size>0x8</size>
         <input_file_ref idref="fl-12"/>
      </object_component>
      <object_component id="oc-24c">
         <name>.text:UtilsDelay</name>
         <load_address>0x2000f642</load_address>
         <run_address>0x2000f642</run_address>
         <size>0x6</size>
         <input_file_ref idref="fl-22"/>
      </object_component>
      <object_component id="oc-718">
         <name>.text:ClockP_setTimeout</name>
         <load_address>0x2000f648</load_address>
         <run_address>0x2000f648</run_address>
         <size>0x4</size>
         <input_file_ref idref="fl-17"/>
      </object_component>
      <object_component id="oc-572">
         <name>.text:HwiP_post</name>
         <load_address>0x2000f64c</load_address>
         <run_address>0x2000f64c</run_address>
         <size>0x4</size>
         <input_file_ref idref="fl-18"/>
      </object_component>
      <object_component id="oc-298">
         <name>.text:SemaphoreP_delete</name>
         <load_address>0x2000f650</load_address>
         <run_address>0x2000f650</run_address>
         <size>0x4</size>
         <input_file_ref idref="fl-16"/>
      </object_component>
      <object_component id="oc-114">
         <name>.text:_system_pre_init</name>
         <load_address>0x2000f654</load_address>
         <run_address>0x2000f654</run_address>
         <size>0x4</size>
         <input_file_ref idref="fl-e4"/>
      </object_component>
      <object_component id="oc-165">
         <name>.text:abort:abort</name>
         <load_address>0x2000f658</load_address>
         <run_address>0x2000f658</run_address>
         <size>0x4</size>
         <input_file_ref idref="fl-e6"/>
      </object_component>
      <object_component id="oc-34e">
         <name>.const:g_ulPinToPadMap</name>
         <load_address>0x2000fc08</load_address>
         <run_address>0x2000fc08</run_address>
         <size>0x100</size>
         <input_file_ref idref="fl-1f"/>
      </object_component>
      <object_component id="oc-347">
         <name>.const:PRCM_PeriphRegsList</name>
         <load_address>0x2000fd08</load_address>
         <run_address>0x2000fd08</run_address>
         <size>0xa8</size>
         <input_file_ref idref="fl-20"/>
      </object_component>
      <object_component id="oc-281">
         <name>.const:PowerCC32XX_config</name>
         <load_address>0x2000fdb0</load_address>
         <run_address>0x2000fdb0</run_address>
         <size>0x44</size>
         <input_file_ref idref="fl-4"/>
      </object_component>
      <object_component id="oc-3dd">
         <name>.const:UARTCC32XX_fxnTable</name>
         <load_address>0x2000fdf4</load_address>
         <run_address>0x2000fdf4</run_address>
         <size>0x28</size>
         <input_file_ref idref="fl-12"/>
      </object_component>
      <object_component id="oc-311">
         <name>.const:UART_defaultParams</name>
         <load_address>0x2000fe1c</load_address>
         <run_address>0x2000fe1c</run_address>
         <size>0x24</size>
         <input_file_ref idref="fl-e"/>
      </object_component>
      <object_component id="oc-3e1">
         <name>.const:uartCC32XXHWAttrs0</name>
         <load_address>0x2000fe40</load_address>
         <run_address>0x2000fe40</run_address>
         <size>0x24</size>
         <input_file_ref idref="fl-4"/>
      </object_component>
      <object_component id="oc-2ec">
         <name>.const:.string:pinTable</name>
         <load_address>0x2000fe64</load_address>
         <run_address>0x2000fe64</run_address>
         <size>0x21</size>
         <input_file_ref idref="fl-f"/>
      </object_component>
      <object_component id="oc-2cd">
         <name>.const</name>
         <load_address>0x2000fe85</load_address>
         <run_address>0x2000fe85</run_address>
         <size>0x3</size>
         <input_file_ref idref="fl-4"/>
      </object_component>
      <object_component id="oc-5f0">
         <name>.const:staticFxnTable</name>
         <load_address>0x2000fe88</load_address>
         <run_address>0x2000fe88</run_address>
         <size>0x20</size>
         <input_file_ref idref="fl-12"/>
      </object_component>
      <object_component id="oc-10e">
         <name>.const:g_pulEnRegs</name>
         <load_address>0x2000fea8</load_address>
         <run_address>0x2000fea8</run_address>
         <size>0x18</size>
         <input_file_ref idref="fl-1e"/>
      </object_component>
      <object_component id="oc-6fc">
         <name>.const:g_pulPendRegs</name>
         <load_address>0x2000fec0</load_address>
         <run_address>0x2000fec0</run_address>
         <size>0x18</size>
         <input_file_ref idref="fl-1e"/>
      </object_component>
      <object_component id="oc-1ed">
         <name>.const:.string:$P$T0$1</name>
         <load_address>0x2000fed8</load_address>
         <run_address>0x2000fed8</run_address>
         <size>0x16</size>
         <input_file_ref idref="fl-3"/>
      </object_component>
      <object_component id="oc-2ba">
         <name>.const:GPIOCC32XX_config</name>
         <load_address>0x2000fef0</load_address>
         <run_address>0x2000fef0</run_address>
         <size>0x14</size>
         <input_file_ref idref="fl-4"/>
      </object_component>
      <object_component id="oc-307">
         <name>.const:gpioBaseAddresses</name>
         <load_address>0x2000ff04</load_address>
         <run_address>0x2000ff04</run_address>
         <size>0x14</size>
         <input_file_ref idref="fl-f"/>
      </object_component>
      <object_component id="oc-6ae">
         <name>.const:parityType</name>
         <load_address>0x2000ff18</load_address>
         <run_address>0x2000ff18</run_address>
         <size>0x14</size>
         <input_file_ref idref="fl-12"/>
      </object_component>
      <object_component id="oc-2ef">
         <name>.const:powerResources</name>
         <load_address>0x2000ff2c</load_address>
         <run_address>0x2000ff2c</run_address>
         <size>0x14</size>
         <input_file_ref idref="fl-f"/>
      </object_component>
      <object_component id="oc-6b4">
         <name>.const:dataLength</name>
         <load_address>0x2000ff40</load_address>
         <run_address>0x2000ff40</run_address>
         <size>0x10</size>
         <input_file_ref idref="fl-12"/>
      </object_component>
      <object_component id="oc-2d0">
         <name>.const:UART_config</name>
         <load_address>0x2000ff50</load_address>
         <run_address>0x2000ff50</run_address>
         <size>0xc</size>
         <input_file_ref idref="fl-4"/>
      </object_component>
      <object_component id="oc-2f5">
         <name>.const:outPinTypes</name>
         <load_address>0x2000ff5c</load_address>
         <run_address>0x2000ff5c</run_address>
         <size>0x8</size>
         <input_file_ref idref="fl-f"/>
      </object_component>
      <object_component id="oc-6b1">
         <name>.const:stopBits</name>
         <load_address>0x2000ff64</load_address>
         <run_address>0x2000ff64</run_address>
         <size>0x8</size>
         <input_file_ref idref="fl-12"/>
      </object_component>
      <object_component id="oc-304">
         <name>.const:.string:interruptType</name>
         <load_address>0x2000ff6c</load_address>
         <run_address>0x2000ff6c</run_address>
         <size>0x6</size>
         <input_file_ref idref="fl-f"/>
      </object_component>
      <object_component id="oc-2f8">
         <name>.const:inPinTypes</name>
         <load_address>0x2000ff72</load_address>
         <run_address>0x2000ff72</run_address>
         <size>0x6</size>
         <input_file_ref idref="fl-f"/>
      </object_component>
      <object_component id="oc-2f2">
         <name>.const:outPinStrengths</name>
         <load_address>0x2000ff78</load_address>
         <run_address>0x2000ff78</run_address>
         <size>0x6</size>
         <input_file_ref idref="fl-f"/>
      </object_component>
      <object_component id="oc-2fb">
         <name>.const:.string:portInterruptIds</name>
         <load_address>0x2000ff7e</load_address>
         <run_address>0x2000ff7e</run_address>
         <size>0x4</size>
         <input_file_ref idref="fl-f"/>
      </object_component>
      <object_component id="oc-75f">
         <name>.cinit..data.load</name>
         <load_address>0x200101b8</load_address>
         <run_address>0x200101b8</run_address>
         <size>0xbe</size>
      </object_component>
      <object_component id="oc-75d">
         <name>__TI_handler_table</name>
         <load_address>0x20010278</load_address>
         <run_address>0x20010278</run_address>
         <size>0xc</size>
      </object_component>
      <object_component id="oc-760">
         <name>.cinit..bss.load</name>
         <load_address>0x20010288</load_address>
         <run_address>0x20010288</run_address>
         <size>0x8</size>
      </object_component>
      <object_component id="oc-75e">
         <name>__TI_cinit_table</name>
         <load_address>0x20010290</load_address>
         <run_address>0x20010290</run_address>
         <size>0x10</size>
      </object_component>
      <object_component id="oc-3c0">
         <name>.data:gpioPinConfigs</name>
         <load_address>0x2000fc04</load_address>
         <run_address>0x2000fc04</run_address>
         <size>0x4</size>
         <input_file_ref idref="fl-4"/>
      </object_component>
      <object_component id="oc-3c3">
         <name>.data:gpioCallbackFunctions</name>
         <load_address>0x2000fc00</load_address>
         <run_address>0x2000fc00</run_address>
         <size>0x4</size>
         <input_file_ref idref="fl-4"/>
      </object_component>
      <object_component id="oc-364">
         <name>.data:parkInfo</name>
         <load_address>0x2000fad4</load_address>
         <run_address>0x2000fad4</run_address>
         <size>0xf8</size>
         <input_file_ref idref="fl-4"/>
      </object_component>
      <object_component id="oc-2ca">
         <name>.data</name>
         <load_address>0x2000fbfd</load_address>
         <run_address>0x2000fbfd</run_address>
         <size>0x1</size>
         <input_file_ref idref="fl-e"/>
      </object_component>
      <object_component id="oc-2b7">
         <name>.data</name>
         <load_address>0x2000fbcc</load_address>
         <run_address>0x2000fbcc</run_address>
         <size>0x9</size>
         <input_file_ref idref="fl-f"/>
      </object_component>
      <object_component id="oc-27e">
         <name>.data:PowerCC32XX_module</name>
         <load_address>0x2000f968</load_address>
         <run_address>0x2000f968</run_address>
         <size>0x16c</size>
         <input_file_ref idref="fl-10"/>
      </object_component>
      <object_component id="oc-3a5">
         <name>.data</name>
         <load_address>0x2000fbd5</load_address>
         <run_address>0x2000fbd5</run_address>
         <size>0x3</size>
         <input_file_ref idref="fl-16"/>
      </object_component>
      <object_component id="oc-481">
         <name>.data:SemaphoreP_defaultParams</name>
         <load_address>0x2000fbe8</load_address>
         <run_address>0x2000fbe8</run_address>
         <size>0x8</size>
         <input_file_ref idref="fl-16"/>
      </object_component>
      <object_component id="oc-47b">
         <name>.data</name>
         <load_address>0x2000fbf8</load_address>
         <run_address>0x2000fbf8</run_address>
         <size>0x5</size>
         <input_file_ref idref="fl-17"/>
      </object_component>
      <object_component id="oc-50f">
         <name>.data:HwiP_dispatchTable</name>
         <load_address>0x2000f65c</load_address>
         <run_address>0x2000f65c</run_address>
         <size>0x30c</size>
         <input_file_ref idref="fl-18"/>
      </object_component>
      <object_component id="oc-518">
         <name>.data</name>
         <load_address>0x2000fbf0</load_address>
         <run_address>0x2000fbf0</run_address>
         <size>0x8</size>
         <input_file_ref idref="fl-18"/>
      </object_component>
      <object_component id="oc-585">
         <name>.data:$O1$$</name>
         <load_address>0x2000fbe0</load_address>
         <run_address>0x2000fbe0</run_address>
         <size>0x8</size>
         <input_file_ref idref="fl-df"/>
      </object_component>
      <object_component id="oc-200">
         <name>.data:$O1$$</name>
         <load_address>0x2000fbd8</load_address>
         <run_address>0x2000fbd8</run_address>
         <size>0x8</size>
         <input_file_ref idref="fl-e7"/>
      </object_component>
      <object_component id="oc-503">
         <name>.bss:uartCC32XXRingBuffer0</name>
         <uninitialized>true</uninitialized>
         <run_address>0x20010158</run_address>
         <size>0x20</size>
         <input_file_ref idref="fl-4"/>
      </object_component>
      <object_component id="oc-2c6">
         <name>.bss:gpioCallbackInfo</name>
         <uninitialized>true</uninitialized>
         <run_address>0x20010138</run_address>
         <size>0x20</size>
         <input_file_ref idref="fl-f"/>
      </object_component>
      <object_component id="oc-2bd">
         <name>.bss:powerNotifyObj</name>
         <uninitialized>true</uninitialized>
         <run_address>0x20010178</run_address>
         <size>0x14</size>
         <input_file_ref idref="fl-f"/>
      </object_component>
      <object_component id="oc-2b6">
         <name>.bss</name>
         <uninitialized>true</uninitialized>
         <run_address>0x2001018c</run_address>
         <size>0x4</size>
         <input_file_ref idref="fl-f"/>
      </object_component>
      <object_component id="oc-64c">
         <name>.bss</name>
         <uninitialized>true</uninitialized>
         <run_address>0x200101b0</run_address>
         <size>0x4</size>
         <input_file_ref idref="fl-17"/>
      </object_component>
      <object_component id="oc-51f">
         <name>.bss</name>
         <uninitialized>true</uninitialized>
         <run_address>0x200101a0</run_address>
         <size>0xd</size>
         <input_file_ref idref="fl-1b"/>
      </object_component>
      <object_component id="oc-3e0">
         <name>.common:uartCC32XXObjects0</name>
         <uninitialized>true</uninitialized>
         <run_address>0x200100b4</run_address>
         <size>0x84</size>
      </object_component>
      <object_component id="oc-65b">
         <name>.common:PowerCC32XX_contextSave</name>
         <uninitialized>true</uninitialized>
         <run_address>0x2000ff88</run_address>
         <size>0x12c</size>
      </object_component>
      <object_component id="oc-e1">
         <name>.common:ClockP_ctrl</name>
         <uninitialized>true</uninitialized>
         <run_address>0x20010190</run_address>
         <size>0x10</size>
      </object_component>
      <object_component id="oc-2a">
         <name>.sysmem</name>
         <uninitialized>true</uninitialized>
         <run_address>0x20004040</run_address>
         <size>0x10</size>
         <input_file_ref idref="fl-df"/>
      </object_component>
      <object_component id="oc-763">
         <name>.sysmem</name>
         <uninitialized>true</uninitialized>
         <run_address>0x20004040</run_address>
         <size>0x0</size>
      </object_component>
      <object_component id="oc-2d">
         <name>.stack</name>
         <uninitialized>true</uninitialized>
         <run_address>0x20003000</run_address>
         <size>0x4</size>
         <input_file_ref idref="fl-e0"/>
      </object_component>
      <object_component id="oc-762">
         <name>.stack</name>
         <uninitialized>true</uninitialized>
         <run_address>0x20003000</run_address>
         <size>0x0</size>
      </object_component>
      <object_component id="oc-27">
         <name>.resetVecs:retain</name>
         <load_address>0x20004000</load_address>
         <run_address>0x20004000</run_address>
         <size>0x40</size>
         <input_file_ref idref="fl-1a"/>
      </object_component>
      <object_component id="oc-bb">
         <name>.ramVecs</name>
         <uninitialized>true</uninitialized>
         <run_address>0x20000000</run_address>
         <size>0x30c</size>
         <input_file_ref idref="fl-1a"/>
      </object_component>
      <object_component id="oc-14d">
         <name>.debug_info</name>
         <load_address>0x0</load_address>
         <run_address>0x0</run_address>
         <size>0x1bd</size>
         <input_file_ref idref="fl-2"/>
      </object_component>
      <object_component id="oc-11b">
         <name>.debug_info</name>
         <load_address>0x1bd</load_address>
         <run_address>0x1bd</run_address>
         <size>0x155</size>
         <input_file_ref idref="fl-2"/>
      </object_component>
      <object_component id="oc-e7">
         <name>.debug_info</name>
         <load_address>0x312</load_address>
         <run_address>0x312</run_address>
         <size>0x26b</size>
         <input_file_ref idref="fl-2"/>
      </object_component>
      <object_component id="oc-36">
         <name>.debug_info</name>
         <load_address>0x57d</load_address>
         <run_address>0x57d</run_address>
         <size>0x84</size>
         <input_file_ref idref="fl-2"/>
      </object_component>
      <object_component id="oc-148">
         <name>.debug_info</name>
         <load_address>0x601</load_address>
         <run_address>0x601</run_address>
         <size>0x2a4</size>
         <input_file_ref idref="fl-2"/>
      </object_component>
      <object_component id="oc-21e">
         <name>.debug_info</name>
         <load_address>0x8a5</load_address>
         <run_address>0x8a5</run_address>
         <size>0xef</size>
         <input_file_ref idref="fl-2"/>
      </object_component>
      <object_component id="oc-12f">
         <name>.debug_info</name>
         <load_address>0x994</load_address>
         <run_address>0x994</run_address>
         <size>0xbb</size>
         <input_file_ref idref="fl-2"/>
      </object_component>
      <object_component id="oc-241">
         <name>.debug_info</name>
         <load_address>0xa4f</load_address>
         <run_address>0xa4f</run_address>
         <size>0x53</size>
         <input_file_ref idref="fl-2"/>
      </object_component>
      <object_component id="oc-1f1">
         <name>.debug_info</name>
         <load_address>0xaa2</load_address>
         <run_address>0xaa2</run_address>
         <size>0x39f</size>
         <input_file_ref idref="fl-3"/>
      </object_component>
      <object_component id="oc-1ee">
         <name>.debug_info</name>
         <load_address>0xe41</load_address>
         <run_address>0xe41</run_address>
         <size>0xec</size>
         <input_file_ref idref="fl-3"/>
      </object_component>
      <object_component id="oc-160">
         <name>.debug_info</name>
         <load_address>0xf2d</load_address>
         <run_address>0xf2d</run_address>
         <size>0x2c2</size>
         <input_file_ref idref="fl-3"/>
      </object_component>
      <object_component id="oc-1f2">
         <name>.debug_info</name>
         <load_address>0x11ef</load_address>
         <run_address>0x11ef</run_address>
         <size>0x4cf</size>
         <input_file_ref idref="fl-3"/>
      </object_component>
      <object_component id="oc-1f7">
         <name>.debug_info</name>
         <load_address>0x16be</load_address>
         <run_address>0x16be</run_address>
         <size>0x63</size>
         <input_file_ref idref="fl-3"/>
      </object_component>
      <object_component id="oc-23c">
         <name>.debug_info</name>
         <load_address>0x1721</load_address>
         <run_address>0x1721</run_address>
         <size>0x3b</size>
         <input_file_ref idref="fl-3"/>
      </object_component>
      <object_component id="oc-1a3">
         <name>.debug_info</name>
         <load_address>0x175c</load_address>
         <run_address>0x175c</run_address>
         <size>0x50b</size>
         <input_file_ref idref="fl-4"/>
      </object_component>
      <object_component id="oc-3c1">
         <name>.debug_info</name>
         <load_address>0x1c67</load_address>
         <run_address>0x1c67</run_address>
         <size>0x108</size>
         <input_file_ref idref="fl-4"/>
      </object_component>
      <object_component id="oc-3c4">
         <name>.debug_info</name>
         <load_address>0x1d6f</load_address>
         <run_address>0x1d6f</run_address>
         <size>0x116</size>
         <input_file_ref idref="fl-4"/>
      </object_component>
      <object_component id="oc-2ce">
         <name>.debug_info</name>
         <load_address>0x1e85</load_address>
         <run_address>0x1e85</run_address>
         <size>0x176</size>
         <input_file_ref idref="fl-4"/>
      </object_component>
      <object_component id="oc-2bb">
         <name>.debug_info</name>
         <load_address>0x1ffb</load_address>
         <run_address>0x1ffb</run_address>
         <size>0x10e</size>
         <input_file_ref idref="fl-4"/>
      </object_component>
      <object_component id="oc-282">
         <name>.debug_info</name>
         <load_address>0x2109</load_address>
         <run_address>0x2109</run_address>
         <size>0x110</size>
         <input_file_ref idref="fl-4"/>
      </object_component>
      <object_component id="oc-504">
         <name>.debug_info</name>
         <load_address>0x2219</load_address>
         <run_address>0x2219</run_address>
         <size>0x115</size>
         <input_file_ref idref="fl-4"/>
      </object_component>
      <object_component id="oc-3e2">
         <name>.debug_info</name>
         <load_address>0x232e</load_address>
         <run_address>0x232e</run_address>
         <size>0x10f</size>
         <input_file_ref idref="fl-4"/>
      </object_component>
      <object_component id="oc-2d1">
         <name>.debug_info</name>
         <load_address>0x243d</load_address>
         <run_address>0x243d</run_address>
         <size>0x102</size>
         <input_file_ref idref="fl-4"/>
      </object_component>
      <object_component id="oc-365">
         <name>.debug_info</name>
         <load_address>0x253f</load_address>
         <run_address>0x253f</run_address>
         <size>0xfc</size>
         <input_file_ref idref="fl-4"/>
      </object_component>
      <object_component id="oc-1b6">
         <name>.debug_info</name>
         <load_address>0x263b</load_address>
         <run_address>0x263b</run_address>
         <size>0x154</size>
         <input_file_ref idref="fl-4"/>
      </object_component>
      <object_component id="oc-153">
         <name>.debug_info</name>
         <load_address>0x278f</load_address>
         <run_address>0x278f</run_address>
         <size>0x18a</size>
         <input_file_ref idref="fl-4"/>
      </object_component>
      <object_component id="oc-228">
         <name>.debug_info</name>
         <load_address>0x2919</load_address>
         <run_address>0x2919</run_address>
         <size>0x878</size>
         <input_file_ref idref="fl-4"/>
      </object_component>
      <object_component id="oc-134">
         <name>.debug_info</name>
         <load_address>0x3191</load_address>
         <run_address>0x3191</run_address>
         <size>0x100</size>
         <input_file_ref idref="fl-4"/>
      </object_component>
      <object_component id="oc-13e">
         <name>.debug_info</name>
         <load_address>0x3291</load_address>
         <run_address>0x3291</run_address>
         <size>0x137</size>
         <input_file_ref idref="fl-4"/>
      </object_component>
      <object_component id="oc-30b">
         <name>.debug_info</name>
[...]
         <value>0x2000ce75</value>
         <object_component_ref idref="oc-4c4"/>
      </symbol>
      <symbol id="sm-591">
         <name>UARTCC32XX_fxnTable</name>
         <value>0x2000fdf4</value>
         <object_component_ref idref="oc-3dd"/>
      </symbol>
      <symbol id="sm-592">
         <name>UARTCC32XX_init</name>
         <value>0x2000d577</value>
         <object_component_ref idref="oc-4d0"/>
      </symbol>
      <symbol id="sm-593">
         <name>UARTCC32XX_writePolling</name>
         <value>0x2000e47d</value>
         <object_component_ref idref="oc-4f4"/>
      </symbol>
      <symbol id="sm-594">
         <name>UARTCC32XX_writeCancel</name>
         <value>0x2000e3b1</value>
         <object_component_ref idref="oc-4fa"/>
      </symbol>
      <symbol id="sm-595">
         <name>UARTCC32XX_control</name>
         <value>0x2000d095</value>
         <object_component_ref idref="oc-4ca"/>
      </symbol>
      <symbol id="sm-596">
         <name>UARTCC32XX_open</name>
         <value>0x2000c46d</value>
         <object_component_ref idref="oc-4d6"/>
      </symbol>
      <symbol id="sm-597">
         <name>UARTCC32XX_readCancel</name>
         <value>0x2000ef45</value>
         <object_component_ref idref="oc-4e8"/>
      </symbol>
      <symbol id="sm-598">
         <name>UARTCC32XX_write</name>
         <value>0x2000d26d</value>
         <object_component_ref idref="oc-4ee"/>
      </symbol>
      <symbol id="sm-599">
         <name>UARTCC32XX_read</name>
         <value>0x2000ed31</value>
         <object_component_ref idref="oc-4dc"/>
      </symbol>
      <symbol id="sm-59a">
         <name>UARTCC32XX_readPolling</name>
         <value>0x2000d4bd</value>
         <object_component_ref idref="oc-4e2"/>
      </symbol>
      <symbol id="sm-5b2">
         <name>List_remove</name>
         <value>0x2000f1a3</value>
         <object_component_ref idref="oc-695"/>
      </symbol>
      <symbol id="sm-5b3">
         <name>List_put</name>
         <value>0x2000f17d</value>
         <object_component_ref idref="oc-3aa"/>
      </symbol>
      <symbol id="sm-5e2">
         <name>RingBuf_put</name>
         <value>0x2000ea4d</value>
         <object_component_ref idref="oc-70b"/>
      </symbol>
      <symbol id="sm-5e3">
         <name>RingBuf_isFull</name>
         <value>0x2000f5c5</value>
         <object_component_ref idref="oc-711"/>
      </symbol>
      <symbol id="sm-5e4">
         <name>RingBuf_construct</name>
         <value>0x2000f4d3</value>
         <object_component_ref idref="oc-5c6"/>
      </symbol>
      <symbol id="sm-5e5">
         <name>RingBuf_peek</name>
         <value>0x2000f275</value>
         <object_component_ref idref="oc-5b8"/>
      </symbol>
      <symbol id="sm-5e6">
         <name>RingBuf_get</name>
         <value>0x2000ecf1</value>
         <object_component_ref idref="oc-613"/>
      </symbol>
      <symbol id="sm-661">
         <name>SemaphoreP_defaultParams</name>
         <value>0x2000fbe8</value>
         <object_component_ref idref="oc-481"/>
      </symbol>
      <symbol id="sm-662">
         <name>SemaphoreP_construct</name>
         <value>0x2000e7f9</value>
         <object_component_ref idref="oc-485"/>
      </symbol>
      <symbol id="sm-663">
         <name>SemaphoreP_create</name>
         <value>0x2000f431</value>
         <object_component_ref idref="oc-36f"/>
      </symbol>
      <symbol id="sm-664">
         <name>SemaphoreP_post</name>
         <value>0x2000eb61</value>
         <object_component_ref idref="oc-2b0"/>
      </symbol>
      <symbol id="sm-665">
         <name>SemaphoreP_pend</name>
         <value>0x2000dad9</value>
         <object_component_ref idref="oc-29e"/>
      </symbol>
      <symbol id="sm-666">
         <name>SemaphoreP_delete</name>
         <value>0x2000f651</value>
         <object_component_ref idref="oc-298"/>
      </symbol>
      <symbol id="sm-667">
         <name>SemaphoreP_createBinary</name>
         <value>0x2000f33f</value>
         <object_component_ref idref="oc-286"/>
      </symbol>
      <symbol id="sm-668">
         <name>SemaphoreP_Params_init</name>
         <value>0x2000f589</value>
         <object_component_ref idref="oc-369"/>
      </symbol>
      <symbol id="sm-669">
         <name>clkFxn</name>
         <value>0x2000e4df</value>
         <object_component_ref idref="oc-39f"/>
      </symbol>
      <symbol id="sm-753">
         <name>ClockP_ctrl</name>
         <value>0x20010190</value>
      </symbol>
      <symbol id="sm-754">
         <name>ClockP_delete</name>
         <value>0x2000f517</value>
         <object_component_ref idref="oc-593"/>
      </symbol>
      <symbol id="sm-755">
         <name>ClockP_doTick</name>
         <value>0x2000e7a9</value>
         <object_component_ref idref="oc-79"/>
      </symbol>
      <symbol id="sm-756">
         <name>ClockP_setTimeout</name>
         <value>0x2000f649</value>
         <object_component_ref idref="oc-718"/>
      </symbol>
      <symbol id="sm-757">
         <name>ClockP_startup</name>
         <value>0x2000efb1</value>
         <object_component_ref idref="oc-52b"/>
      </symbol>
      <symbol id="sm-758">
         <name>ClockP_stop</name>
         <value>0x2000ea95</value>
         <object_component_ref idref="oc-4ad"/>
      </symbol>
      <symbol id="sm-759">
         <name>ClockP_construct</name>
         <value>0x2000ec71</value>
         <object_component_ref idref="oc-6a7"/>
      </symbol>
      <symbol id="sm-75a">
         <name>ClockP_getTicksUntilInterrupt</name>
         <value>0x2000ef7d</value>
         <object_component_ref idref="oc-447"/>
      </symbol>
      <symbol id="sm-75b">
         <name>ClockP_setTicks</name>
         <value>0x2000f549</value>
         <object_component_ref idref="oc-46f"/>
      </symbol>
      <symbol id="sm-75c">
         <name>ClockP_tickPeriod</name>
         <value>0x2000fbf8</value>
         <object_component_ref idref="oc-47b"/>
      </symbol>
      <symbol id="sm-75d">
         <name>ClockP_create</name>
         <value>0x2000f325</value>
         <object_component_ref idref="oc-5e4"/>
      </symbol>
      <symbol id="sm-75e">
         <name>ClockP_Params_init</name>
         <value>0x2000f5f9</value>
         <object_component_ref idref="oc-5de"/>
      </symbol>
      <symbol id="sm-75f">
         <name>ClockP_getSystemTicks</name>
         <value>0x2000f539</value>
         <object_component_ref idref="oc-453"/>
      </symbol>
      <symbol id="sm-760">
         <name>ClockP_destruct</name>
         <value>0x2000edb1</value>
         <object_component_ref idref="oc-399"/>
      </symbol>
      <symbol id="sm-761">
         <name>ClockP_start</name>
         <value>0x2000f04d</value>
         <object_component_ref idref="oc-387"/>
      </symbol>
      <symbol id="sm-762">
         <name>ClockP_sysTickHandler</name>
         <value>0x2000e7a9</value>
         <object_component_ref idref="oc-79"/>
      </symbol>
      <symbol id="sm-763">
         <name>ClockP_isActive</name>
         <value>0x2000f603</value>
         <object_component_ref idref="oc-393"/>
      </symbol>
      <symbol id="sm-764">
         <name>ClockP_getCpuFreq</name>
         <value>0x2000f529</value>
         <object_component_ref idref="oc-435"/>
      </symbol>
      <symbol id="sm-765">
         <name>ClockP_add</name>
         <value>0x2000f507</value>
         <object_component_ref idref="oc-381"/>
      </symbol>
      <symbol id="sm-7e6">
         <name>HwiP_delete</name>
         <value>0x2000f559</value>
         <object_component_ref idref="oc-58d"/>
      </symbol>
      <symbol id="sm-7e7">
         <name>HwiP_construct</name>
         <value>0x2000ddd5</value>
         <object_component_ref idref="oc-3ef"/>
      </symbol>
      <symbol id="sm-7e8">
         <name>HwiP_inISR</name>
         <value>0x2000f45d</value>
         <object_component_ref idref="oc-3b1"/>
      </symbol>
      <symbol id="sm-7e9">
         <name>HwiP_dispatch</name>
         <value>0x2000f1c9</value>
         <object_component_ref idref="oc-512"/>
      </symbol>
      <symbol id="sm-7ea">
         <name>HwiP_destruct</name>
         <value>0x2000f235</value>
         <object_component_ref idref="oc-68c"/>
      </symbol>
      <symbol id="sm-7eb">
         <name>HwiP_swiPIntNum</name>
         <value>0x2000fbf4</value>
         <object_component_ref idref="oc-518"/>
      </symbol>
      <symbol id="sm-7ec">
         <name>HwiP_Params_init</name>
         <value>0x2000f4c1</value>
         <object_component_ref idref="oc-2e0"/>
      </symbol>
      <symbol id="sm-7ed">
         <name>HwiP_disable</name>
         <value>0x2000f5a9</value>
         <object_component_ref idref="oc-28c"/>
      </symbol>
      <symbol id="sm-7ee">
         <name>HwiP_key</name>
         <value>0x2000fbf0</value>
         <object_component_ref idref="oc-518"/>
      </symbol>
      <symbol id="sm-7ef">
         <name>HwiP_create</name>
         <value>0x2000f0d9</value>
         <object_component_ref idref="oc-2e6"/>
      </symbol>
      <symbol id="sm-7f0">
         <name>HwiP_post</name>
         <value>0x2000f64d</value>
         <object_component_ref idref="oc-572"/>
      </symbol>
      <symbol id="sm-7f1">
         <name>HwiP_enable</name>
         <value>0x2000f5b7</value>
         <object_component_ref idref="oc-158"/>
      </symbol>
      <symbol id="sm-7f2">
         <name>HwiP_restore</name>
         <value>0x2000f569</value>
         <object_component_ref idref="oc-292"/>
      </symbol>
      <symbol id="sm-822">
         <name>PowerCC32XX_initPolicy</name>
         <value>0x2000d337</value>
         <object_component_ref idref="oc-358"/>
      </symbol>
      <symbol id="sm-823">
         <name>PowerCC32XX_sleepPolicy</name>
         <value>0x2000c8d9</value>
         <object_component_ref idref="oc-35e"/>
      </symbol>
      <symbol id="sm-878">
         <name>resetISR</name>
         <value>0x2000f359</value>
         <object_component_ref idref="oc-21"/>
      </symbol>
      <symbol id="sm-879">
         <name>resetVectorAddr</name>
         <value>0x2000f36c</value>
         <object_component_ref idref="oc-21"/>
      </symbol>
      <symbol id="sm-87a">
         <name>initVectors</name>
         <value>0x2000eed5</value>
         <object_component_ref idref="oc-59"/>
      </symbol>
      <symbol id="sm-87b">
         <name>resetVectors</name>
         <value>0x20004000</value>
         <object_component_ref idref="oc-27"/>
      </symbol>
      <symbol id="sm-8ab">
         <name>SwiP_disable</name>
         <value>0x2000f2d1</value>
         <object_component_ref idref="oc-43b"/>
      </symbol>
      <symbol id="sm-8ac">
         <name>SwiP_restore</name>
         <value>0x2000eba5</value>
         <object_component_ref idref="oc-475"/>
      </symbol>
      <symbol id="sm-8b7">
         <name>CPUcpsid</name>
         <value>0x2000f447</value>
         <object_component_ref idref="oc-a3"/>
      </symbol>
      <symbol id="sm-8fc">
         <name>IntVTableBaseSet</name>
         <value>0x2000f471</value>
         <object_component_ref idref="oc-af"/>
      </symbol>
      <symbol id="sm-8fd">
         <name>IntEnable</name>
         <value>0x2000d845</value>
         <object_component_ref idref="oc-b5"/>
      </symbol>
      <symbol id="sm-8fe">
         <name>IntMasterDisable</name>
         <value>0x2000f60d</value>
         <object_component_ref idref="oc-53"/>
      </symbol>
      <symbol id="sm-8ff">
         <name>IntPendSet</name>
         <value>0x2000de61</value>
         <object_component_ref idref="oc-680"/>
      </symbol>
      <symbol id="sm-939">
         <name>PinModeGet</name>
         <value>0x2000efe5</value>
         <object_component_ref idref="oc-26b"/>
      </symbol>
      <symbol id="sm-93a">
         <name>PinConfigSet</name>
         <value>0x2000dee9</value>
         <object_component_ref idref="oc-2d4"/>
      </symbol>
      <symbol id="sm-93b">
         <name>PinModeSet</name>
         <value>0x2000ecb1</value>
         <object_component_ref idref="oc-271"/>
      </symbol>
      <symbol id="sm-93c">
         <name>PinToPadGet</name>
         <value>0x2000f2b5</value>
         <object_component_ref idref="oc-5b1"/>
      </symbol>
      <symbol id="sm-a05">
         <name>PRCMLPDSRestoreInfoSet</name>
         <value>0x2000ead9</value>
         <object_component_ref idref="oc-662"/>
      </symbol>
      <symbol id="sm-a06">
         <name>PRCMPeripheralReset</name>
         <value>0x2000e651</value>
         <object_component_ref idref="oc-25f"/>
      </symbol>
      <symbol id="sm-a07">
         <name>PRCMLPDSEnter</name>
         <value>0x2000e975</value>
         <object_component_ref idref="oc-563"/>
      </symbol>
      <symbol id="sm-a08">
         <name>PRCMPeripheralClkEnable</name>
         <value>0x2000e9bd</value>
         <object_component_ref idref="oc-259"/>
      </symbol>
      <symbol id="sm-a09">
         <name>PRCMLPDSEnterKeepDebugIf</name>
         <value>0x2000ee65</value>
         <object_component_ref idref="oc-569"/>
      </symbol>
      <symbol id="sm-a0a">
         <name>PRCMCC3200MCUInit</name>
         <value>0x2000c041</value>
         <object_component_ref idref="oc-1a9"/>
      </symbol>
      <symbol id="sm-a0b">
         <name>PRCMHIBRegWrite</name>
         <value>0x2000f41b</value>
         <object_component_ref idref="oc-24d"/>
      </symbol>
      <symbol id="sm-a0c">
         <name>PRCMSysResetCauseGet</name>
         <value>0x2000e4e1</value>
         <object_component_ref idref="oc-246"/>
      </symbol>
      <symbol id="sm-a0d">
         <name>PRCMPeripheralClkDisable</name>
         <value>0x2000f105</value>
         <object_component_ref idref="oc-265"/>
      </symbol>
      <symbol id="sm-a0e">
         <name>PRCMHIBRegRead</name>
         <value>0x2000f405</value>
         <object_component_ref idref="oc-253"/>
      </symbol>
      <symbol id="sm-a22">
         <name>UARTBusy</name>
         <value>0x2000f3a5</value>
         <object_component_ref idref="oc-61b"/>
      </symbol>
      <symbol id="sm-a23">
         <name>UARTIntEnable</name>
         <value>0x2000f3bd</value>
         <object_component_ref idref="oc-6eb"/>
      </symbol>
      <symbol id="sm-a27">
         <name>UtilsDelay</name>
         <value>0x2000f643</value>
         <object_component_ref idref="oc-24c"/>
      </symbol>
      <symbol id="sm-a37">
         <name>FlashDisable</name>
         <value>0x2000e92d</value>
         <object_component_ref idref="oc-678"/>
      </symbol>
      <symbol id="sm-a40">
         <name>__aeabi_lmul</name>
         <value>0x2000f3ed</value>
         <object_component_ref idref="oc-46a"/>
      </symbol>
      <symbol id="sm-a5b">
         <name>memcpy</name>
         <value>0x2000db79</value>
         <object_component_ref idref="oc-3b"/>
      </symbol>
      <symbol id="sm-a5c">
         <name>__aeabi_memcpy</name>
         <value>0x2000db79</value>
         <object_component_ref idref="oc-3b"/>
      </symbol>
      <symbol id="sm-a5d">
         <name>__aeabi_memcpy8</name>
         <value>0x2000db79</value>
         <object_component_ref idref="oc-3b"/>
      </symbol>
      <symbol id="sm-a5e">
         <name>__aeabi_memcpy4</name>
         <value>0x2000db79</value>
         <object_component_ref idref="oc-3b"/>
      </symbol>
      <symbol id="sm-a6b">
         <name>__aeabi_uldivmod</name>
         <value>0x2000dcad</value>
         <object_component_ref idref="oc-45f"/>
      </symbol>
      <symbol id="sm-a7f">
         <name>__TI_zero_init_nomemset</name>
         <value>0x2000f2ed</value>
         <object_component_ref idref="oc-47"/>
      </symbol>
      <symbol id="sm-a96">
         <name>__TI_decompress_none</name>
         <value>0x2000f5d3</value>
         <object_component_ref idref="oc-1a"/>
      </symbol>
      <symbol id="sm-ab9">
         <name>__TI_decompress_lzss</name>
         <value>0x2000e349</value>
         <object_component_ref idref="oc-14"/>
      </symbol>
      <symbol id="sm-b42">
         <name>_sys_memory</name>
         <value>0x20004040</value>
         <object_component_ref idref="oc-2a"/>
      </symbol>
      <symbol id="sm-b43">
         <name>free</name>
         <value>0x2000d189</value>
         <object_component_ref idref="oc-37a"/>
      </symbol>
      <symbol id="sm-b44">
         <name>memalign</name>
         <value>0x2000cf95</value>
         <object_component_ref idref="oc-508"/>
      </symbol>
      <symbol id="sm-b45">
         <name>malloc</name>
         <value>0x2000f62b</value>
         <object_component_ref idref="oc-3e9"/>
      </symbol>
      <symbol id="sm-b46">
         <name>aligned_alloc</name>
         <value>0x2000cf95</value>
         <object_component_ref idref="oc-508"/>
      </symbol>
      <symbol id="sm-b58">
         <name>__stack</name>
         <value>0x20003000</value>
         <object_component_ref idref="oc-2d"/>
      </symbol>
      <symbol id="sm-b59">
         <name>_c_int00_noargs</name>
         <value>0x2000f211</value>
         <object_component_ref idref="oc-c5"/>
      </symbol>
      <symbol id="sm-b63">
         <name>__aeabi_idiv0</name>
         <value>0x2000ef7b</value>
         <object_component_ref idref="oc-534"/>
      </symbol>
      <symbol id="sm-b64">
         <name>__aeabi_ldiv0</name>
         <value>0x2000ef7b</value>
         <object_component_ref idref="oc-534"/>
      </symbol>
      <symbol id="sm-b8d">
         <name>__TI_auto_init_nobinit_nopinit</name>
         <value>0x2000ec2d</value>
         <object_component_ref idref="oc-171"/>
      </symbol>
      <symbol id="sm-b97">
         <name>_system_pre_init</name>
         <value>0x2000f655</value>
         <object_component_ref idref="oc-114"/>
      </symbol>
      <symbol id="sm-ba3">
         <name>C$$EXIT</name>
         <value>0x2000f659</value>
         <object_component_ref idref="oc-165"/>
      </symbol>
      <symbol id="sm-ba4">
         <name>abort</name>
         <value>0x2000f659</value>
         <object_component_ref idref="oc-165"/>
      </symbol>
      <symbol id="sm-bb9">
         <name>_nop</name>
         <value>0x2000dd43</value>
         <object_component_ref idref="oc-320"/>
      </symbol>
      <symbol id="sm-bba">
         <name>_lock</name>
         <value>0x2000fbd8</value>
         <object_component_ref idref="oc-200"/>
      </symbol>
      <symbol id="sm-bbb">
         <name>_unlock</name>
         <value>0x2000fbdc</value>
         <object_component_ref idref="oc-200"/>
      </symbol>
      <symbol id="sm-bbd">
         <name>__TI_static_base__</name>
         <value>0x200101b8</value>
      </symbol>
      <symbol id="sm-bc0">
         <name>ITM_flush</name>
         <value>0x0</value>
      </symbol>
      <symbol id="sm-bc1">
         <name>ITM_restore</name>
         <value>0x0</value>
      </symbol>
      <symbol id="sm-bc2">
         <name>__mpu_init</name>
         <value>0x0</value>
      </symbol>
      <symbol id="sm-bc3">
         <name>_system_post_cinit</name>
         <value>0x0</value>
      </symbol>
      <symbol id="sm-bc4">
         <name>NoRTOS_start</name>
         <value>0x2000f5b7</value>
      </symbol>
   </symbol_table>
   <title>Link successful</title>
</link_info>
