******************************************************************************
                  TI ARM Linker PC v20.2.5                     
******************************************************************************
>> Linked Sun Jun 20 17:07:13 2021

OUTPUT FILE NAME:   <gpiointerrupt_CC3220S_LAUNCHXL_nortos_ccs.out>
ENTRY POINT SYMBOL: "resetISR"  address: 200121b9


MEMORY CONFIGURATION

         name            origin    length      used     unused   attr    fill
----------------------  --------  ---------  --------  --------  ----  --------
  SRAM2                 20000000   00004000  0000130c  00002cf4  RW X
  SRAM                  20004000   0003c000  0000f704  0002c8fc  RW X
  LOG_DATA              90000000   00040000  00000000  00040000  R   


SEGMENT ALLOCATION MAP

run origin  load origin   length   init length attrs members
----------  ----------- ---------- ----------- ----- -------
20003000    20003000    00001000   00000000    rw-
  20003000    20003000    00001000   00000000    rw- .stack
20004000    20004000    00000040   00000040    r--
  20004000    20004000    00000040   00000040    r-- .resetVecs
20004040    20004040    00008000   00000000    rw-
  20004040    20004040    00008000   00000000    rw- .sysmem
2000c040    2000c040    000066aa   000066aa    r-x
  2000c040    2000c040    000066aa   000066aa    r-x .text
200126ec    200126ec    000005c0   00000000    rw-
  200126ec    200126ec    000005c0   00000000    rw- .data
20012cac    20012cac    00000516   00000516    r--
  20012cac    20012cac    00000516   00000516    r-- .const
200131c8    200131c8    00000454   00000000    rw-
  200131c8    200131c8    00000454   00000000    rw- .bss
20013620    20013620    000000f0   000000f0    r--
  20013620    20013620    000000f0   000000f0    r-- .cinit


SECTION ALLOCATION MAP

 output                                  attributes/
section   page    origin      length       input sections
--------  ----  ----------  ----------   ----------------
.text      0    2000c040    000066aa     
                  2000c040    00000a4e     rtsv7M4_T_le_eabi.lib : _printfi.c.obj (.text:__TI_printfi)
                  2000ca8e    00000002     ti_drivers_config.obj (.text:Board_initHook)
                  2000ca90    0000042c     driverlib.a : prcm.obj (.text:PRCMCC3200MCUInit)
                  2000cebc    00000288     drivers_cc32xx.a : UARTCC32XX.oem4 (.text:UARTCC32XX_open)
                  2000d144    00000268     rtsv7M4_T_le_eabi.lib : _printfi.c.obj (.text:_pconv_a)
                  2000d3ac    00000250     gpiointerrupt.obj (.text:initI2C)
                  2000d5fc    00000214     gpiointerrupt.obj (.text:mainThread)
                  2000d810    000001e4     drivers_cc32xx.a : GPIOCC32XX.oem4 (.text:GPIO_setConfig)
                  2000d9f4    000001cc     rtsv7M4_T_le_eabi.lib : _printfi.c.obj (.text:_pconv_g)
                  2000dbc0    000001b6                           : fd_add_t2.asm.obj (.text)
                  2000dd76    00000002     drivers_cc32xx.a : I2C.oem4 (.text:I2C_init)
                  2000dd78    0000019c     nortos_cc32xx.a : PowerCC32XX_nortos.oem4 (.text:PowerCC32XX_sleepPolicy)
                  2000df14    00000148     drivers_cc32xx.a : I2CCC32XX.oem4 (.text:I2CCC32XX_hwiFxn)
                  2000e05c    00000148                      : PowerCC32XX.oem4 (.text:parkPins)
                  2000e1a4    0000013c     rtsv7M4_T_le_eabi.lib : _printfi.c.obj (.text:_pconv_e)
                  2000e2e0    00000138     drivers_cc32xx.a : PowerCC32XX.oem4 (.text:Power_sleep)
                  2000e418    00000138                      : TimerCC32XX.oem4 (.text:Timer_open)
                  2000e550    00000136     rtsv7M4_T_le_eabi.lib : fd_div_t2.asm.obj (.text)
                  2000e686    00000122     drivers_cc32xx.a : I2C.oem4 (.text:I2C_transferTimeout)
                  2000e7a8    00000120                      : UARTCC32XX.oem4 (.text:UARTCC32XX_close)
                  2000e8c8    00000120     rtsv7M4_T_le_eabi.lib : _printfi.c.obj (.text:fcvt)
                  2000e9e8    0000011c     gpiointerrupt.obj (.text:readTemp)
                  2000eb04    00000100     rtsv7M4_T_le_eabi.lib : memory.c.obj (.text:aligned_alloc)
                  2000ec04    000000fc     drivers_cc32xx.a : I2CCC32XX.oem4 (.text:I2C_open)
                  2000ed00    000000fc     rtsv7M4_T_le_eabi.lib : fd_mul_t2.asm.obj (.text)
                  2000edfc    000000f2     drivers_cc32xx.a : UARTCC32XX.oem4 (.text:UARTCC32XX_control)
                  2000eeee    00000002     nortos_cc32xx.a : PowerCC32XX_nortos.oem4 (.text:PowerCC32XX_initPolicy)
                  2000eef0    000000e4     rtsv7M4_T_le_eabi.lib : memory.c.obj (.text:free)
                  2000efd4    000000d0                           : s_scalbn.c.obj (.text:scalbn)
                  2000f0a4    000000ca     drivers_cc32xx.a : UARTCC32XX.oem4 (.text:UARTCC32XX_write)
                  2000f16e    00000002     nortos_cc32xx.a : SemaphoreP_nortos.oem4 (.text:SemaphoreP_destruct)
                  2000f170    000000c4     drivers_cc32xx.a : GPIOCC32XX.oem4 (.text:GPIO_init)
                  2000f234    000000c0                      : PowerCC32XX.oem4 (.text:restoreParkedPins)
                  2000f2f4    000000ba                      : UARTCC32XX.oem4 (.text:UARTCC32XX_readPolling)
                  2000f3ae    00000002                      : Timer.oem4 (.text:Timer_init)
                  2000f3b0    000000b8                      : UARTCC32XX.oem4 (.text:initHw)
                  2000f468    000000b6                      : UARTCC32XX.oem4 (.text:readTaskCallback)
                  2000f51e    000000b2                      : I2CCC32XX.oem4 (.text:I2CCC32XX_completeTransfer)
                  2000f5d0    000000b1     rtsv7M4_T_le_eabi.lib : _printfi.c.obj (.text:_ltostr)
                  2000f681    00000001     --HOLE-- [fill = 0]
                  2000f682    000000b0     drivers_cc32xx.a : UARTCC32XX.oem4 (.text:readTaskBlocking)
                  2000f732    000000ae                      : UARTCC32XX.oem4 (.text:readIsrTextBlocking)
                  2000f7e0    000000a8                      : I2CCC32XX.oem4 (.text:I2CCC32XX_primeWriteBurst)
                  2000f888    000000a8     driverlib.a : interrupt.obj (.text:IntEnable)
                  2000f930    000000a8     drivers_cc32xx.a : PowerCC32XX.oem4 (.text:PowerCC32XX_configureWakeup)
                  2000f9d8    000000a2                      : UARTCC32XX.oem4 (.text:readIsrTextCallback)
                  2000fa7a    000000a2                      : UARTCC32XX.oem4 (.text:writeData)
                  2000fb1c    000000a0     nortos_cc32xx.a : SemaphoreP_nortos.oem4 (.text:SemaphoreP_pend)
                  2000fbbc    0000009c     drivers_cc32xx.a : I2CCC32XX.oem4 (.text:I2CCC32XX_initHw)
                  2000fc58    0000009c     rtsv7M4_T_le_eabi.lib : memcpy_t2.asm.obj (.text)
                  2000fcf4    00000098     drivers_cc32xx.a : GPIOCC32XX.oem4 (.text:powerNotifyFxn)
                  2000fd8c    00000096     rtsv7M4_T_le_eabi.lib : ull_div_t2.asm.obj (.text)
                  2000fe22    00000002     drivers_cc32xx.a : UARTCC32XX.oem4 (.text:UARTCC32XX_init)
                  2000fe24    00000090                      : PowerCC32XX.oem4 (.text:restoreNVICRegs)
                  2000feb4    0000008c     nortos_cc32xx.a : HwiPCC32XX_nortos.oem4 (.text:HwiP_construct)
                  2000ff40    00000088     driverlib.a : interrupt.obj (.text:IntPendSet)
                  2000ffc8    00000088                 : pin.obj (.text:PinConfigSet)
                  20010050    00000086     rtsv7M4_T_le_eabi.lib : fd_cmp_t2.asm.obj (.text:__aeabi_cdcmple)
                  200100d6    00000086                           : fd_cmp_t2.asm.obj (.text:__aeabi_cdrcmple)
                  2001015c    00000084     drivers_cc32xx.a : PowerCC32XX.oem4 (.text:Power_init)
                  200101e0    00000084                      : PowerCC32XX.oem4 (.text:saveNVICRegs)
                  20010264    00000080                      : PowerCC32XX.oem4 (.text:Power_setDependency)
                  200102e4    0000007c                      : UARTCC32XX.oem4 (.text:readIsrBinaryBlocking)
                  20010360    0000007a                      : I2CCC32XX.oem4 (.text:I2CCC32XX_primeReadBurst)
                  200103da    0000007a     rtsv7M4_T_le_eabi.lib : fs_mul_t2.asm.obj (.text)
                  20010454    0000007a                           : memset_t2.asm.obj (.text)
                  200104ce    00000002                           : _lock.c.obj (.text:_nop)
                  200104d0    00000078     drivers_cc32xx.a : GPIOCC32XX.oem4 (.text:GPIO_hwiIntFxn)
                  20010548    00000078                      : UARTCC32XX.oem4 (.text:readIsrBinaryCallback)
                  200105c0    00000074                      : UARTCC32XX.oem4 (.text:UARTCC32XX_hwiIntFxn)
                  20010634    00000070     rtsv7M4_T_le_eabi.lib : memory.c.obj (.text:split)
                  200106a4    0000006e                           : _printfi.c.obj (.text:_mcpy)
                  20010712    0000006a     drivers_cc32xx.a : I2CCC32XX.oem4 (.text:I2CSupport_primeTransfer)
                  2001077c    00000068     gpiointerrupt.obj (.text:UART_init)
                  200107e4    00000068     rtsv7M4_T_le_eabi.lib : copy_decompress_lzss.c.obj (.text:decompress:lzss:__TI_decompress_lzss)
                  2001084c    00000068     gpiointerrupt.obj (.text:printDisplay)
                  200108b4    00000066     drivers_cc32xx.a : UARTCC32XX.oem4 (.text:UARTCC32XX_writeCancel)
                  2001091a    00000002     nortos_cc32xx.a : startup_cc32xx_ccs.oem4 (.text:busFaultHandler)
                  2001091c    00000064     drivers_cc32xx.a : PowerCC32XX.oem4 (.text:PowerCC32XX_setParkState)
                  20010980    00000062                      : UARTCC32XX.oem4 (.text:UARTCC32XX_writePolling)
                  200109e2    00000002     nortos_cc32xx.a : SemaphoreP_nortos.oem4 (.text:clkFxn)
                  200109e4    00000060     driverlib.a : prcm.obj (.text:PRCMSysResetCauseGet)
                  20010a44    0000005c     drivers_cc32xx.a : GPIOCC32XX.oem4 (.text:GPIO_setCallback)
                  20010aa0    0000005c     gpiointerrupt.obj (.text:UART_open)
                  20010afc    0000005c     rtsv7M4_T_le_eabi.lib : s_frexp.c.obj (.text:frexp)
                  20010b58    0000005c     nortos_cc32xx.a : ClockPSysTick_nortos.oem4 (.text:sysTickInit)
                  20010bb4    00000058     drivers_cc32xx.a : GPIOCC32XX.oem4 (.text:GPIO_write)
                  20010c0c    00000058     driverlib.a : prcm.obj (.text:PRCMPeripheralReset)
                  20010c64    00000058     drivers_cc32xx.a : PowerCC32XX.oem4 (.text:Power_releaseDependency)
                  20010cbc    00000056     rtsv7M4_T_le_eabi.lib : _printfi.c.obj (.text:_pconv_f)
                  20010d12    00000054                           : _ltoa.c.obj (.text:__TI_ltoa)
                  20010d66    00000002     nortos_cc32xx.a : startup_cc32xx_ccs.oem4 (.text:defaultHandler)
                  20010d68    00000054     gpiointerrupt.obj (.text:initTimer)
                  20010dbc    00000054     drivers_cc32xx.a : UARTCC32XX.oem4 (.text:ringBufGet)
                  20010e10    00000052                      : PowerCC32XX_asm.oem4 (.text:PowerCC32XX_resumeLPDS)
                  20010e62    00000052     rtsv7M4_T_le_eabi.lib : _printfi.c.obj (.text:_ecpy)
                  20010eb4    00000052     drivers_cc32xx.a : TimerCC32XX.oem4 (.text:initHw)
                  20010f06    00000002     nortos_cc32xx.a : startup_cc32xx_ccs.oem4 (.text:faultISR)
                  20010f08    00000050                     : ClockPSysTick_nortos.oem4 (.text:ClockP_sysTickHandler)
                  20010f58    00000050                     : SemaphoreP_nortos.oem4 (.text:SemaphoreP_construct)
                  20010fa8    00000050     drivers_cc32xx.a : TimerCC32XX.oem4 (.text:TimerCC32XX_allocateTimerResource)
                  20010ff8    0000004c                      : GPIOCC32XX.oem4 (.text:GPIO_enableInt)
                  20011044    0000004c                      : I2CCC32XX.oem4 (.text:I2CCC32XX_readRecieveFifo)
                  20011090    0000004c                      : PowerCC32XX.oem4 (.text:PowerCC32XX_parkPin)
                  200110dc    0000004c     rtsv7M4_T_le_eabi.lib : atoi.c.obj (.text:atoi)
                  20011128    0000004c     drivers_cc32xx.a : PowerCC32XX.oem4 (.text:restorePeriphClocks)
                  20011174    0000004c     rtsv7M4_T_le_eabi.lib : snprintf.c.obj (.text:snprintf)
                  200111c0    00000048     driverlib.a : flash.obj (.text:FlashDisable)
                  20011208    00000048                 : prcm.obj (.text:PRCMLPDSEnter)
                  20011250    00000048                 : prcm.obj (.text:PRCMPeripheralClkEnable)
                  20011298    00000048     drivers_cc32xx.a : PowerCC32XX.oem4 (.text:Power_releaseConstraint)
                  200112e0    00000048     gpiointerrupt.obj (.text:checkTemp)
                  20011328    00000048     rtsv7M4_T_le_eabi.lib : fd_toi_t2.asm.obj (.text)
                  20011370    00000046     drivers_cc32xx.a : RingBuf.oem4 (.text:RingBuf_put)
                  200113b6    00000046                      : TimerCC32XX.oem4 (.text:getPrescaler)
                  200113fc    00000044     nortos_cc32xx.a : ClockPSysTick_nortos.oem4 (.text:ClockP_stop)
                  20011440    00000044     driverlib.a : prcm.obj (.text:PRCMLPDSRestoreInfoSet)
                  20011484    00000044     drivers_cc32xx.a : PowerCC32XX_asm.oem4 (.text:PowerCC32XX_enterLPDS)
                  200114c8    00000044     nortos_cc32xx.a : SemaphoreP_nortos.oem4 (.text:SemaphoreP_post)
                  2001150c    00000044                     : SwiP_nortos.oem4 (.text:SwiP_restore)
                  20011550    00000044     drivers_cc32xx.a : Timer.oem4 (.text:Timer_start)
                  20011594    00000044     rtsv7M4_T_le_eabi.lib : autoinit.c.obj (.text:__TI_auto_init_nobinit_nopinit:__TI_auto_init_nobinit_nopinit)
                  200115d8    00000044     gpiointerrupt.obj (.text:initUART)
                  2001161c    00000040     nortos_cc32xx.a : ClockPSysTick_nortos.oem4 (.text:ClockP_construct)
                  2001165c    00000040     driverlib.a : pin.obj (.text:PinModeSet)
                  2001169c    00000040     drivers_cc32xx.a : RingBuf.oem4 (.text:RingBuf_get)
                  200116dc    00000040                      : TimerCC32XX.oem4 (.text:TimerSupport_timerEnable)
                  2001171c    00000040                      : TimerCC32XX.oem4 (.text:Timer_close)
                  2001175c    00000040                      : UARTCC32XX.oem4 (.text:UARTCC32XX_read)
                  2001179c    0000003e     rtsv7M4_T_le_eabi.lib : _printfi.c.obj (.text:_fcpy)
                  200117da    00000002     nortos_cc32xx.a : startup_cc32xx_ccs.oem4 (.text:nmiISR)
                  200117dc    0000003c                     : ClockPSysTick_nortos.oem4 (.text:ClockP_destruct)
                  20011818    0000003c     drivers_cc32xx.a : PowerCC32XX.oem4 (.text:Power_setConstraint)
                  20011854    0000003a     nortos_cc32xx.a : PowerCC32XX_nortos.oem4 (.text:getCountsRTC)
                  2001188e    00000002     rtsv7M4_T_le_eabi.lib : div0.asm.obj (.text)
                  20011890    00000038     driverlib.a : prcm.obj (.text:PRCMLPDSEnterKeepDebugIf)
                  200118c8    00000038     nortos_cc32xx.a : ClockPSysTick_nortos.oem4 (.text:addToList)
                  20011900    00000038                     : startup_cc32xx_ccs.oem4 (.text:initVectors)
                  20011938    00000038     drivers_cc32xx.a : PowerCC32XX.oem4 (.text:notify)
                  20011970    00000038     rtsv7M4_T_le_eabi.lib : fs_toi_t2.asm.obj (.text)
                  200119a8    00000038                           : i_tofs_t2.asm.obj (.text)
                  200119e0    00000036     driverlib.a : timer.obj (.text:TimerControlStall)
                  20011a16    00000036     drivers_cc32xx.a : Timer.oem4 (.text:Timer_stop)
                  20011a4c    00000036                      : UARTCC32XX.oem4 (.text:UARTCC32XX_readCancel)
                  20011a82    00000002     --HOLE-- [fill = 0]
                  20011a84    00000034     nortos_cc32xx.a : ClockPSysTick_nortos.oem4 (.text:ClockP_getTicksUntilInterrupt)
                  20011ab8    00000034                     : ClockPSysTick_nortos.oem4 (.text:ClockP_startup)
                  20011aec    00000034     driverlib.a : pin.obj (.text:PinModeGet)
                  20011b20    00000034     drivers_cc32xx.a : PowerCC32XX.oem4 (.text:PowerCC32XX_restoreParkState)
                  20011b54    00000034                      : TimerCC32XX.oem4 (.text:TimerCC32XX_freeTimerResource)
                  20011b88    00000034                      : TimerCC32XX.oem4 (.text:TimerCC32XX_hwiIntFunction)
                  20011bbc    00000034     gpiointerrupt.obj (.text:checkButton)
                  20011bf0    00000034     drivers_cc32xx.a : TimerCC32XX.oem4 (.text:getPowerMgrId)
                  20011c24    00000030     nortos_cc32xx.a : ClockPSysTick_nortos.oem4 (.text:ClockP_start)
                  20011c54    00000030     drivers_cc32xx.a : PowerCC32XX.oem4 (.text:PowerCC32XX_restoreParkedPin)
                  20011c84    00000030     rtsv7M4_T_le_eabi.lib : snprintf.c.obj (.text:_outs)
                  20011cb4    00000030     gpiointerrupt.obj (.text:checkTemperature)
                  20011ce4    0000002e     rtsv7M4_T_le_eabi.lib : i_tofd_t2.asm.obj (.text)
                  20011d12    00000002     --HOLE-- [fill = 0]
                  20011d14    0000002c     drivers_cc32xx.a : PowerCC32XX.oem4 (.text:PowerCC32XX_getParkState)
                  20011d40    0000002a     nortos_cc32xx.a : HwiPCC32XX_nortos.oem4 (.text:HwiP_create)
                  20011d6a    0000002a     driverlib.a : timer.obj (.text:TimerLoadSet)
                  20011d94    0000002a                 : timer.obj (.text:TimerPrescaleSet)
                  20011dbe    00000028                 : i2c.obj (.text:I2CFIFODataPutNonBlocking)
                  20011de6    00000002     --HOLE-- [fill = 0]
                  20011de8    00000028                 : prcm.obj (.text:PRCMPeripheralClkDisable)
                  20011e10    00000028     drivers_cc32xx.a : PowerCC32XX.oem4 (.text:Power_registerNotify)
                  20011e38    00000028     rtsv7M4_T_le_eabi.lib : memory.c.obj (.text:free_list_insert)
                  20011e60    00000026     driverlib.a : i2c.obj (.text:I2CFIFODataGetNonBlocking)
                  20011e86    00000026     drivers_cc32xx.a : I2C.oem4 (.text:I2C_cancel)
                  20011eac    00000026                      : List.oem4 (.text:List_put)
                  20011ed2    00000026                      : List.oem4 (.text:List_remove)
                  20011ef8    00000024     nortos_cc32xx.a : HwiPCC32XX_nortos.oem4 (.text:HwiP_dispatch)
                  20011f1c    00000024     drivers_cc32xx.a : PowerCC32XX.oem4 (.text:PowerCC32XX_reset)
                  20011f40    00000024                      : TimerCC32XX.oem4 (.text:TimerSupport_timerDisable)
                  20011f64    00000024     rtsv7M4_T_le_eabi.lib : boot_cortex_m.c.obj (.text:_c_int00_noargs:_c_int00_noargs)
                  20011f88    00000022     driverlib.a : i2c.obj (.text:I2CMasterSlaveAddrSet)
                  20011faa    00000020     nortos_cc32xx.a : HwiPCC32XX_nortos.oem4 (.text:HwiP_destruct)
                  20011fca    00000002     --HOLE-- [fill = 0]
                  20011fcc    00000020     drivers_cc32xx.a : PowerCC32XX.oem4 (.text:Power_unregisterNotify)
                  20011fec    00000020                      : RingBuf.oem4 (.text:RingBuf_peek)
                  2001200c    00000020                      : UARTCC32XX.oem4 (.text:getPowerMgrId)
                  2001202c    00000020     gpiointerrupt.obj (.text:toggleLED)
                  2001204c    0000001e     driverlib.a : i2c.obj (.text:I2CMasterIntStatusEx)
                  2001206a    0000001e     nortos_cc32xx.a : SemaphoreP_nortos.oem4 (.text:SemaphoreP_constructBinary)
                  20012088    0000001e     driverlib.a : timer.obj (.text:TimerDisable)
                  200120a6    0000001e                 : timer.obj (.text:TimerEnable)
                  200120c4    0000001c                 : pin.obj (.text:PinToPadGet)
                  200120e0    0000001c     nortos_cc32xx.a : SwiP_nortos.oem4 (.text:SwiP_disable)
                  200120fc    0000001c     gpiointerrupt.obj (.text:UART_Params_init)
                  20012118    0000001c     rtsv7M4_T_le_eabi.lib : memory.c.obj (.text:free_list_remove)
                  20012134    0000001c                           : memccpy.c.obj (.text:memccpy)
                  20012150    0000001a     nortos_cc32xx.a : ClockPSysTick_nortos.oem4 (.text:ClockP_create)
                  2001216a    0000001a                     : SemaphoreP_nortos.oem4 (.text:SemaphoreP_createBinary)
                  20012184    0000001a     gpiointerrupt.obj (.text:UART_read)
                  2001219e    0000001a     gpiointerrupt.obj (.text:UART_write)
                  200121b8    0000001a     nortos_cc32xx.a : startup_cc32xx_ccs.oem4 (.text:resetISR)
                  200121d2    00000018     driverlib.a : i2c.obj (.text:I2CMasterBusBusy)
                  200121ea    00000018                 : i2c.obj (.text:I2CMasterIntDisableEx)
                  20012202    00000018                 : i2c.obj (.text:I2CMasterIntEnableEx)
                  2001221a    00000018                 : i2c.obj (.text:I2CRxFIFOFlush)
                  20012232    00000018                 : i2c.obj (.text:I2CTxFIFOFlush)
                  2001224a    00000002     --HOLE-- [fill = 0]
                  2001224c    00000018     drivers_cc32xx.a : PowerCC32XX.oem4 (.text:Power_getTransitionLatency)
                  20012264    00000018                      : PowerCC32XX.oem4 (.text:Power_idleFunc)
                  2001227c    00000018     driverlib.a : timer.obj (.text:TimerIntDisable)
                  20012294    00000018                 : timer.obj (.text:TimerIntEnable)
                  200122ac    00000018                 : uart.obj (.text:UARTBusy)
                  200122c4    00000018                 : uart.obj (.text:UARTIntEnable)
                  200122dc    00000018     rtsv7M4_T_le_eabi.lib : snprintf.c.obj (.text:_outc)
                  200122f4    00000018     gpiointerrupt.obj (.text:gpioButtonFxn0)
                  2001230c    00000018     gpiointerrupt.obj (.text:gpioButtonFxn1)
                  20012324    00000018     rtsv7M4_T_le_eabi.lib : ll_mul_t2.asm.obj (.text)
                  2001233c    00000018     gpiointerrupt.obj (.text:timerCallback)
                  20012354    00000016     driverlib.a : i2c.obj (.text:I2CMasterBurstLengthSet)
                  2001236a    00000016                 : prcm.obj (.text:PRCMHIBRegRead)
                  20012380    00000016                 : prcm.obj (.text:PRCMHIBRegWrite)
                  20012396    00000016     nortos_cc32xx.a : SemaphoreP_nortos.oem4 (.text:SemaphoreP_create)
                  200123ac    00000016     rtsv7M4_T_le_eabi.lib : strchr.c.obj (.text:strchr)
                  200123c2    00000014     driverlib.a : cpu.obj (.text:CPUcpsid)
                  200123d6    00000002     --HOLE-- [fill = 0]
                  200123d8    00000014     nortos_cc32xx.a : HwiPCC32XX_nortos.oem4 (.text:HwiP_inISR)
                  200123ec    00000014     drivers_cc32xx.a : I2CCC32XX.oem4 (.text:I2CSupport_masterFinish)
                  20012400    00000014                      : I2C.oem4 (.text:I2C_transfer)
                  20012414    00000014     driverlib.a : interrupt.obj (.text:IntVTableBaseSet)
                  20012428    00000014     drivers_cc32xx.a : PowerCC32XX.oem4 (.text:Power_disablePolicy)
                  2001243c    00000014                      : PowerCC32XX.oem4 (.text:Power_getDependencyCount)
                  20012450    00000014                      : UARTCC32XX.oem4 (.text:releasePowerConstraint)
                  20012464    00000014     rtsv7M4_T_le_eabi.lib : strlen.c.obj (.text:strlen)
                  20012478    00000012     nortos_cc32xx.a : HwiPCC32XX_nortos.oem4 (.text:HwiP_Params_init)
                  2001248a    00000012     driverlib.a : i2c.obj (.text:I2CMasterIntClearEx)
                  2001249c    00000012     drivers_cc32xx.a : RingBuf.oem4 (.text:RingBuf_construct)
                  200124ae    00000012     driverlib.a : timer.obj (.text:TimerIntClear)
                  200124c0    00000012     main_nortos.obj (.text:main)
                  200124d2    00000012     rtsv7M4_T_le_eabi.lib : wcslen.c.obj (.text:wcslen)
                  200124e4    00000010     ti_drivers_config.obj (.text:Board_init)
                  200124f4    00000010     nortos_cc32xx.a : ClockPSysTick_nortos.oem4 (.text:ClockP_add)
                  20012504    00000010                     : ClockPSysTick_nortos.oem4 (.text:ClockP_delete)
                  20012514    00000010                     : ClockPSysTick_nortos.oem4 (.text:ClockP_getCpuFreq)
                  20012524    00000010                     : ClockPSysTick_nortos.oem4 (.text:ClockP_getSystemTicks)
                  20012534    00000010                     : ClockPSysTick_nortos.oem4 (.text:ClockP_setTicks)
                  20012544    00000010                     : HwiPCC32XX_nortos.oem4 (.text:HwiP_delete)
                  20012554    00000010                     : HwiPCC32XX_nortos.oem4 (.text:HwiP_restore)
                  20012564    00000010     driverlib.a : i2c.obj (.text:I2CFIFOStatus)
                  20012574    00000010     drivers_cc32xx.a : I2C.oem4 (.text:I2C_Params_init)
                  20012584    00000010                      : PowerCC32XX.oem4 (.text:Power_enablePolicy)
                  20012594    00000010     nortos_cc32xx.a : SemaphoreP_nortos.oem4 (.text:SemaphoreP_Params_init)
                  200125a4    00000010     drivers_cc32xx.a : Timer.oem4 (.text:Timer_Params_init)
                  200125b4    00000010                      : UARTCC32XX.oem4 (.text:readBlockingTimeout)
                  200125c4    0000000e     nortos_cc32xx.a : HwiPCC32XX_nortos.oem4 (.text:HwiP_clearInterrupt)
                  200125d2    0000000e                     : HwiPCC32XX_nortos.oem4 (.text:HwiP_disable)
                  200125e0    0000000e                     : HwiPCC32XX_nortos.oem4 (.text:HwiP_disableInterrupt)
                  200125ee    0000000e                     : HwiPCC32XX_nortos.oem4 (.text:HwiP_enable)
                  200125fc    0000000e                     : HwiPCC32XX_nortos.oem4 (.text:HwiP_enableInterrupt)
                  2001260a    0000000e     drivers_cc32xx.a : I2CCC32XX.oem4 (.text:I2CCC32XX_updateReg)
                  20012618    0000000e                      : RingBuf.oem4 (.text:RingBuf_isFull)
                  20012626    0000000e     rtsv7M4_T_le_eabi.lib : copy_decompress_none.c.obj (.text:decompress:none:__TI_decompress_none)
                  20012634    0000000c     drivers_cc32xx.a : I2CCC32XX.oem4 (.text:I2CCC32XX_postNotify)
                  20012640    0000000c                      : PowerCC32XX.oem4 (.text:Power_getConstraintMask)
                  2001264c    0000000c     rtsv7M4_T_le_eabi.lib : s_copysign.c.obj (.text:copysign)
                  20012658    0000000c                           : copy_zero_init.c.obj (.text:decompress:ZI:__TI_zero_init)
                  20012664    0000000c     drivers_cc32xx.a : TimerCC32XX.oem4 (.text:postNotifyFxn)
                  20012670    0000000c                      : UARTCC32XX.oem4 (.text:postNotifyFxn)
                  2001267c    0000000a     nortos_cc32xx.a : ClockPSysTick_nortos.oem4 (.text:ClockP_Params_init)
                  20012686    0000000a                     : ClockPSysTick_nortos.oem4 (.text:ClockP_isActive)
                  20012690    0000000a     driverlib.a : interrupt.obj (.text:IntMasterDisable)
                  2001269a    00000008     drivers_cc32xx.a : I2CCC32XX.oem4 (.text:I2CCC32XX_blockingCallback)
                  200126a2    00000002     --HOLE-- [fill = 0]
                  200126a4    00000008     rtsv7M4_T_le_eabi.lib : errno.c.obj (.text:__aeabi_errno_addr)
                  200126ac    00000008                           : memory.c.obj (.text:malloc)
                  200126b4    00000008     drivers_cc32xx.a : UARTCC32XX.oem4 (.text:readSemCallback)
                  200126bc    00000008                      : UARTCC32XX.oem4 (.text:writeSemCallback)
                  200126c4    00000006                      : I2CCC32XX.oem4 (.text:I2CSupport_powerRelConstraint)
                  200126ca    00000006                      : I2CCC32XX.oem4 (.text:I2CSupport_powerSetConstraint)
                  200126d0    00000006     driverlib.a : utils.obj (.text:UtilsDelay)
                  200126d6    00000004     nortos_cc32xx.a : ClockPSysTick_nortos.oem4 (.text:ClockP_setTimeout)
                  200126da    00000004                     : HwiPCC32XX_nortos.oem4 (.text:HwiP_post)
                  200126de    00000004                     : SemaphoreP_nortos.oem4 (.text:SemaphoreP_delete)
                  200126e2    00000004     rtsv7M4_T_le_eabi.lib : pre_init.c.obj (.text:_system_pre_init)
                  200126e6    00000004                           : exit.c.obj (.text:abort:abort)

.const     0    20012cac    00000516     
                  20012cac    00000101     rtsv7M4_T_le_eabi.lib : ctype.c.obj (.const:.string:_ctypes_)
                  20012dad    00000003     --HOLE-- [fill = 0]
                  20012db0    00000100     driverlib.a : pin.obj (.const:g_ulPinToPadMap)
                  20012eb0    000000a8                 : prcm.obj (.const:PRCM_PeriphRegsList)
                  20012f58    00000044     ti_drivers_config.obj (.const:PowerCC32XX_config)
                  20012f9c    00000028     drivers_cc32xx.a : UARTCC32XX.oem4 (.const:UARTCC32XX_fxnTable)
                  20012fc4    00000024     gpiointerrupt.obj (.const:UART_defaultParams)
                  20012fe8    00000024     ti_drivers_config.obj (.const:uartCC32XXHWAttrs0)
                  2001300c    00000021     drivers_cc32xx.a : GPIOCC32XX.oem4 (.const:.string:pinTable)
                  2001302d    00000003     --HOLE-- [fill = 0]
                  20013030    00000020                      : UARTCC32XX.oem4 (.const:staticFxnTable)
                  20013050    00000018     driverlib.a : interrupt.obj (.const:g_pulEnRegs)
                  20013068    00000018                 : interrupt.obj (.const:g_pulPendRegs)
                  20013080    00000018     gpiointerrupt.obj (.const:sensors)
                  20013098    00000014     gpiointerrupt.obj (.const:.string:$P$T0$1)
                  200130ac    00000014     ti_drivers_config.obj (.const:GPIOCC32XX_config)
                  200130c0    00000014     drivers_cc32xx.a : GPIOCC32XX.oem4 (.const:gpioBaseAddresses)
                  200130d4    00000014     ti_drivers_config.obj (.const:i2cCC32XXHWAttrs)
                  200130e8    00000014     drivers_cc32xx.a : UARTCC32XX.oem4 (.const:parityType)
                  200130fc    00000014                      : GPIOCC32XX.oem4 (.const:powerResources)
                  20013110    00000010                      : I2C.oem4 (.const:I2C_defaultParams)
                  20013120    00000010                      : I2CCC32XX.oem4 (.const:I2C_defaultParams)
                  20013130    00000010                      : UARTCC32XX.oem4 (.const:dataLength)
                  20013140    00000010     ti_drivers_config.obj (.const:timerCC32XXHWAttrs)
                  20013150    0000000c     gpiointerrupt.obj (.const:.string)
                  2001315c    0000000c     ti_drivers_config.obj (.const:UART_config)
                  20013168    0000000c     drivers_cc32xx.a : Timer.oem4 (.const:defaultParams)
                  20013174    0000000c                      : TimerCC32XX.oem4 (.const:defaultParams)
                  20013180    00000009     ti_drivers_config.obj (.const)
                  20013189    00000003     --HOLE-- [fill = 0]
                  2001318c    00000008     ti_drivers_config.obj (.const:I2C_config)
                  20013194    00000008     ti_drivers_config.obj (.const:Timer_config)
                  2001319c    00000008     drivers_cc32xx.a : GPIOCC32XX.oem4 (.const:outPinTypes)
                  200131a4    00000008                      : UARTCC32XX.oem4 (.const:stopBits)
                  200131ac    00000006                      : GPIOCC32XX.oem4 (.const:.string:interruptType)
                  200131b2    00000006                      : GPIOCC32XX.oem4 (.const:inPinTypes)
                  200131b8    00000006                      : GPIOCC32XX.oem4 (.const:outPinStrengths)
                  200131be    00000004                      : GPIOCC32XX.oem4 (.const:.string:portInterruptIds)

.cinit     0    20013620    000000f0     
                  20013620    000000c9     (.cinit..data.load) [load image, compression = lzss]
                  200136e9    00000003     --HOLE-- [fill = 0]
                  200136ec    0000000c     (__TI_handler_table)
                  200136f8    00000008     (.cinit..bss.load) [load image, compression = zero_init]
                  20013700    00000010     (__TI_cinit_table)

.init_array 
*          0    20004000    00000000     UNINITIALIZED

.ramVecs   0    20000000    0000030c     NOLOAD SECTION
                  20000000    0000030c     nortos_cc32xx.a : startup_cc32xx_ccs.oem4 (.ramVecs)

.stack     0    20003000    00001000     UNINITIALIZED
                  20003000    00000004     rtsv7M4_T_le_eabi.lib : boot_cortex_m.c.obj (.stack)
                  20003004    00000ffc     --HOLE--

.resetVecs 
*          0    20004000    00000040     
                  20004000    00000040     nortos_cc32xx.a : startup_cc32xx_ccs.oem4 (.resetVecs:retain)

.sysmem    0    20004040    00008000     UNINITIALIZED
                  20004040    00000010     rtsv7M4_T_le_eabi.lib : memory.c.obj (.sysmem)
                  20004050    00007ff0     --HOLE--

.data      0    200126ec    000005c0     UNINITIALIZED
                  200126ec    0000030c     nortos_cc32xx.a : HwiPCC32XX_nortos.oem4 (.data:HwiP_dispatchTable)
                  200129f8    0000016c     drivers_cc32xx.a : PowerCC32XX.oem4 (.data:PowerCC32XX_module)
                  20012b64    000000f8     ti_drivers_config.obj (.data:parkInfo)
                  20012c5c    0000000c     ti_drivers_config.obj (.data:gpioCallbackFunctions)
                  20012c68    0000000c     ti_drivers_config.obj (.data:gpioPinConfigs)
                  20012c74    00000009     drivers_cc32xx.a : GPIOCC32XX.oem4 (.data)
                  20012c7d    00000003     nortos_cc32xx.a : SemaphoreP_nortos.oem4 (.data)
                  20012c80    00000008     rtsv7M4_T_le_eabi.lib : _lock.c.obj (.data:$O1$$)
                  20012c88    00000008                           : memory.c.obj (.data:$O1$$)
                  20012c90    00000008     nortos_cc32xx.a : SemaphoreP_nortos.oem4 (.data:SemaphoreP_defaultParams)
                  20012c98    00000008                     : HwiPCC32XX_nortos.oem4 (.data)
                  20012ca0    00000005                     : ClockPSysTick_nortos.oem4 (.data)
                  20012ca5    00000002     gpiointerrupt.obj (.data)
                  20012ca7    00000001     --HOLE--
                  20012ca8    00000004     rtsv7M4_T_le_eabi.lib : errno.c.obj (.data)

.bss       0    200131c8    00000454     UNINITIALIZED
                  200131c8    0000012c     (.common:PowerCC32XX_contextSave)
                  200132f4    000000fc     (.common:i2cCC32XXObjects)
                  200133f0    00000084     (.common:timerCC32XXObjects)
                  20013474    00000084     (.common:uartCC32XXObjects0)
                  200134f8    00000040     (.common:output)
                  20013538    00000030     (.common:tasks)
                  20013568    00000020     drivers_cc32xx.a : GPIOCC32XX.oem4 (.bss:gpioCallbackInfo)
                  20013588    00000020     ti_drivers_config.obj (.bss:uartCC32XXRingBuffer0)
                  200135a8    00000020     (.common:i2cTransaction)
                  200135c8    00000014     drivers_cc32xx.a : GPIOCC32XX.oem4 (.bss:powerNotifyObj)
                  200135dc    00000004                      : GPIOCC32XX.oem4 (.bss)
                  200135e0    00000010     (.common:ClockP_ctrl)
                  200135f0    0000000d     nortos_cc32xx.a : SwiP_nortos.oem4 (.bss)
                  200135fd    00000001     (.common:heatToggle)
                  200135fe    00000002     (.common:temperature)
                  20013600    00000004                     : ClockPSysTick_nortos.oem4 (.bss)
                  20013604    00000004     drivers_cc32xx.a : TimerCC32XX.oem4 (.bss:timerState)
                  20013608    00000004     (.common:i2c)
                  2001360c    00000004     (.common:rxBuffer)
                  20013610    00000004     (.common:timer0)
                  20013614    00000004     (.common:txBuffer)
                  20013618    00000004     (.common:uart)

.log_data 
*          0    90000000    00000000     COPY SECTION

__llvm_prf_cnts 
*          0    20004000    00000000     UNINITIALIZED

MODULE SUMMARY

       Module                       code    ro data   rw data
       ------                       ----    -------   -------
    .\
       gpiointerrupt.obj            2216    92        169    
       main_nortos.obj              18      0         0      
    +--+----------------------------+-------+---------+---------+
       Total:                       2234    92        169    
                                                             
    .\syscfg\
       ti_drivers_config.obj        18      197       820    
    +--+----------------------------+-------+---------+---------+
       Total:                       18      197       820    
                                                             
    E:/ti/ccs1031/simplelink_cc32xx_sdk_5_10_00_02/kernel/nortos/lib/ccs/m4/nortos_cc32xx.a
       HwiPCC32XX_nortos.oem4       394     0         788    
       startup_cc32xx_ccs.oem4      90      64        780    
       ClockPSysTick_nortos.oem4    702     0         25     
       PowerCC32XX_nortos.oem4      472     0         0      
       SemaphoreP_nortos.oem4       410     0         11     
       SwiP_nortos.oem4             96      0         13     
    +--+----------------------------+-------+---------+---------+
       Total:                       2164    64        1617   
                                                             
    E:/ti/ccs1031/simplelink_cc32xx_sdk_5_10_00_02/source/ti/devices/cc32xx/driverlib/ccs/Release/driverlib.a
       prcm.obj                     1604    168       0      
       pin.obj                      280     256       0      
       interrupt.obj                334     48        0      
       i2c.obj                      318     0         0      
       timer.obj                    264     0         0      
       flash.obj                    72      0         0      
       uart.obj                     48      0         0      
       cpu.obj                      20      0         0      
       utils.obj                    6       0         0      
    +--+----------------------------+-------+---------+---------+
       Total:                       2946    472       0      
                                                             
    E:/ti/ccs1031/simplelink_cc32xx_sdk_5_10_00_02/source/ti/drivers/lib/ccs/m4/drivers_cc32xx.a
       UARTCC32XX.oem4              3466    116       0      
       PowerCC32XX.oem4             2432    0         664    
       I2CCC32XX.oem4               1452    16        0      
       GPIOCC32XX.oem4              1208    103       65     
       TimerCC32XX.oem4             876     12        4      
       I2C.oem4                     366     16        0      
       RingBuf.oem4                 198     0         0      
       Timer.oem4                   140     12        0      
       PowerCC32XX_asm.oem4         150     0         0      
       List.oem4                    76      0         0      
    +--+----------------------------+-------+---------+---------+
       Total:                       10364   275       733    
                                                             
    E:\ti\ccs1031\ccs\tools\compiler\ti-cgt-arm_20.2.5.LTS\lib\rtsv7M4_T_le_eabi.lib
       _printfi.c.obj               4835    0         0      
       memory.c.obj                 672     0         8      
       fd_add_t2.asm.obj            438     0         0      
       fd_div_t2.asm.obj            310     0         0      
       fd_cmp_t2.asm.obj            268     0         0      
       ctype.c.obj                  0       257       0      
       fd_mul_t2.asm.obj            252     0         0      
       s_scalbn.c.obj               208     0         0      
       memcpy_t2.asm.obj            156     0         0      
       ull_div_t2.asm.obj           150     0         0      
       snprintf.c.obj               148     0         0      
       fs_mul_t2.asm.obj            122     0         0      
       memset_t2.asm.obj            122     0         0      
       copy_decompress_lzss.c.obj   104     0         0      
       s_frexp.c.obj                92      0         0      
       _ltoa.c.obj                  84      0         0      
       atoi.c.obj                   76      0         0      
       fd_toi_t2.asm.obj            72      0         0      
       autoinit.c.obj               68      0         0      
       fs_toi_t2.asm.obj            56      0         0      
       i_tofs_t2.asm.obj            56      0         0      
       i_tofd_t2.asm.obj            46      0         0      
       boot_cortex_m.c.obj          36      0         0      
       memccpy.c.obj                28      0         0      
       ll_mul_t2.asm.obj            24      0         0      
       strchr.c.obj                 22      0         0      
       strlen.c.obj                 20      0         0      
       wcslen.c.obj                 18      0         0      
       copy_decompress_none.c.obj   14      0         0      
       copy_zero_init.c.obj         12      0         0      
       errno.c.obj                  8       0         4      
       s_copysign.c.obj             12      0         0      
       _lock.c.obj                  2       0         8      
       exit.c.obj                   4       0         0      
       pre_init.c.obj               4       0         0      
       div0.asm.obj                 2       0         0      
    +--+----------------------------+-------+---------+---------+
       Total:                       8541    257       20     
                                                             
       Heap:                        0       0         32768  
       Stack:                       0       0         4096   
       Linker Generated:            0       237       0      
    +--+----------------------------+-------+---------+---------+
       Grand Total:                 26267   1594      40223  


LINKER GENERATED COPY TABLES

__TI_cinit_table @ 20013700 records: 2, size/record: 8, table size: 16
	.data: load addr=20013620, load size=000000c9 bytes, run addr=200126ec, run size=000005c0 bytes, compression=lzss
	.bss: load addr=200136f8, load size=00000008 bytes, run addr=200131c8, run size=00000454 bytes, compression=zero_init


LINKER GENERATED HANDLER TABLE

__TI_handler_table @ 200136ec records: 3, size/record: 4, table size: 12
	index: 0, handler: __TI_decompress_lzss
	index: 1, handler: __TI_decompress_none
	index: 2, handler: __TI_zero_init


GLOBAL SYMBOLS: SORTED ALPHABETICALLY BY Name 

address   name                             
-------   ----                             
200124e5  Board_init                       
2000ca8f  Board_initHook                   
200126e7  C$$EXIT                          
20013180  CONFIG_GPIO_BUTTON_0_CONST       
20013181  CONFIG_GPIO_BUTTON_1_CONST       
20013182  CONFIG_GPIO_LED_0_CONST          
20013183  CONFIG_I2C_0_CONST               
20013185  CONFIG_TIMER_0_CONST             
20013187  CONFIG_UART_0_CONST              
200123c3  CPUcpsid                         
2001267d  ClockP_Params_init               
200124f5  ClockP_add                       
2001161d  ClockP_construct                 
20012151  ClockP_create                    
200135e0  ClockP_ctrl                      
20012505  ClockP_delete                    
200117dd  ClockP_destruct                  
20010f09  ClockP_doTick                    
20012515  ClockP_getCpuFreq                
20012525  ClockP_getSystemTicks            
20011a85  ClockP_getTicksUntilInterrupt    
20012687  ClockP_isActive                  
20012535  ClockP_setTicks                  
200126d7  ClockP_setTimeout                
20011c25  ClockP_start                     
20011ab9  ClockP_startup                   
200113fd  ClockP_stop                      
20010f09  ClockP_sysTickHandler            
20012ca0  ClockP_tickPeriod                
200111c1  FlashDisable                     
200130ac  GPIOCC32XX_config                
20010ff9  GPIO_enableInt                   
200104d1  GPIO_hwiIntFxn                   
2000f171  GPIO_init                        
20010a45  GPIO_setCallback                 
2000d811  GPIO_setConfig                   
20010bb5  GPIO_write                       
20012479  HwiP_Params_init                 
200125c5  HwiP_clearInterrupt              
2000feb5  HwiP_construct                   
20011d41  HwiP_create                      
20012545  HwiP_delete                      
20011fab  HwiP_destruct                    
200125d3  HwiP_disable                     
200125e1  HwiP_disableInterrupt            
20011ef9  HwiP_dispatch                    
200125ef  HwiP_enable                      
200125fd  HwiP_enableInterrupt             
200123d9  HwiP_inISR                       
20012c98  HwiP_key                         
200126db  HwiP_post                        
20012555  HwiP_restore                     
20012c9c  HwiP_swiPIntNum                  
20011e61  I2CFIFODataGetNonBlocking        
20011dbf  I2CFIFODataPutNonBlocking        
20012565  I2CFIFOStatus                    
20012355  I2CMasterBurstLengthSet          
200121d3  I2CMasterBusBusy                 
2001248b  I2CMasterIntClearEx              
200121eb  I2CMasterIntDisableEx            
20012203  I2CMasterIntEnableEx             
2001204d  I2CMasterIntStatusEx             
20011f89  I2CMasterSlaveAddrSet            
2001221b  I2CRxFIFOFlush                   
200123ed  I2CSupport_masterFinish          
200126c5  I2CSupport_powerRelConstraint    
200126cb  I2CSupport_powerSetConstraint    
20010713  I2CSupport_primeTransfer         
20012233  I2CTxFIFOFlush                   
20012575  I2C_Params_init                  
20011e87  I2C_cancel                       
2001318c  I2C_config                       
20013184  I2C_count                        
20013110  I2C_defaultParams                
2000dd77  I2C_init                         
2000ec05  I2C_open                         
20012401  I2C_transfer                     
2000e687  I2C_transferTimeout              
UNDEFED   ITM_flush                        
UNDEFED   ITM_restore                      
2000f889  IntEnable                        
20012691  IntMasterDisable                 
2000ff41  IntPendSet                       
20012415  IntVTableBaseSet                 
20011ead  List_put                         
20011ed3  List_remove                      
200125ef  NoRTOS_start                     
2000ca91  PRCMCC3200MCUInit                
2001236b  PRCMHIBRegRead                   
20012381  PRCMHIBRegWrite                  
20011209  PRCMLPDSEnter                    
20011891  PRCMLPDSEnterKeepDebugIf         
20011441  PRCMLPDSRestoreInfoSet           
20011de9  PRCMPeripheralClkDisable         
20011251  PRCMPeripheralClkEnable          
20010c0d  PRCMPeripheralReset              
200109e5  PRCMSysResetCauseGet             
2000ffc9  PinConfigSet                     
20011aed  PinModeGet                       
2001165d  PinModeSet                       
200120c5  PinToPadGet                      
20012f58  PowerCC32XX_config               
2000f931  PowerCC32XX_configureWakeup      
200131c8  PowerCC32XX_contextSave          
20011485  PowerCC32XX_enterLPDS            
20011d15  PowerCC32XX_getParkState         
2000eeef  PowerCC32XX_initPolicy           
200129f8  PowerCC32XX_module               
20011091  PowerCC32XX_parkPin              
20011f1d  PowerCC32XX_reset                
20011b21  PowerCC32XX_restoreParkState     
20011c55  PowerCC32XX_restoreParkedPin     
20010e11  PowerCC32XX_resumeLPDS           
2001091d  PowerCC32XX_setParkState         
2000dd79  PowerCC32XX_sleepPolicy          
20012429  Power_disablePolicy              
20012585  Power_enablePolicy               
20012641  Power_getConstraintMask          
2001243d  Power_getDependencyCount         
2001224d  Power_getTransitionLatency       
20012265  Power_idleFunc                   
2001015d  Power_init                       
20011e11  Power_registerNotify             
20011299  Power_releaseConstraint          
20010c65  Power_releaseDependency          
20011819  Power_setConstraint              
20010265  Power_setDependency              
2000e2e1  Power_sleep                      
20011fcd  Power_unregisterNotify           
2001249d  RingBuf_construct                
2001169d  RingBuf_get                      
20012619  RingBuf_isFull                   
20011fed  RingBuf_peek                     
20011371  RingBuf_put                      
20012595  SemaphoreP_Params_init           
20010f59  SemaphoreP_construct             
2001206b  SemaphoreP_constructBinary       
20012397  SemaphoreP_create                
2001216b  SemaphoreP_createBinary          
20012c90  SemaphoreP_defaultParams         
200126df  SemaphoreP_delete                
2000f16f  SemaphoreP_destruct              
2000fb1d  SemaphoreP_pend                  
200114c9  SemaphoreP_post                  
200120e1  SwiP_disable                     
2001150d  SwiP_restore                     
20010fa9  TimerCC32XX_allocateTimerResource
20011b55  TimerCC32XX_freeTimerResource    
200119e1  TimerControlStall                
20012089  TimerDisable                     
200120a7  TimerEnable                      
20012ca6  TimerFlag                        
200124af  TimerIntClear                    
2001227d  TimerIntDisable                  
20012295  TimerIntEnable                   
20011d6b  TimerLoadSet                     
20011d95  TimerPrescaleSet                 
20011f41  TimerSupport_timerDisable        
200116dd  TimerSupport_timerEnable         
200125a5  Timer_Params_init                
2001171d  Timer_close                      
20013194  Timer_config                     
20013186  Timer_count                      
2000f3af  Timer_init                       
2000e419  Timer_open                       
20011551  Timer_start                      
20011a17  Timer_stop                       
200122ad  UARTBusy                         
2000e7a9  UARTCC32XX_close                 
2000edfd  UARTCC32XX_control               
20012f9c  UARTCC32XX_fxnTable              
2000fe23  UARTCC32XX_init                  
2000cebd  UARTCC32XX_open                  
2001175d  UARTCC32XX_read                  
20011a4d  UARTCC32XX_readCancel            
2000f2f5  UARTCC32XX_readPolling           
2000f0a5  UARTCC32XX_write                 
200108b5  UARTCC32XX_writeCancel           
20010981  UARTCC32XX_writePolling          
200122c5  UARTIntEnable                    
200120fd  UART_Params_init                 
2001315c  UART_config                      
20013188  UART_count                       
20012fc4  UART_defaultParams               
2001077d  UART_init                        
20010aa1  UART_open                        
20012185  UART_read                        
2001219f  UART_write                       
200126d1  UtilsDelay                       
20004000  __STACK_END                      
00001000  __STACK_SIZE                     
00008000  __SYSMEM_SIZE                    
20013700  __TI_CINIT_Base                  
20013710  __TI_CINIT_Limit                 
200136ec  __TI_Handler_Table_Base          
200136f8  __TI_Handler_Table_Limit         
20011595  __TI_auto_init_nobinit_nopinit   
200107e5  __TI_decompress_lzss             
20012627  __TI_decompress_none             
20010d13  __TI_ltoa                        
ffffffff  __TI_pprof_out_hndl              
2000c041  __TI_printfi                     
ffffffff  __TI_prof_data_size              
ffffffff  __TI_prof_data_start             
20013620  __TI_static_base__               
20012659  __TI_zero_init                   
20010051  __aeabi_cdcmpeq                  
20010051  __aeabi_cdcmple                  
200100d7  __aeabi_cdrcmple                 
20011329  __aeabi_d2iz                     
2000dbcb  __aeabi_dadd                     
2000e551  __aeabi_ddiv                     
2000ed01  __aeabi_dmul                     
2000dbc1  __aeabi_dsub                     
200126a5  __aeabi_errno_addr               
20011971  __aeabi_f2iz                     
200103db  __aeabi_fmul                     
20011ce5  __aeabi_i2d                      
200119a9  __aeabi_i2f                      
2001188f  __aeabi_idiv0                    
2001188f  __aeabi_ldiv0                    
20012325  __aeabi_lmul                     
20010455  __aeabi_memclr                   
20010455  __aeabi_memclr4                  
20010455  __aeabi_memclr8                  
2000fc59  __aeabi_memcpy                   
2000fc59  __aeabi_memcpy4                  
2000fc59  __aeabi_memcpy8                  
20010457  __aeabi_memset                   
20010457  __aeabi_memset4                  
20010457  __aeabi_memset8                  
2000fd8d  __aeabi_uldivmod                 
ffffffff  __binit__                        
ffffffff  __c_args__                       
UNDEFED   __mpu_init                       
20003000  __stack                          
20004000  __start___llvm_prf_cnts          
20004000  __stop___llvm_prf_cnts           
20011f65  _c_int00_noargs                  
20012cac  _ctypes_                         
20012c80  _lock                            
200104cf  _nop                             
20004040  _sys_memory                      
UNDEFED   _system_post_cinit               
200126e3  _system_pre_init                 
20012c84  _unlock                          
200126e7  abort                            
2000eb05  aligned_alloc                    
200110dd  atoi                             
ffffffff  binit                            
20011bbd  checkButton                      
200112e1  checkTemp                        
20011cb5  checkTemperature                 
200109e3  clkFxn                           
2001264d  copysign                         
2001264d  copysignl                        
20012ca8  errno                            
2000eef1  free                             
20010afd  frexp                            
20010afd  frexpl                           
200122f5  gpioButtonFxn0                   
2001230d  gpioButtonFxn1                   
20012c5c  gpioCallbackFunctions            
20012c68  gpioPinConfigs                   
200135fd  heatToggle                       
20013608  i2c                              
200130d4  i2cCC32XXHWAttrs                 
200132f4  i2cCC32XXObjects                 
200135a8  i2cTransaction                   
200131b2  inPinTypes                       
2000d3ad  initI2C                          
20010d69  initTimer                        
200115d9  initUART                         
20011901  initVectors                      
2000efd5  ldexp                            
2000efd5  ldexpl                           
200124c1  main                             
2000d5fd  mainThread                       
200126ad  malloc                           
2000eb05  memalign                         
20012135  memccpy                          
2000fc59  memcpy                           
2001045d  memset                           
200131b8  outPinStrengths                  
2001319c  outPinTypes                      
200134f8  output                           
20012b64  parkInfo                         
2001084d  printDisplay                     
2000e9e9  readTemp                         
200121b9  resetISR                         
200121cc  resetVectorAddr                  
20004000  resetVectors                     
2001360c  rxBuffer                         
2000efd5  scalbn                           
2000efd5  scalbnl                          
20011175  snprintf                         
200123ad  strchr                           
20012465  strlen                           
20013538  tasks                            
200135fe  temperature                      
20013610  timer0                           
20013140  timerCC32XXHWAttrs               
200133f0  timerCC32XXObjects               
2001233d  timerCallback                    
2001202d  toggleLED                        
20013614  txBuffer                         
20013618  uart                             
20013474  uartCC32XXObjects0               
200124d3  wcslen                           


GLOBAL SYMBOLS: SORTED BY Symbol Address 

address   name                             
-------   ----                             
00001000  __STACK_SIZE                     
00008000  __SYSMEM_SIZE                    
20003000  __stack                          
20004000  __STACK_END                      
20004000  __start___llvm_prf_cnts          
20004000  __stop___llvm_prf_cnts           
20004000  resetVectors                     
20004040  _sys_memory                      
2000c041  __TI_printfi                     
2000ca8f  Board_initHook                   
2000ca91  PRCMCC3200MCUInit                
2000cebd  UARTCC32XX_open                  
2000d3ad  initI2C                          
2000d5fd  mainThread                       
2000d811  GPIO_setConfig                   
2000dbc1  __aeabi_dsub                     
2000dbcb  __aeabi_dadd                     
2000dd77  I2C_init                         
2000dd79  PowerCC32XX_sleepPolicy          
2000e2e1  Power_sleep                      
2000e419  Timer_open                       
2000e551  __aeabi_ddiv                     
2000e687  I2C_transferTimeout              
2000e7a9  UARTCC32XX_close                 
2000e9e9  readTemp                         
2000eb05  aligned_alloc                    
2000eb05  memalign                         
2000ec05  I2C_open                         
2000ed01  __aeabi_dmul                     
2000edfd  UARTCC32XX_control               
2000eeef  PowerCC32XX_initPolicy           
2000eef1  free                             
2000efd5  ldexp                            
2000efd5  ldexpl                           
2000efd5  scalbn                           
2000efd5  scalbnl                          
2000f0a5  UARTCC32XX_write                 
2000f16f  SemaphoreP_destruct              
2000f171  GPIO_init                        
2000f2f5  UARTCC32XX_readPolling           
2000f3af  Timer_init                       
2000f889  IntEnable                        
2000f931  PowerCC32XX_configureWakeup      
2000fb1d  SemaphoreP_pend                  
2000fc59  __aeabi_memcpy                   
2000fc59  __aeabi_memcpy4                  
2000fc59  __aeabi_memcpy8                  
2000fc59  memcpy                           
2000fd8d  __aeabi_uldivmod                 
2000fe23  UARTCC32XX_init                  
2000feb5  HwiP_construct                   
2000ff41  IntPendSet                       
2000ffc9  PinConfigSet                     
20010051  __aeabi_cdcmpeq                  
20010051  __aeabi_cdcmple                  
200100d7  __aeabi_cdrcmple                 
2001015d  Power_init                       
20010265  Power_setDependency              
200103db  __aeabi_fmul                     
20010455  __aeabi_memclr                   
20010455  __aeabi_memclr4                  
20010455  __aeabi_memclr8                  
20010457  __aeabi_memset                   
20010457  __aeabi_memset4                  
20010457  __aeabi_memset8                  
2001045d  memset                           
200104cf  _nop                             
200104d1  GPIO_hwiIntFxn                   
20010713  I2CSupport_primeTransfer         
2001077d  UART_init                        
200107e5  __TI_decompress_lzss             
2001084d  printDisplay                     
200108b5  UARTCC32XX_writeCancel           
2001091d  PowerCC32XX_setParkState         
20010981  UARTCC32XX_writePolling          
200109e3  clkFxn                           
200109e5  PRCMSysResetCauseGet             
20010a45  GPIO_setCallback                 
20010aa1  UART_open                        
20010afd  frexp                            
20010afd  frexpl                           
20010bb5  GPIO_write                       
20010c0d  PRCMPeripheralReset              
20010c65  Power_releaseDependency          
20010d13  __TI_ltoa                        
20010d69  initTimer                        
20010e11  PowerCC32XX_resumeLPDS           
20010f09  ClockP_doTick                    
20010f09  ClockP_sysTickHandler            
20010f59  SemaphoreP_construct             
20010fa9  TimerCC32XX_allocateTimerResource
20010ff9  GPIO_enableInt                   
20011091  PowerCC32XX_parkPin              
200110dd  atoi                             
20011175  snprintf                         
200111c1  FlashDisable                     
20011209  PRCMLPDSEnter                    
20011251  PRCMPeripheralClkEnable          
20011299  Power_releaseConstraint          
200112e1  checkTemp                        
20011329  __aeabi_d2iz                     
20011371  RingBuf_put                      
200113fd  ClockP_stop                      
20011441  PRCMLPDSRestoreInfoSet           
20011485  PowerCC32XX_enterLPDS            
200114c9  SemaphoreP_post                  
2001150d  SwiP_restore                     
20011551  Timer_start                      
20011595  __TI_auto_init_nobinit_nopinit   
200115d9  initUART                         
2001161d  ClockP_construct                 
2001165d  PinModeSet                       
2001169d  RingBuf_get                      
200116dd  TimerSupport_timerEnable         
2001171d  Timer_close                      
2001175d  UARTCC32XX_read                  
200117dd  ClockP_destruct                  
20011819  Power_setConstraint              
2001188f  __aeabi_idiv0                    
2001188f  __aeabi_ldiv0                    
20011891  PRCMLPDSEnterKeepDebugIf         
20011901  initVectors                      
20011971  __aeabi_f2iz                     
200119a9  __aeabi_i2f                      
200119e1  TimerControlStall                
20011a17  Timer_stop                       
20011a4d  UARTCC32XX_readCancel            
20011a85  ClockP_getTicksUntilInterrupt    
20011ab9  ClockP_startup                   
20011aed  PinModeGet                       
20011b21  PowerCC32XX_restoreParkState     
20011b55  TimerCC32XX_freeTimerResource    
20011bbd  checkButton                      
20011c25  ClockP_start                     
20011c55  PowerCC32XX_restoreParkedPin     
20011cb5  checkTemperature                 
20011ce5  __aeabi_i2d                      
20011d15  PowerCC32XX_getParkState         
20011d41  HwiP_create                      
20011d6b  TimerLoadSet                     
20011d95  TimerPrescaleSet                 
20011dbf  I2CFIFODataPutNonBlocking        
20011de9  PRCMPeripheralClkDisable         
20011e11  Power_registerNotify             
20011e61  I2CFIFODataGetNonBlocking        
20011e87  I2C_cancel                       
20011ead  List_put                         
20011ed3  List_remove                      
20011ef9  HwiP_dispatch                    
20011f1d  PowerCC32XX_reset                
20011f41  TimerSupport_timerDisable        
20011f65  _c_int00_noargs                  
20011f89  I2CMasterSlaveAddrSet            
20011fab  HwiP_destruct                    
20011fcd  Power_unregisterNotify           
20011fed  RingBuf_peek                     
2001202d  toggleLED                        
2001204d  I2CMasterIntStatusEx             
2001206b  SemaphoreP_constructBinary       
20012089  TimerDisable                     
200120a7  TimerEnable                      
200120c5  PinToPadGet                      
200120e1  SwiP_disable                     
200120fd  UART_Params_init                 
20012135  memccpy                          
20012151  ClockP_create                    
2001216b  SemaphoreP_createBinary          
20012185  UART_read                        
2001219f  UART_write                       
200121b9  resetISR                         
200121cc  resetVectorAddr                  
200121d3  I2CMasterBusBusy                 
200121eb  I2CMasterIntDisableEx            
20012203  I2CMasterIntEnableEx             
2001221b  I2CRxFIFOFlush                   
20012233  I2CTxFIFOFlush                   
2001224d  Power_getTransitionLatency       
20012265  Power_idleFunc                   
2001227d  TimerIntDisable                  
20012295  TimerIntEnable                   
200122ad  UARTBusy                         
200122c5  UARTIntEnable                    
200122f5  gpioButtonFxn0                   
2001230d  gpioButtonFxn1                   
20012325  __aeabi_lmul                     
2001233d  timerCallback                    
20012355  I2CMasterBurstLengthSet          
2001236b  PRCMHIBRegRead                   
20012381  PRCMHIBRegWrite                  
20012397  SemaphoreP_create                
200123ad  strchr                           
200123c3  CPUcpsid                         
200123d9  HwiP_inISR                       
200123ed  I2CSupport_masterFinish          
20012401  I2C_transfer                     
20012415  IntVTableBaseSet                 
20012429  Power_disablePolicy              
2001243d  Power_getDependencyCount         
20012465  strlen                           
20012479  HwiP_Params_init                 
2001248b  I2CMasterIntClearEx              
2001249d  RingBuf_construct                
200124af  TimerIntClear                    
200124c1  main                             
200124d3  wcslen                           
200124e5  Board_init                       
200124f5  ClockP_add                       
20012505  ClockP_delete                    
20012515  ClockP_getCpuFreq                
20012525  ClockP_getSystemTicks            
20012535  ClockP_setTicks                  
20012545  HwiP_delete                      
20012555  HwiP_restore                     
20012565  I2CFIFOStatus                    
20012575  I2C_Params_init                  
20012585  Power_enablePolicy               
20012595  SemaphoreP_Params_init           
200125a5  Timer_Params_init                
200125c5  HwiP_clearInterrupt              
200125d3  HwiP_disable                     
200125e1  HwiP_disableInterrupt            
200125ef  HwiP_enable                      
200125ef  NoRTOS_start                     
200125fd  HwiP_enableInterrupt             
20012619  RingBuf_isFull                   
20012627  __TI_decompress_none             
20012641  Power_getConstraintMask          
2001264d  copysign                         
2001264d  copysignl                        
20012659  __TI_zero_init                   
2001267d  ClockP_Params_init               
20012687  ClockP_isActive                  
20012691  IntMasterDisable                 
200126a5  __aeabi_errno_addr               
200126ad  malloc                           
200126c5  I2CSupport_powerRelConstraint    
200126cb  I2CSupport_powerSetConstraint    
200126d1  UtilsDelay                       
200126d7  ClockP_setTimeout                
200126db  HwiP_post                        
200126df  SemaphoreP_delete                
200126e3  _system_pre_init                 
200126e7  C$$EXIT                          
200126e7  abort                            
200129f8  PowerCC32XX_module               
20012b64  parkInfo                         
20012c5c  gpioCallbackFunctions            
20012c68  gpioPinConfigs                   
20012c80  _lock                            
20012c84  _unlock                          
20012c90  SemaphoreP_defaultParams         
20012c98  HwiP_key                         
20012c9c  HwiP_swiPIntNum                  
20012ca0  ClockP_tickPeriod                
20012ca6  TimerFlag                        
20012ca8  errno                            
20012cac  _ctypes_                         
20012f58  PowerCC32XX_config               
20012f9c  UARTCC32XX_fxnTable              
20012fc4  UART_defaultParams               
200130ac  GPIOCC32XX_config                
200130d4  i2cCC32XXHWAttrs                 
20013110  I2C_defaultParams                
20013140  timerCC32XXHWAttrs               
2001315c  UART_config                      
20013180  CONFIG_GPIO_BUTTON_0_CONST       
20013181  CONFIG_GPIO_BUTTON_1_CONST       
20013182  CONFIG_GPIO_LED_0_CONST          
20013183  CONFIG_I2C_0_CONST               
20013184  I2C_count                        
20013185  CONFIG_TIMER_0_CONST             
20013186  Timer_count                      
20013187  CONFIG_UART_0_CONST              
20013188  UART_count                       
2001318c  I2C_config                       
20013194  Timer_config                     
2001319c  outPinTypes                      
200131b2  inPinTypes                       
200131b8  outPinStrengths                  
200131c8  PowerCC32XX_contextSave          
200132f4  i2cCC32XXObjects                 
200133f0  timerCC32XXObjects               
20013474  uartCC32XXObjects0               
200134f8  output                           
20013538  tasks                            
200135a8  i2cTransaction                   
200135e0  ClockP_ctrl                      
200135fd  heatToggle                       
200135fe  temperature                      
20013608  i2c                              
2001360c  rxBuffer                         
20013610  timer0                           
20013614  txBuffer                         
20013618  uart                             
20013620  __TI_static_base__               
200136ec  __TI_Handler_Table_Base          
200136f8  __TI_Handler_Table_Limit         
20013700  __TI_CINIT_Base                  
20013710  __TI_CINIT_Limit                 
ffffffff  __TI_pprof_out_hndl              
ffffffff  __TI_prof_data_size              
ffffffff  __TI_prof_data_start             
ffffffff  __binit__                        
ffffffff  __c_args__                       
ffffffff  binit                            
UNDEFED   ITM_flush                        
UNDEFED   ITM_restore                      
UNDEFED   __mpu_init                       
UNDEFED   _system_post_cinit               

[309 symbols]
